Archive member included to satisfy reference by file (symbol)

/usr/lib/gcc/arm-none-eabi/10.3.1/thumb/v6-m/nofp/libgcc.a(_dvmd_tls.o)
                              CMakeFiles/macropad1.dir/home/menadue/pico/pico-sdk/src/rp2_common/pico_divider/divider_hardware.S.obj (__aeabi_idiv0)
/usr/lib/gcc/arm-none-eabi/10.3.1/../../../arm-none-eabi/lib/thumb/v6-m/nofp/libg.a(lib_a-atexit.o)
                              /usr/lib/gcc/arm-none-eabi/10.3.1/../../../arm-none-eabi/lib/thumb/v6-m/nofp/crt0.o (atexit)
/usr/lib/gcc/arm-none-eabi/10.3.1/../../../arm-none-eabi/lib/thumb/v6-m/nofp/libg.a(lib_a-calloc.o)
                              CMakeFiles/macropad1.dir/home/menadue/pico/pico-sdk/src/rp2_common/pico_malloc/malloc.c.obj (calloc)
/usr/lib/gcc/arm-none-eabi/10.3.1/../../../arm-none-eabi/lib/thumb/v6-m/nofp/libg.a(lib_a-callocr.o)
                              /usr/lib/gcc/arm-none-eabi/10.3.1/../../../arm-none-eabi/lib/thumb/v6-m/nofp/libg.a(lib_a-calloc.o) (_calloc_r)
/usr/lib/gcc/arm-none-eabi/10.3.1/../../../arm-none-eabi/lib/thumb/v6-m/nofp/libg.a(lib_a-fini.o)
                              /usr/lib/gcc/arm-none-eabi/10.3.1/../../../arm-none-eabi/lib/thumb/v6-m/nofp/crt0.o (__libc_fini_array)
/usr/lib/gcc/arm-none-eabi/10.3.1/../../../arm-none-eabi/lib/thumb/v6-m/nofp/libg.a(lib_a-impure.o)
                              /usr/lib/gcc/arm-none-eabi/10.3.1/../../../arm-none-eabi/lib/thumb/v6-m/nofp/libg.a(lib_a-calloc.o) (_impure_ptr)
/usr/lib/gcc/arm-none-eabi/10.3.1/../../../arm-none-eabi/lib/thumb/v6-m/nofp/libg.a(lib_a-init.o)
                              /usr/lib/gcc/arm-none-eabi/10.3.1/../../../arm-none-eabi/lib/thumb/v6-m/nofp/crt0.o (__libc_init_array)
/usr/lib/gcc/arm-none-eabi/10.3.1/../../../arm-none-eabi/lib/thumb/v6-m/nofp/libg.a(lib_a-lcltime_r.o)
                              CMakeFiles/macropad1.dir/home/menadue/pico/pico-sdk/src/common/pico_util/datetime.c.obj (localtime_r)
/usr/lib/gcc/arm-none-eabi/10.3.1/../../../arm-none-eabi/lib/thumb/v6-m/nofp/libg.a(lib_a-malloc.o)
                              CMakeFiles/macropad1.dir/home/menadue/pico/pico-sdk/src/rp2_common/pico_malloc/malloc.c.obj (malloc)
/usr/lib/gcc/arm-none-eabi/10.3.1/../../../arm-none-eabi/lib/thumb/v6-m/nofp/libg.a(lib_a-mallocr.o)
                              /usr/lib/gcc/arm-none-eabi/10.3.1/../../../arm-none-eabi/lib/thumb/v6-m/nofp/libg.a(lib_a-callocr.o) (_malloc_r)
/usr/lib/gcc/arm-none-eabi/10.3.1/../../../arm-none-eabi/lib/thumb/v6-m/nofp/libg.a(lib_a-memcmp.o)
                              CMakeFiles/macropad1.dir/home/menadue/pico/pico-sdk/src/rp2_common/pico_atomic/atomic.c.obj (memcmp)
/usr/lib/gcc/arm-none-eabi/10.3.1/../../../arm-none-eabi/lib/thumb/v6-m/nofp/libg.a(lib_a-memmove.o)
                              CMakeFiles/macropad1.dir/home/menadue/pico/pico-sdk/lib/tinyusb/src/class/msc/msc_device.c.obj (memmove)
/usr/lib/gcc/arm-none-eabi/10.3.1/../../../arm-none-eabi/lib/thumb/v6-m/nofp/libg.a(lib_a-mktime.o)
                              CMakeFiles/macropad1.dir/home/menadue/pico/pico-sdk/src/common/pico_util/datetime.c.obj (mktime)
/usr/lib/gcc/arm-none-eabi/10.3.1/../../../arm-none-eabi/lib/thumb/v6-m/nofp/libg.a(lib_a-mlock.o)
                              /usr/lib/gcc/arm-none-eabi/10.3.1/../../../arm-none-eabi/lib/thumb/v6-m/nofp/libg.a(lib_a-mallocr.o) (__malloc_lock)
/usr/lib/gcc/arm-none-eabi/10.3.1/../../../arm-none-eabi/lib/thumb/v6-m/nofp/libg.a(lib_a-month_lengths.o)
                              /usr/lib/gcc/arm-none-eabi/10.3.1/../../../arm-none-eabi/lib/thumb/v6-m/nofp/libg.a(lib_a-lcltime_r.o) (__month_lengths)
/usr/lib/gcc/arm-none-eabi/10.3.1/../../../arm-none-eabi/lib/thumb/v6-m/nofp/libg.a(lib_a-realloc.o)
                              CMakeFiles/macropad1.dir/home/menadue/pico/pico-sdk/src/rp2_common/pico_malloc/malloc.c.obj (realloc)
/usr/lib/gcc/arm-none-eabi/10.3.1/../../../arm-none-eabi/lib/thumb/v6-m/nofp/libg.a(lib_a-reallocr.o)
                              /usr/lib/gcc/arm-none-eabi/10.3.1/../../../arm-none-eabi/lib/thumb/v6-m/nofp/libg.a(lib_a-realloc.o) (_realloc_r)
/usr/lib/gcc/arm-none-eabi/10.3.1/../../../arm-none-eabi/lib/thumb/v6-m/nofp/libg.a(lib_a-sbrkr.o)
                              /usr/lib/gcc/arm-none-eabi/10.3.1/../../../arm-none-eabi/lib/thumb/v6-m/nofp/libg.a(lib_a-mallocr.o) (_sbrk_r)
/usr/lib/gcc/arm-none-eabi/10.3.1/../../../arm-none-eabi/lib/thumb/v6-m/nofp/libg.a(lib_a-strlen-stub.o)
                              CMakeFiles/macropad1.dir/usb_descriptors.c.obj (strlen)
/usr/lib/gcc/arm-none-eabi/10.3.1/../../../arm-none-eabi/lib/thumb/v6-m/nofp/libg.a(lib_a-tzcalc_limits.o)
                              /usr/lib/gcc/arm-none-eabi/10.3.1/../../../arm-none-eabi/lib/thumb/v6-m/nofp/libg.a(lib_a-lcltime_r.o) (__tzcalc_limits)
/usr/lib/gcc/arm-none-eabi/10.3.1/../../../arm-none-eabi/lib/thumb/v6-m/nofp/libg.a(lib_a-tzlock.o)
[...]
Memory Configuration

Name             Origin             Length             Attributes
FLASH            0x0000000010000000 0x0000000000200000 xr
RAM              0x0000000020000000 0x0000000000040000 xrw
SCRATCH_X        0x0000000020040000 0x0000000000001000 xrw
SCRATCH_Y        0x0000000020041000 0x0000000000001000 xrw
*default*        0x0000000000000000 0xffffffffffffffff

Linker script and memory map

LOAD /usr/lib/gcc/arm-none-eabi/10.3.1/thumb/v6-m/nofp/crti.o
LOAD /usr/lib/gcc/arm-none-eabi/10.3.1/thumb/v6-m/nofp/crtbegin.o
LOAD /usr/lib/gcc/arm-none-eabi/10.3.1/../../../arm-none-eabi/lib/thumb/v6-m/nofp/crt0.o

.flash_begin    0x0000000010000000        0x0
                0x0000000010000000                __flash_binary_start = .

.boot2          0x0000000010000000      0x100
                0x0000000010000000                __boot2_start__ = .
 *(.boot2)
 .boot2         0x0000000010000000      0x100 /tmp/ccSW5UZ7.o
                0x0000000010000100                __boot2_end__ = .
                0x0000000000000001                ASSERT (((__boot2_end__ - __boot2_start__) == 0x100), ERROR: Pico second stage bootloader must be 256 bytes in size)

.text           0x0000000010000100     0x8c24
                0x0000000010000100                __logical_binary_start = .
 *(.vectors)
 .vectors       0x0000000010000100       0xd4 CMakeFiles/macropad1.dir/home/menadue/pico/pico-sdk/src/rp2_common/pico_crt0/crt0.S.obj
                0x0000000010000100                __vectors
                0x0000000010000100                __VECTOR_TABLE
                0x00000000100001c0                isr_invalid
                0x00000000100001c0                __default_isrs_start
                0x00000000100001c2                isr_nmi
                0x00000000100001c4                isr_hardfault
                0x00000000100001c6                isr_svcall
                0x00000000100001c8                isr_pendsv
                0x00000000100001ca                isr_systick
                0x00000000100001cc                isr_irq30
                0x00000000100001cc                __unhandled_user_irq
                0x00000000100001cc                isr_irq13
                0x00000000100001cc                isr_irq27
                0x00000000100001cc                isr_irq31
                0x00000000100001cc                isr_irq5
                0x00000000100001cc                isr_irq11
                0x00000000100001cc                isr_irq23
                0x00000000100001cc                isr_irq18
                0x00000000100001cc                isr_irq28
                0x00000000100001cc                isr_irq19
                0x00000000100001cc                isr_irq0
                0x00000000100001cc                isr_irq6
                0x00000000100001cc                isr_irq22
                0x00000000100001cc                isr_irq17
                0x00000000100001cc                isr_irq14
                0x00000000100001cc                isr_irq2
                0x00000000100001cc                isr_irq10
                0x00000000100001cc                isr_irq8
                0x00000000100001cc                isr_irq24
                0x00000000100001cc                isr_irq1
                0x00000000100001cc                isr_irq7
                0x00000000100001cc                isr_irq21
                0x00000000100001cc                isr_irq20
                0x00000000100001cc                isr_irq15
                0x00000000100001cc                isr_irq25
                0x00000000100001cc                isr_irq4
                0x00000000100001cc                isr_irq16
                0x00000000100001cc                isr_irq29
                0x00000000100001cc                isr_irq26
                0x00000000100001cc                __default_isrs_end
                0x00000000100001cc                isr_irq3
                0x00000000100001cc                isr_irq12
                0x00000000100001cc                isr_irq9
                0x00000000100001d2                unhandled_user_irq_num_in_r0
 *(.binary_info_header)
 .binary_info_header
                0x00000000100001d4       0x14 CMakeFiles/macropad1.dir/home/menadue/pico/pico-sdk/src/rp2_common/pico_crt0/crt0.S.obj
                0x00000000100001e8                __binary_info_header_end = .
 *(.embedded_block)
                0x00000000100001e8                __embedded_block_end = .
 *(.reset)
 .reset         0x00000000100001e8       0x9c CMakeFiles/macropad1.dir/home/menadue/pico/pico-sdk/src/rp2_common/pico_crt0/crt0.S.obj
                0x00000000100001e8                _entry_point
 *(.init)
 .init          0x0000000010000284        0x4 /usr/lib/gcc/arm-none-eabi/10.3.1/thumb/v6-m/nofp/crti.o
                0x0000000010000284                _init
 *(EXCLUDE_FILE(*libm.a: *libc.a:*lib_a-mem*.o *libgcc.a:) .text*)
 .text          0x0000000010000288       0x98 /usr/lib/gcc/arm-none-eabi/10.3.1/thumb/v6-m/nofp/crtbegin.o
 .text.init_null
                0x0000000010000320        0x4 CMakeFiles/macropad1.dir/macropad1.c.obj
                0x0000000010000320                init_null
 .text.number_mode_setup
                0x0000000010000324       0x48 CMakeFiles/macropad1.dir/macropad1.c.obj
                0x0000000010000324                number_mode_setup
 .text.arrow_mode_setup
                0x000000001000036c       0xa0 CMakeFiles/macropad1.dir/macropad1.c.obj
                0x000000001000036c                arrow_mode_setup
 .text.light_key_b
                0x000000001000040c       0x1c CMakeFiles/macropad1.dir/macropad1.c.obj
                0x000000001000040c                light_key_b
 .text.light_key_g
                0x0000000010000428       0x1c CMakeFiles/macropad1.dir/macropad1.c.obj
                0x0000000010000428                light_key_g
 .text.light_key_r
                0x0000000010000444       0x18 CMakeFiles/macropad1.dir/macropad1.c.obj
                0x0000000010000444                light_key_r
 .text.init_gpios
                0x000000001000045c       0xc0 CMakeFiles/macropad1.dir/macropad1.c.obj
                0x000000001000045c                init_gpios
 .text.startup.main
                0x000000001000051c      0x150 CMakeFiles/macropad1.dir/macropad1.c.obj
                0x000000001000051c                main
 .text.tud_hid_descriptor_report_cb
                0x000000001000066c        0x8 CMakeFiles/macropad1.dir/macropad1.c.obj
                0x000000001000066c                tud_hid_descriptor_report_cb
 .text.unqueue_key
                0x0000000010000674       0x34 CMakeFiles/macropad1.dir/macropad1.c.obj
                0x0000000010000674                unqueue_key
 .text.deliver_key
                0x00000000100006a8       0x5c CMakeFiles/macropad1.dir/macropad1.c.obj
                0x00000000100006a8                deliver_key
 .text.deliver_string
                0x0000000010000704       0xb8 CMakeFiles/macropad1.dir/macropad1.c.obj
                0x0000000010000704                deliver_string
 .text.number_mode
                0x00000000100007bc       0x68 CMakeFiles/macropad1.dir/macropad1.c.obj
                0x00000000100007bc                number_mode
 .text.arrow_mode
                0x0000000010000824       0x94 CMakeFiles/macropad1.dir/macropad1.c.obj
                0x0000000010000824                arrow_mode
 .text.cli_zero_parameter
                0x00000000100008b8        0xc CMakeFiles/macropad1.dir/serial.c.obj
                0x00000000100008b8                cli_zero_parameter
 .text.cli_digit
                0x00000000100008c4       0x24 CMakeFiles/macropad1.dir/serial.c.obj
                0x00000000100008c4                cli_digit
 .text.cli_scan
                0x00000000100008e8        0x4 CMakeFiles/macropad1.dir/serial.c.obj
                0x00000000100008e8                cli_scan
 .text.cli_set_rgb
                0x00000000100008ec       0x30 CMakeFiles/macropad1.dir/serial.c.obj
                0x00000000100008ec                cli_set_rgb
 .text.cli_inc_param
                0x000000001000091c       0x10 CMakeFiles/macropad1.dir/serial.c.obj
                0x000000001000091c                cli_inc_param
 .text.cli_boot_mass
                0x000000001000092c        0xc CMakeFiles/macropad1.dir/serial.c.obj
                0x000000001000092c                cli_boot_mass
 .text.cli_read_adc
                0x0000000010000938       0x30 CMakeFiles/macropad1.dir/serial.c.obj
                0x0000000010000938                cli_read_adc
 .text.cli_init_i2c
                0x0000000010000968        0x8 CMakeFiles/macropad1.dir/serial.c.obj
                0x0000000010000968                cli_init_i2c
 .text.cli_send_key
                0x0000000010000970       0x1c CMakeFiles/macropad1.dir/serial.c.obj
                0x0000000010000970                cli_send_key
 .text.cli_led_test
                0x000000001000098c       0x48 CMakeFiles/macropad1.dir/serial.c.obj
                0x000000001000098c                cli_led_test
 .text.cli_set_all_rgb
                0x00000000100009d4       0x34 CMakeFiles/macropad1.dir/serial.c.obj
                0x00000000100009d4                cli_set_all_rgb
 .text.cli_led_seq
                0x0000000010000a08       0x38 CMakeFiles/macropad1.dir/serial.c.obj
                0x0000000010000a08                cli_led_seq
 .text.cli_led_test_offset
                0x0000000010000a40       0x30 CMakeFiles/macropad1.dir/serial.c.obj
                0x0000000010000a40                cli_led_test_offset
 .text.serial_help
                0x0000000010000a70       0x44 CMakeFiles/macropad1.dir/serial.c.obj
                0x0000000010000a70                serial_help
 .text.serial_loop
                0x0000000010000ab4       0x50 CMakeFiles/macropad1.dir/serial.c.obj
                0x0000000010000ab4                serial_loop
 .text.i2c_write_byte
                0x0000000010000b04       0x28 CMakeFiles/macropad1.dir/i2c.c.obj
                0x0000000010000b04                i2c_write_byte
 .text.i2c_unlock_il31
                0x0000000010000b2c       0x24 CMakeFiles/macropad1.dir/i2c.c.obj
                0x0000000010000b2c                i2c_unlock_il31
 .text.i2c_init_il31
                0x0000000010000b50      0x2b0 CMakeFiles/macropad1.dir/i2c.c.obj
                0x0000000010000b50                i2c_init_il31
 .text.init_usb
                0x0000000010000e00       0x1c CMakeFiles/macropad1.dir/macropad_usb.c.obj
                0x0000000010000e00                init_usb
 .text.nos_get_key
                0x0000000010000e1c       0x3c CMakeFiles/macropad1.dir/keyboard.c.obj
                0x0000000010000e1c                nos_get_key
 .text.matrix_debounce
                0x0000000010000e58      0x188 CMakeFiles/macropad1.dir/keyboard.c.obj
                0x0000000010000e58                matrix_debounce
 .text.init_keyboard
                0x0000000010000fe0       0x1c CMakeFiles/macropad1.dir/keyboard.c.obj
                0x0000000010000fe0                init_keyboard
 .text.key_scan
                0x0000000010000ffc      0x260 CMakeFiles/macropad1.dir/keyboard.c.obj
                0x0000000010000ffc                key_scan
 .text.set_led_rgb
                0x000000001000125c       0xa8 CMakeFiles/macropad1.dir/led.c.obj
                0x000000001000125c                set_led_rgb
 .text.set_page0_rgb
                0x0000000010001304       0x30 CMakeFiles/macropad1.dir/led.c.obj
                0x0000000010001304                set_page0_rgb
 .text.clr_led  0x0000000010001334       0xb4 CMakeFiles/macropad1.dir/led.c.obj
                0x0000000010001334                clr_led
 .text.sleep_goto_dormant_until_pin
                0x00000000100013e8       0x40 CMakeFiles/macropad1.dir/sleep.c.obj
                0x00000000100013e8                sleep_goto_dormant_until_pin
 .text.rosc_set_dormant
                0x0000000010001428       0x28 CMakeFiles/macropad1.dir/rosc.c.obj
                0x0000000010001428                rosc_set_dormant
 .text.tud_descriptor_device_cb
                0x0000000010001450        0x8 CMakeFiles/macropad1.dir/usb_descriptors.c.obj
                0x0000000010001450                tud_descriptor_device_cb
 .text.tud_descriptor_configuration_cb
                0x0000000010001458        0x8 CMakeFiles/macropad1.dir/usb_descriptors.c.obj
                0x0000000010001458                tud_descriptor_configuration_cb
 .text.tud_descriptor_string_cb
                0x0000000010001460      0x154 CMakeFiles/macropad1.dir/usb_descriptors.c.obj
                0x0000000010001460                tud_descriptor_string_cb
 .text.tud_msc_inquiry_cb
                0x00000000100015b4       0x58 CMakeFiles/macropad1.dir/msc_disk.c.obj
                0x00000000100015b4                tud_msc_inquiry_cb
 .text.tud_msc_test_unit_ready_cb
                0x000000001000160c       0x24 CMakeFiles/macropad1.dir/msc_disk.c.obj
                0x000000001000160c                tud_msc_test_unit_ready_cb
 .text.tud_msc_capacity_cb
                0x0000000010001630        0xc CMakeFiles/macropad1.dir/msc_disk.c.obj
                0x0000000010001630                tud_msc_capacity_cb
 .text.tud_msc_start_stop_cb
                0x000000001000163c       0x18 CMakeFiles/macropad1.dir/msc_disk.c.obj
                0x000000001000163c                tud_msc_start_stop_cb
 .text.tud_msc_read10_cb
                0x0000000010001654       0x24 CMakeFiles/macropad1.dir/msc_disk.c.obj
                0x0000000010001654                tud_msc_read10_cb
 .text.tud_msc_is_writable_cb
                0x0000000010001678        0x4 CMakeFiles/macropad1.dir/msc_disk.c.obj
                0x0000000010001678                tud_msc_is_writable_cb
 .text.tud_msc_write10_cb
                0x000000001000167c       0x28 CMakeFiles/macropad1.dir/msc_disk.c.obj
                0x000000001000167c                tud_msc_write10_cb
 .text.tud_msc_scsi_cb
                0x00000000100016a4       0x14 CMakeFiles/macropad1.dir/msc_disk.c.obj
                0x00000000100016a4                tud_msc_scsi_cb
 .text.hid_task
                0x00000000100016b8       0x98 CMakeFiles/macropad1.dir/usb_utility.c.obj
                0x00000000100016b8                hid_task
 .text.tud_hid_report_complete_cb
                0x0000000010001750      0x108 CMakeFiles/macropad1.dir/usb_utility.c.obj
                0x0000000010001750                tud_hid_report_complete_cb
 .text.tud_hid_get_report_cb
                0x0000000010001858        0x4 CMakeFiles/macropad1.dir/usb_utility.c.obj
                0x0000000010001858                tud_hid_get_report_cb
 .text.tud_hid_set_report_cb
                0x000000001000185c        0x4 CMakeFiles/macropad1.dir/usb_utility.c.obj
                0x000000001000185c                tud_hid_set_report_cb
 .text.tud_mount_cb
                0x0000000010001860        0x4 CMakeFiles/macropad1.dir/usb_utility.c.obj
                0x0000000010001860                tud_mount_cb
 .text.tud_umount_cb
                0x0000000010001864        0x4 CMakeFiles/macropad1.dir/usb_utility.c.obj
                0x0000000010001864                tud_umount_cb
 .text.tud_suspend_cb
                0x0000000010001868       0x14 CMakeFiles/macropad1.dir/usb_utility.c.obj
                0x0000000010001868                tud_suspend_cb
 .text.tud_resume_cb
                0x000000001000187c       0x14 CMakeFiles/macropad1.dir/usb_utility.c.obj
                0x000000001000187c                tud_resume_cb
 .text.gpio_set_function
                0x0000000010001890       0x34 CMakeFiles/macropad1.dir/home/menadue/pico/pico-sdk/src/rp2_common/hardware_gpio/gpio.c.obj
                0x0000000010001890                gpio_set_function
 .text.gpio_set_pulls
                0x00000000100018c4       0x34 CMakeFiles/macropad1.dir/home/menadue/pico/pico-sdk/src/rp2_common/hardware_gpio/gpio.c.obj
                0x00000000100018c4                gpio_set_pulls
 .text.gpio_set_dormant_irq_enabled
                0x00000000100018f8       0x40 CMakeFiles/macropad1.dir/home/menadue/pico/pico-sdk/src/rp2_common/hardware_gpio/gpio.c.obj
                0x00000000100018f8                gpio_set_dormant_irq_enabled
 .text.gpio_acknowledge_irq
                0x0000000010001938       0x1c CMakeFiles/macropad1.dir/home/menadue/pico/pico-sdk/src/rp2_common/hardware_gpio/gpio.c.obj
                0x0000000010001938                gpio_acknowledge_irq
 .text.gpio_set_input_enabled
                0x0000000010001954       0x28 CMakeFiles/macropad1.dir/home/menadue/pico/pico-sdk/src/rp2_common/hardware_gpio/gpio.c.obj
                0x0000000010001954                gpio_set_input_enabled
 .text.gpio_init
                0x000000001000197c       0x40 CMakeFiles/macropad1.dir/home/menadue/pico/pico-sdk/src/rp2_common/hardware_gpio/gpio.c.obj
                0x000000001000197c                gpio_init
 .text.rp2040_chip_version
                0x00000000100019bc        0xc CMakeFiles/macropad1.dir/home/menadue/pico/pico-sdk/src/rp2040/pico_platform/platform.c.obj
                0x00000000100019bc                rp2040_chip_version
 .text.panic    0x00000000100019c8       0x30 CMakeFiles/macropad1.dir/home/menadue/pico/pico-sdk/src/rp2_common/pico_platform_panic/panic.c.obj
                0x00000000100019c8                panic
 .text.hw_claim_or_assert
                0x00000000100019f8       0x44 CMakeFiles/macropad1.dir/home/menadue/pico/pico-sdk/src/common/hardware_claim/claim.c.obj
                0x00000000100019f8                hw_claim_or_assert
 .text.hw_claim_unused_from_range
                0x0000000010001a3c       0x9c CMakeFiles/macropad1.dir/home/menadue/pico/pico-sdk/src/common/hardware_claim/claim.c.obj
                0x0000000010001a3c                hw_claim_unused_from_range
 .text.next_striped_spin_lock_num
                0x0000000010001ad8       0x18 CMakeFiles/macropad1.dir/home/menadue/pico/pico-sdk/src/rp2_common/hardware_sync/sync.c.obj
                0x0000000010001ad8                next_striped_spin_lock_num
 .text.spin_lock_claim_unused
                0x0000000010001af0       0x20 CMakeFiles/macropad1.dir/home/menadue/pico/pico-sdk/src/rp2_common/hardware_sync/sync.c.obj
                0x0000000010001af0                spin_lock_claim_unused
 .text.spin_locks_reset
                0x0000000010001b10       0x1c CMakeFiles/macropad1.dir/home/menadue/pico/pico-sdk/src/rp2_common/hardware_sync_spin_lock/sync_spin_lock.c.obj
                0x0000000010001b10                spin_locks_reset
 .text.runtime_init_per_core_irq_priorities
                0x0000000010001b2c       0x24 CMakeFiles/macropad1.dir/home/menadue/pico/pico-sdk/src/rp2_common/hardware_irq/irq.c.obj
                0x0000000010001b2c                runtime_init_per_core_irq_priorities
 .text.irq_set_enabled
                0x0000000010001b50       0x24 CMakeFiles/macropad1.dir/home/menadue/pico/pico-sdk/src/rp2_common/hardware_irq/irq.c.obj
                0x0000000010001b50                irq_set_enabled
 .text.irq_set_exclusive_handler
                0x0000000010001b74       0x54 CMakeFiles/macropad1.dir/home/menadue/pico/pico-sdk/src/rp2_common/hardware_irq/irq.c.obj
                0x0000000010001b74                irq_set_exclusive_handler
 .text.irq_add_shared_handler
                0x0000000010001bc8      0x1e8 CMakeFiles/macropad1.dir/home/menadue/pico/pico-sdk/src/rp2_common/hardware_irq/irq.c.obj
                0x0000000010001bc8                irq_add_shared_handler
 .text.irq_remove_handler
                0x0000000010001db0      0x1c4 CMakeFiles/macropad1.dir/home/menadue/pico/pico-sdk/src/rp2_common/hardware_irq/irq.c.obj
                0x0000000010001db0                irq_remove_handler
 .text.irq_add_tail_to_free_list
                0x0000000010001f74       0xb4 CMakeFiles/macropad1.dir/home/menadue/pico/pico-sdk/src/rp2_common/hardware_irq/irq.c.obj
                0x0000000010001f74                irq_add_tail_to_free_list
 .text.lock_init
                0x0000000010002028       0x10 CMakeFiles/macropad1.dir/home/menadue/pico/pico-sdk/src/common/pico_sync/lock_core.c.obj
                0x0000000010002028                lock_init
 .text.runtime_init_mutex
                0x0000000010002038       0x58 CMakeFiles/macropad1.dir/home/menadue/pico/pico-sdk/src/common/pico_sync/mutex.c.obj
                0x0000000010002038                runtime_init_mutex
 .text.mutex_init
                0x0000000010002090       0x1c CMakeFiles/macropad1.dir/home/menadue/pico/pico-sdk/src/common/pico_sync/mutex.c.obj
                0x0000000010002090                mutex_init
 .text.critical_section_init
                0x00000000100020ac       0x20 CMakeFiles/macropad1.dir/home/menadue/pico/pico-sdk/src/common/pico_sync/critical_section.c.obj
                0x00000000100020ac                critical_section_init
 .text.sleep_until_callback
                0x00000000100020cc       0x30 CMakeFiles/macropad1.dir/home/menadue/pico/pico-sdk/src/common/pico_time/time.c.obj
 .text.alarm_pool_irq_handler
                0x00000000100020fc      0x2e4 CMakeFiles/macropad1.dir/home/menadue/pico/pico-sdk/src/common/pico_time/time.c.obj
 .text.runtime_init_default_alarm_pool
                0x00000000100023e0       0xdc CMakeFiles/macropad1.dir/home/menadue/pico/pico-sdk/src/common/pico_time/time.c.obj
                0x00000000100023e0                runtime_init_default_alarm_pool
 .text.alarm_pool_get_default
                0x00000000100024bc        0x8 CMakeFiles/macropad1.dir/home/menadue/pico/pico-sdk/src/common/pico_time/time.c.obj
                0x00000000100024bc                alarm_pool_get_default
 .text.alarm_pool_add_alarm_at_force_in_context
                0x00000000100024c4       0xb0 CMakeFiles/macropad1.dir/home/menadue/pico/pico-sdk/src/common/pico_time/time.c.obj
                0x00000000100024c4                alarm_pool_add_alarm_at_force_in_context
 .text.alarm_pool_cancel_alarm
                0x0000000010002574       0x7c CMakeFiles/macropad1.dir/home/menadue/pico/pico-sdk/src/common/pico_time/time.c.obj
                0x0000000010002574                alarm_pool_cancel_alarm
 .text.alarm_pool_core_num
                0x00000000100025f0        0x4 CMakeFiles/macropad1.dir/home/menadue/pico/pico-sdk/src/common/pico_time/time.c.obj
                0x00000000100025f0                alarm_pool_core_num
 .text.sleep_until
                0x00000000100025f4       0xd0 CMakeFiles/macropad1.dir/home/menadue/pico/pico-sdk/src/common/pico_time/time.c.obj
                0x00000000100025f4                sleep_until
 .text.sleep_ms
                0x00000000100026c4       0x34 CMakeFiles/macropad1.dir/home/menadue/pico/pico-sdk/src/common/pico_time/time.c.obj
                0x00000000100026c4                sleep_ms
 .text.best_effort_wfe_or_timeout
                0x00000000100026f8      0x11c CMakeFiles/macropad1.dir/home/menadue/pico/pico-sdk/src/common/pico_time/time.c.obj
                0x00000000100026f8                best_effort_wfe_or_timeout
 .text.timer_hardware_alarm_claim
                0x0000000010002814       0x14 CMakeFiles/macropad1.dir/home/menadue/pico/pico-sdk/src/rp2_common/hardware_timer/timer.c.obj
                0x0000000010002814                timer_hardware_alarm_claim
 .text.timer_time_us_64
                0x0000000010002828       0x10 CMakeFiles/macropad1.dir/home/menadue/pico/pico-sdk/src/rp2_common/hardware_timer/timer.c.obj
                0x0000000010002828                timer_time_us_64
 .text.time_us_64
                0x0000000010002838       0x14 CMakeFiles/macropad1.dir/home/menadue/pico/pico-sdk/src/rp2_common/hardware_timer/timer.c.obj
                0x0000000010002838                time_us_64
 .text.busy_wait_us
                0x000000001000284c       0x54 CMakeFiles/macropad1.dir/home/menadue/pico/pico-sdk/src/rp2_common/hardware_timer/timer.c.obj
                0x000000001000284c                busy_wait_us
 .text.busy_wait_until
                0x00000000100028a0       0x20 CMakeFiles/macropad1.dir/home/menadue/pico/pico-sdk/src/rp2_common/hardware_timer/timer.c.obj
                0x00000000100028a0                busy_wait_until
 .text.uart_init
                0x00000000100028c0      0x11c CMakeFiles/macropad1.dir/home/menadue/pico/pico-sdk/src/rp2_common/hardware_uart/uart.c.obj
                0x00000000100028c0                uart_init
 .text.clock_configure_int_divider
                0x00000000100029dc       0xf4 CMakeFiles/macropad1.dir/home/menadue/pico/pico-sdk/src/rp2_common/hardware_clocks/clocks.c.obj
                0x00000000100029dc                clock_configure_int_divider
 .text.clock_configure_undivided
                0x0000000010002ad0       0xe8 CMakeFiles/macropad1.dir/home/menadue/pico/pico-sdk/src/rp2_common/hardware_clocks/clocks.c.obj
                0x0000000010002ad0                clock_configure_undivided
 .text.clock_get_hz
                0x0000000010002bb8        0xc CMakeFiles/macropad1.dir/home/menadue/pico/pico-sdk/src/rp2_common/hardware_clocks/clocks.c.obj
                0x0000000010002bb8                clock_get_hz
 .text.pll_init
                0x0000000010002bc4       0xa0 CMakeFiles/macropad1.dir/home/menadue/pico/pico-sdk/src/rp2_common/hardware_pll/pll.c.obj
                0x0000000010002bc4                pll_init
 .text.tick_start
                0x0000000010002c64       0x10 CMakeFiles/macropad1.dir/home/menadue/pico/pico-sdk/src/rp2_common/hardware_ticks/ticks.c.obj
                0x0000000010002c64                tick_start
 .text.xosc_init
                0x0000000010002c74       0x28 CMakeFiles/macropad1.dir/home/menadue/pico/pico-sdk/src/rp2_common/hardware_xosc/xosc.c.obj
                0x0000000010002c74                xosc_init
 .text.xosc_dormant
                0x0000000010002c9c       0x18 CMakeFiles/macropad1.dir/home/menadue/pico/pico-sdk/src/rp2_common/hardware_xosc/xosc.c.obj
                0x0000000010002c9c                xosc_dormant
 .text.first_per_core_initializer
                0x0000000010002cb4        0x4 CMakeFiles/macropad1.dir/home/menadue/pico/pico-sdk/src/rp2_common/pico_runtime/runtime.c.obj
 .text.hard_assertion_failure
                0x0000000010002cb8        0xc CMakeFiles/macropad1.dir/home/menadue/pico/pico-sdk/src/rp2_common/pico_runtime/runtime.c.obj
                0x0000000010002cb8                hard_assertion_failure
 .text.runtime_run_initializers
                0x0000000010002cc4       0x28 CMakeFiles/macropad1.dir/home/menadue/pico/pico-sdk/src/rp2_common/pico_runtime/runtime.c.obj
                0x0000000010002cc4                runtime_run_initializers
 .text.runtime_init_early_resets
                0x0000000010002cec       0x2c CMakeFiles/macropad1.dir/home/menadue/pico/pico-sdk/src/rp2_common/pico_runtime_init/runtime_init.c.obj
                0x0000000010002cec                runtime_init_early_resets
 .text.runtime_init_usb_power_down
                0x0000000010002d18       0x1c CMakeFiles/macropad1.dir/home/menadue/pico/pico-sdk/src/rp2_common/pico_runtime_init/runtime_init.c.obj
                0x0000000010002d18                runtime_init_usb_power_down
 .text.runtime_init_post_clock_resets
                0x0000000010002d34       0x20 CMakeFiles/macropad1.dir/home/menadue/pico/pico-sdk/src/rp2_common/pico_runtime_init/runtime_init.c.obj
                0x0000000010002d34                runtime_init_post_clock_resets
 .text.runtime_init_rp2040_gpio_ie_disable
                0x0000000010002d54       0x14 CMakeFiles/macropad1.dir/home/menadue/pico/pico-sdk/src/rp2_common/pico_runtime_init/runtime_init.c.obj
                0x0000000010002d54                runtime_init_rp2040_gpio_ie_disable
 .text.runtime_init_spin_locks_reset
                0x0000000010002d68        0x8 CMakeFiles/macropad1.dir/home/menadue/pico/pico-sdk/src/rp2_common/pico_runtime_init/runtime_init.c.obj
                0x0000000010002d68                runtime_init_spin_locks_reset
 .text.runtime_init_install_ram_vector_table
                0x0000000010002d70       0x1c CMakeFiles/macropad1.dir/home/menadue/pico/pico-sdk/src/rp2_common/pico_runtime_init/runtime_init.c.obj
                0x0000000010002d70                runtime_init_install_ram_vector_table
 .text.runtime_init_clocks
                0x0000000010002d8c       0xd8 CMakeFiles/macropad1.dir/home/menadue/pico/pico-sdk/src/rp2_common/pico_runtime_init/runtime_init_clocks.c.obj
                0x0000000010002d8c                runtime_init_clocks
 .text          0x0000000010002e64       0x10 CMakeFiles/macropad1.dir/home/menadue/pico/pico-sdk/src/rp2_common/pico_bit_ops/bit_ops_aeabi.S.obj
 .text.rom_func_lookup
                0x0000000010002e74       0x10 CMakeFiles/macropad1.dir/home/menadue/pico/pico-sdk/src/rp2_common/pico_bootrom/bootrom.c.obj
                0x0000000010002e74                rom_func_lookup
 .text.rom_data_lookup
                0x0000000010002e84       0x10 CMakeFiles/macropad1.dir/home/menadue/pico/pico-sdk/src/rp2_common/pico_bootrom/bootrom.c.obj
                0x0000000010002e84                rom_data_lookup
 .text.rom_funcs_lookup
                0x0000000010002e94       0x44 CMakeFiles/macropad1.dir/home/menadue/pico/pico-sdk/src/rp2_common/pico_bootrom/bootrom.c.obj
                0x0000000010002e94                rom_funcs_lookup
 .text.rom_reset_usb_boot
                0x0000000010002ed8       0x20 CMakeFiles/macropad1.dir/home/menadue/pico/pico-sdk/src/rp2_common/pico_bootrom/bootrom.c.obj
                0x0000000010002ed8                rom_reset_usb_boot
 .text.__wrap___aeabi_idiv
                0x0000000010002ef8       0x50 CMakeFiles/macropad1.dir/home/menadue/pico/pico-sdk/src/rp2_common/pico_divider/divider_hardware.S.obj
                0x0000000010002ef8                __wrap___aeabi_idivmod
                0x0000000010002ef8                divmod_s32s32
                0x0000000010002ef8                div_s32s32
                0x0000000010002ef8                __wrap___aeabi_idiv
                0x0000000010002f00                divmod_s32s32_unsafe
                0x0000000010002f2c                divmod_s32s32_savestate
 .text.__wrap___aeabi_uidiv
                0x0000000010002f48       0x4c CMakeFiles/macropad1.dir/home/menadue/pico/pico-sdk/src/rp2_common/pico_divider/divider_hardware.S.obj
                0x0000000010002f48                __wrap___aeabi_uidiv
                0x0000000010002f48                __wrap___aeabi_uidivmod
                0x0000000010002f48                div_u32u32
                0x0000000010002f48                divmod_u32u32
                0x0000000010002f50                divmod_u32u32_unsafe
                0x0000000010002f78                divmod_u32u32_savestate
 .text.__wrap___aeabi_ldiv
                0x0000000010002f94      0x424 CMakeFiles/macropad1.dir/home/menadue/pico/pico-sdk/src/rp2_common/pico_divider/divider_hardware.S.obj
                0x0000000010002f94                div_s64s64
                0x0000000010002f94                divmod_s64s64
                0x0000000010002f94                __wrap___aeabi_ldivmod
                0x0000000010002fc4                div_u64u64
                0x0000000010002fc4                divmod_u64u64
                0x0000000010002fc4                __wrap___aeabi_uldivmod
                0x0000000010002fd4                divmod_u64u64_savestate
                0x0000000010002ff4                divmod_s64s64_unsafe
                0x000000001000307c                divmod_u64u64_unsafe
 .text.__wrap___aeabi_darithmetic
                0x00000000100033b8       0x80 CMakeFiles/macropad1.dir/home/menadue/pico/pico-sdk/src/rp2_common/pico_double/double_aeabi_rp2040.S.obj
                0x00000000100033b8                __wrap___aeabi_drsub
                0x00000000100033be                __wrap___aeabi_dsub
                0x00000000100033d0                __wrap___aeabi_dadd
                0x00000000100033e2                __wrap___aeabi_ddiv
                0x000000001000341e                __wrap___aeabi_dmul
 .text.__wrap___aeabi_cdcmple
                0x0000000010003438       0x6c CMakeFiles/macropad1.dir/home/menadue/pico/pico-sdk/src/rp2_common/pico_double/double_aeabi_rp2040.S.obj
                0x0000000010003438                __wrap___aeabi_cdrcmple
                0x0000000010003448                __wrap___aeabi_cdcmple
                0x0000000010003448                __wrap___aeabi_cdcmpeq
 .text.__wrap___aeabi_dcmplt
                0x00000000100034a4        0xc CMakeFiles/macropad1.dir/home/menadue/pico/pico-sdk/src/rp2_common/pico_double/double_aeabi_rp2040.S.obj
                0x00000000100034a4                __wrap___aeabi_dcmplt
 .text.__wrap___aeabi_dcmple
                0x00000000100034b0       0x10 CMakeFiles/macropad1.dir/home/menadue/pico/pico-sdk/src/rp2_common/pico_double/double_aeabi_rp2040.S.obj
                0x00000000100034b0                __wrap___aeabi_dcmple
 .text.__wrap___aeabi_dcmpge
                0x00000000100034c0       0x10 CMakeFiles/macropad1.dir/home/menadue/pico/pico-sdk/src/rp2_common/pico_double/double_aeabi_rp2040.S.obj
                0x00000000100034c0                __wrap___aeabi_dcmpge
 .text.__wrap___aeabi_dcmpgt
                0x00000000100034d0        0xa CMakeFiles/macropad1.dir/home/menadue/pico/pico-sdk/src/rp2_common/pico_double/double_aeabi_rp2040.S.obj
                0x00000000100034d0                __wrap___aeabi_dcmpgt
 .text.__wrap___aeabi_dcmpun
                0x00000000100034da       0x18 CMakeFiles/macropad1.dir/home/menadue/pico/pico-sdk/src/rp2_common/pico_double/double_aeabi_rp2040.S.obj
                0x00000000100034da                __wrap___aeabi_dcmpun
 *fill*         0x00000000100034f2        0x2 
 .text.__wrap___aeabi_i2d
                0x00000000100034f4       0x38 CMakeFiles/macropad1.dir/home/menadue/pico/pico-sdk/src/rp2_common/pico_double/double_aeabi_rp2040.S.obj
                0x00000000100034f4                __wrap___aeabi_ui2d
                0x00000000100034fc                __wrap___aeabi_i2d
 .text.__wrap___aeabi_d2iz
                0x000000001000352c       0x48 CMakeFiles/macropad1.dir/home/menadue/pico/pico-sdk/src/rp2_common/pico_double/double_aeabi_rp2040.S.obj
                0x000000001000352c                __wrap___aeabi_d2iz
                0x000000001000352c                double2int_z
 .text.__wrap___aeabi_d2uiz
                0x0000000010003574       0x18 CMakeFiles/macropad1.dir/home/menadue/pico/pico-sdk/src/rp2_common/pico_double/double_aeabi_rp2040.S.obj
                0x0000000010003574                double2uint
                0x0000000010003574                __wrap___aeabi_d2uiz
 .text.__aeabi_double_init
                0x000000001000358c       0xa0 CMakeFiles/macropad1.dir/home/menadue/pico/pico-sdk/src/rp2_common/pico_double/double_init_rom_rp2040.c.obj
                0x000000001000358c                __aeabi_double_init
 .text.double_table_shim_on_use_helper
                0x000000001000362c       0x2c CMakeFiles/macropad1.dir/home/menadue/pico/pico-sdk/src/rp2_common/pico_double/double_v1_rom_shim_rp2040.S.obj
                0x000000001000362c                double_table_shim_on_use_helper
 .text.__wrap___aeabi_dsub
                0x0000000010003658       0x10 CMakeFiles/macropad1.dir/home/menadue/pico/pico-sdk/src/rp2_common/pico_double/double_v1_rom_shim_rp2040.S.obj
                0x0000000010003658                drsub_shim
                0x000000001000365e                dsub_shim
 .text.dadd_shim
                0x0000000010003668      0x15c CMakeFiles/macropad1.dir/home/menadue/pico/pico-sdk/src/rp2_common/pico_double/double_v1_rom_shim_rp2040.S.obj
                0x0000000010003668                dadd_shim
 .text.dmul_shim
                0x00000000100037c4      0x15c CMakeFiles/macropad1.dir/home/menadue/pico/pico-sdk/src/rp2_common/pico_double/double_v1_rom_shim_rp2040.S.obj
                0x00000000100037c4                dmul_shim
 .text.ddiv_shim
                0x0000000010003920      0x1b0 CMakeFiles/macropad1.dir/home/menadue/pico/pico-sdk/src/rp2_common/pico_double/double_v1_rom_shim_rp2040.S.obj
                0x0000000010003920                ddiv_shim
 .text.double2uint_shim
                0x0000000010003ad0        0xe CMakeFiles/macropad1.dir/home/menadue/pico/pico-sdk/src/rp2_common/pico_double/double_v1_rom_shim_rp2040.S.obj
                0x0000000010003ad0                double2uint_shim
                0x0000000010003ad2                double2ufix_shim
 *fill*         0x0000000010003ade        0x2 
 .text.double2uint64_shim
                0x0000000010003ae0       0x70 CMakeFiles/macropad1.dir/home/menadue/pico/pico-sdk/src/rp2_common/pico_double/double_v1_rom_shim_rp2040.S.obj
                0x0000000010003ae0                double2uint64_shim
                0x0000000010003ae2                double2ufix64_shim
                0x0000000010003b02                d2fix_a
 .text.dunpacks
                0x0000000010003b50       0x3c CMakeFiles/macropad1.dir/home/menadue/pico/pico-sdk/src/rp2_common/pico_double/double_v1_rom_shim_rp2040.S.obj
                0x0000000010003b50                dunpacks
 .text.__aeabi_lmul
                0x0000000010003b8c       0x32 CMakeFiles/macropad1.dir/home/menadue/pico/pico-sdk/src/rp2_common/pico_int64_ops/pico_int64_ops_aeabi.S.obj
                0x0000000010003b8c                __wrap___aeabi_lmul
 *fill*         0x0000000010003bbe        0x2 
 .text.__aeabi_float_init
                0x0000000010003bc0       0x64 CMakeFiles/macropad1.dir/home/menadue/pico/pico-sdk/src/rp2_common/pico_float/float_init_rom_rp2040.c.obj
                0x0000000010003bc0                __aeabi_float_init
 .text.float_table_shim_on_use_helper
                0x0000000010003c24       0x2c CMakeFiles/macropad1.dir/home/menadue/pico/pico-sdk/src/rp2_common/pico_float/float_v1_rom_shim_rp2040.S.obj
                0x0000000010003c24                float_table_shim_on_use_helper
 .text          0x0000000010003c50       0x10 CMakeFiles/macropad1.dir/home/menadue/pico/pico-sdk/src/rp2_common/pico_mem_ops/mem_ops_aeabi.S.obj
                0x0000000010003c50                __aeabi_mem_init
 .text.memset   0x0000000010003c60        0xc CMakeFiles/macropad1.dir/home/menadue/pico/pico-sdk/src/rp2_common/pico_mem_ops/mem_ops_aeabi.S.obj
                0x0000000010003c60                __wrap_memset
 .text.memcpy   0x0000000010003c6c        0xc CMakeFiles/macropad1.dir/home/menadue/pico/pico-sdk/src/rp2_common/pico_mem_ops/mem_ops_aeabi.S.obj
                0x0000000010003c6c                __wrap___aeabi_memcpy
                0x0000000010003c6c                __wrap_memcpy
 .text._out_buffer
                0x0000000010003c78        0x8 CMakeFiles/macropad1.dir/home/menadue/pico/pico-sdk/src/rp2_common/pico_printf/printf.c.obj
 .text._out_null
                0x0000000010003c80        0x4 CMakeFiles/macropad1.dir/home/menadue/pico/pico-sdk/src/rp2_common/pico_printf/printf.c.obj
 .text._out_rev
                0x0000000010003c84       0x9c CMakeFiles/macropad1.dir/home/menadue/pico/pico-sdk/src/rp2_common/pico_printf/printf.c.obj
 .text._ntoa_format
                0x0000000010003d20      0x1cc CMakeFiles/macropad1.dir/home/menadue/pico/pico-sdk/src/rp2_common/pico_printf/printf.c.obj
 .text._out_char
                0x0000000010003eec       0x10 CMakeFiles/macropad1.dir/home/menadue/pico/pico-sdk/src/rp2_common/pico_printf/printf.c.obj
 .text._out_fct
                0x0000000010003efc       0x10 CMakeFiles/macropad1.dir/home/menadue/pico/pico-sdk/src/rp2_common/pico_printf/printf.c.obj
 .text._etoa    0x0000000010003f0c      0x44c CMakeFiles/macropad1.dir/home/menadue/pico/pico-sdk/src/rp2_common/pico_printf/printf.c.obj
 .text._ftoa    0x0000000010004358      0x398 CMakeFiles/macropad1.dir/home/menadue/pico/pico-sdk/src/rp2_common/pico_printf/printf.c.obj
 .text._vsnprintf
                0x00000000100046f0      0xb04 CMakeFiles/macropad1.dir/home/menadue/pico/pico-sdk/src/rp2_common/pico_printf/printf.c.obj
 .text.__wrap_sprintf
                0x00000000100051f4       0x28 CMakeFiles/macropad1.dir/home/menadue/pico/pico-sdk/src/rp2_common/pico_printf/printf.c.obj
                0x00000000100051f4                __wrap_sprintf
 .text.vfctprintf
                0x000000001000521c       0x20 CMakeFiles/macropad1.dir/home/menadue/pico/pico-sdk/src/rp2_common/pico_printf/printf.c.obj
                0x000000001000521c                vfctprintf
 .text.weak_raw_vprintf
                0x000000001000523c       0x30 CMakeFiles/macropad1.dir/home/menadue/pico/pico-sdk/src/rp2_common/pico_printf/printf.c.obj
                0x000000001000523c                weak_raw_vprintf
 .text._exit    0x000000001000526c        0x4 CMakeFiles/macropad1.dir/home/menadue/pico/pico-sdk/src/rp2_common/pico_clib_interface/newlib_interface.c.obj
                0x000000001000526c                _exit
 .text.exit     0x0000000010005270        0x8 CMakeFiles/macropad1.dir/home/menadue/pico/pico-sdk/src/rp2_common/pico_clib_interface/newlib_interface.c.obj
                0x0000000010005270                exit
 .text.runtime_init
                0x0000000010005278       0x2c CMakeFiles/macropad1.dir/home/menadue/pico/pico-sdk/src/rp2_common/pico_clib_interface/newlib_interface.c.obj
                0x0000000010005278                runtime_init
 .text.stdio_out_chars_no_crlf
                0x00000000100052a4       0x10 CMakeFiles/macropad1.dir/home/menadue/pico/pico-sdk/src/rp2_common/pico_stdio/stdio.c.obj
 .text.stdio_out_chars_crlf
                0x00000000100052b4       0xb4 CMakeFiles/macropad1.dir/home/menadue/pico/pico-sdk/src/rp2_common/pico_stdio/stdio.c.obj
 .text.stdio_buffered_printer
                0x0000000010005368       0x64 CMakeFiles/macropad1.dir/home/menadue/pico/pico-sdk/src/rp2_common/pico_stdio/stdio.c.obj
 .text.stdio_put_string
                0x00000000100053cc      0x100 CMakeFiles/macropad1.dir/home/menadue/pico/pico-sdk/src/rp2_common/pico_stdio/stdio.c.obj
                0x00000000100053cc                stdio_put_string
 .text.stdio_set_driver_enabled
                0x00000000100054cc       0x30 CMakeFiles/macropad1.dir/home/menadue/pico/pico-sdk/src/rp2_common/pico_stdio/stdio.c.obj
                0x00000000100054cc                stdio_set_driver_enabled
 .text.stdio_init_all
                0x00000000100054fc       0x10 CMakeFiles/macropad1.dir/home/menadue/pico/pico-sdk/src/rp2_common/pico_stdio/stdio.c.obj
                0x00000000100054fc                stdio_init_all
 .text.stdio_getchar_timeout_us
                0x000000001000550c       0x98 CMakeFiles/macropad1.dir/home/menadue/pico/pico-sdk/src/rp2_common/pico_stdio/stdio.c.obj
                0x000000001000550c                stdio_getchar_timeout_us
 .text.__wrap_putchar
                0x00000000100055a4       0x98 CMakeFiles/macropad1.dir/home/menadue/pico/pico-sdk/src/rp2_common/pico_stdio/stdio.c.obj
                0x00000000100055a4                stdio_putchar
                0x00000000100055a4                __wrap_putchar
 .text.__wrap_puts
                0x000000001000563c       0x3c CMakeFiles/macropad1.dir/home/menadue/pico/pico-sdk/src/rp2_common/pico_stdio/stdio.c.obj
                0x000000001000563c                __wrap_puts
                0x000000001000563c                stdio_puts
 .text.__wrap_vprintf
                0x0000000010005678       0xd8 CMakeFiles/macropad1.dir/home/menadue/pico/pico-sdk/src/rp2_common/pico_stdio/stdio.c.obj
                0x0000000010005678                __wrap_vprintf
                0x0000000010005678                stdio_vprintf
 .text.__wrap_printf
                0x0000000010005750       0x18 CMakeFiles/macropad1.dir/home/menadue/pico/pico-sdk/src/rp2_common/pico_stdio/stdio.c.obj
                0x0000000010005750                stdio_printf
                0x0000000010005750                __wrap_printf
 .text.stdio_uart_out_chars
                0x0000000010005768       0x4c CMakeFiles/macropad1.dir/home/menadue/pico/pico-sdk/src/rp2_common/pico_stdio_uart/stdio_uart.c.obj
 .text.stdio_uart_in_chars
                0x00000000100057b4       0x84 CMakeFiles/macropad1.dir/home/menadue/pico/pico-sdk/src/rp2_common/pico_stdio_uart/stdio_uart.c.obj
                0x00000000100057b4                stdio_uart_in_chars
 .text.on_uart_rx
                0x0000000010005838       0x28 CMakeFiles/macropad1.dir/home/menadue/pico/pico-sdk/src/rp2_common/pico_stdio_uart/stdio_uart.c.obj
 .text.stdio_uart_out_flush
                0x0000000010005860       0x10 CMakeFiles/macropad1.dir/home/menadue/pico/pico-sdk/src/rp2_common/pico_stdio_uart/stdio_uart.c.obj
 .text.stdio_uart_set_chars_available_callback
                0x0000000010005870       0x8c CMakeFiles/macropad1.dir/home/menadue/pico/pico-sdk/src/rp2_common/pico_stdio_uart/stdio_uart.c.obj
 .text.stdio_uart_init
                0x00000000100058fc       0x50 CMakeFiles/macropad1.dir/home/menadue/pico/pico-sdk/src/rp2_common/pico_stdio_uart/stdio_uart.c.obj
                0x00000000100058fc                stdio_uart_init
 .text.stdio_uart_init_full
                0x000000001000594c       0x3c CMakeFiles/macropad1.dir/home/menadue/pico/pico-sdk/src/rp2_common/pico_stdio_uart/stdio_uart.c.obj
                0x000000001000594c                stdio_uart_init_full
 .text.stdio_usb_set_chars_available_callback
                0x0000000010005988        0x4 CMakeFiles/macropad1.dir/home/menadue/pico/pico-sdk/src/rp2_common/pico_stdio_usb/stdio_usb.c.obj
                0x0000000010005988                stdio_usb_set_chars_available_callback
 .text.stdio_usb_in_chars
                0x000000001000598c       0x90 CMakeFiles/macropad1.dir/home/menadue/pico/pico-sdk/src/rp2_common/pico_stdio_usb/stdio_usb.c.obj
                0x000000001000598c                stdio_usb_in_chars
 .text.stdio_usb_out_flush
                0x0000000010005a1c       0x50 CMakeFiles/macropad1.dir/home/menadue/pico/pico-sdk/src/rp2_common/pico_stdio_usb/stdio_usb.c.obj
 .text.stdio_usb_out_chars
                0x0000000010005a6c      0x100 CMakeFiles/macropad1.dir/home/menadue/pico/pico-sdk/src/rp2_common/pico_stdio_usb/stdio_usb.c.obj
 .text.stdio_usb_init
                0x0000000010005b6c       0x44 CMakeFiles/macropad1.dir/home/menadue/pico/pico-sdk/src/rp2_common/pico_stdio_usb/stdio_usb.c.obj
                0x0000000010005b6c                stdio_usb_init
 .text.startup._retrieve_unique_id_on_boot
                0x0000000010005bb0       0x10 CMakeFiles/macropad1.dir/home/menadue/pico/pico-sdk/src/rp2_common/pico_unique_id/unique_id.c.obj
 .text.pico_get_unique_board_id
                0x0000000010005bc0       0x10 CMakeFiles/macropad1.dir/home/menadue/pico/pico-sdk/src/rp2_common/pico_unique_id/unique_id.c.obj
                0x0000000010005bc0                pico_get_unique_board_id
 .text.flash_get_unique_id
                0x0000000010005bd0       0x40 CMakeFiles/macropad1.dir/home/menadue/pico/pico-sdk/src/rp2_common/hardware_flash/flash.c.obj
                0x0000000010005bd0                flash_get_unique_id
 .text.dcd_init
                0x0000000010005c10       0x8c CMakeFiles/macropad1.dir/home/menadue/pico/pico-sdk/lib/tinyusb/src/portable/raspberrypi/rp2040/dcd_rp2040.c.obj
                0x0000000010005c10                dcd_init
 .text.dcd_int_enable
                0x0000000010005c9c        0xc CMakeFiles/macropad1.dir/home/menadue/pico/pico-sdk/lib/tinyusb/src/portable/raspberrypi/rp2040/dcd_rp2040.c.obj
                0x0000000010005c9c                dcd_int_enable
 .text.dcd_set_address
                0x0000000010005ca8       0x14 CMakeFiles/macropad1.dir/home/menadue/pico/pico-sdk/lib/tinyusb/src/portable/raspberrypi/rp2040/dcd_rp2040.c.obj
                0x0000000010005ca8                dcd_set_address
 .text.dcd_remote_wakeup
                0x0000000010005cbc       0x18 CMakeFiles/macropad1.dir/home/menadue/pico/pico-sdk/lib/tinyusb/src/portable/raspberrypi/rp2040/dcd_rp2040.c.obj
                0x0000000010005cbc                dcd_remote_wakeup
 .text.dcd_sof_enable
                0x0000000010005cd4       0x1c CMakeFiles/macropad1.dir/home/menadue/pico/pico-sdk/lib/tinyusb/src/portable/raspberrypi/rp2040/dcd_rp2040.c.obj
                0x0000000010005cd4                dcd_sof_enable
 .text.dcd_edpt0_status_complete
                0x0000000010005cf0       0x1c CMakeFiles/macropad1.dir/home/menadue/pico/pico-sdk/lib/tinyusb/src/portable/raspberrypi/rp2040/dcd_rp2040.c.obj
                0x0000000010005cf0                dcd_edpt0_status_complete
 .text.dcd_edpt_open
                0x0000000010005d0c      0x108 CMakeFiles/macropad1.dir/home/menadue/pico/pico-sdk/lib/tinyusb/src/portable/raspberrypi/rp2040/dcd_rp2040.c.obj
                0x0000000010005d0c                dcd_edpt_open
 .text.dcd_edpt_close_all
                0x0000000010005e14        0x8 CMakeFiles/macropad1.dir/home/menadue/pico/pico-sdk/lib/tinyusb/src/portable/raspberrypi/rp2040/dcd_rp2040.c.obj
                0x0000000010005e14                dcd_edpt_close_all
 .text.dcd_edpt_xfer
                0x0000000010005e1c       0x24 CMakeFiles/macropad1.dir/home/menadue/pico/pico-sdk/lib/tinyusb/src/portable/raspberrypi/rp2040/dcd_rp2040.c.obj
                0x0000000010005e1c                dcd_edpt_xfer
 .text.dcd_edpt_stall
                0x0000000010005e40       0x38 CMakeFiles/macropad1.dir/home/menadue/pico/pico-sdk/lib/tinyusb/src/portable/raspberrypi/rp2040/dcd_rp2040.c.obj
                0x0000000010005e40                dcd_edpt_stall
 .text.dcd_edpt_clear_stall
                0x0000000010005e78       0x30 CMakeFiles/macropad1.dir/home/menadue/pico/pico-sdk/lib/tinyusb/src/portable/raspberrypi/rp2040/dcd_rp2040.c.obj
                0x0000000010005e78                dcd_edpt_clear_stall
 .text.rp2040_usb_init
                0x0000000010005ea8       0x40 CMakeFiles/macropad1.dir/home/menadue/pico/pico-sdk/lib/tinyusb/src/portable/raspberrypi/rp2040/rp2040_usb.c.obj
                0x0000000010005ea8                rp2040_usb_init
 .text.hw_endpoint_xfer_start
                0x0000000010005ee8       0x50 CMakeFiles/macropad1.dir/home/menadue/pico/pico-sdk/lib/tinyusb/src/portable/raspberrypi/rp2040/rp2040_usb.c.obj
                0x0000000010005ee8                hw_endpoint_xfer_start
 .text.tud_vendor_control_xfer_cb
                0x0000000010005f38        0x4 CMakeFiles/macropad1.dir/home/menadue/pico/pico-sdk/lib/tinyusb/src/device/usbd.c.obj
                0x0000000010005f38                tud_vendor_control_xfer_cb
 .text.tud_event_hook_cb
                0x0000000010005f3c        0x4 CMakeFiles/macropad1.dir/home/menadue/pico/pico-sdk/lib/tinyusb/src/device/usbd.c.obj
                0x0000000010005f3c                tud_event_hook_cb
 .text.tud_sof_cb
                0x0000000010005f40        0x4 CMakeFiles/macropad1.dir/home/menadue/pico/pico-sdk/lib/tinyusb/src/device/usbd.c.obj
                0x0000000010005f40                tud_sof_cb
 .text.tud_descriptor_bos_cb
                0x0000000010005f44        0x4 CMakeFiles/macropad1.dir/home/menadue/pico/pico-sdk/lib/tinyusb/src/device/usbd.c.obj
                0x0000000010005f44                tud_descriptor_bos_cb
 .text.tud_descriptor_device_qualifier_cb
                0x0000000010005f48        0x4 CMakeFiles/macropad1.dir/home/menadue/pico/pico-sdk/lib/tinyusb/src/device/usbd.c.obj
                0x0000000010005f48                tud_descriptor_device_qualifier_cb
 .text.tud_descriptor_other_speed_configuration_cb
                0x0000000010005f4c        0x4 CMakeFiles/macropad1.dir/home/menadue/pico/pico-sdk/lib/tinyusb/src/device/usbd.c.obj
                0x0000000010005f4c                tud_descriptor_other_speed_configuration_cb
 .text.tud_mounted
                0x0000000010005f50       0x10 CMakeFiles/macropad1.dir/home/menadue/pico/pico-sdk/lib/tinyusb/src/device/usbd.c.obj
                0x0000000010005f50                tud_mounted
 .text.tud_suspended
                0x0000000010005f60       0x10 CMakeFiles/macropad1.dir/home/menadue/pico/pico-sdk/lib/tinyusb/src/device/usbd.c.obj
                0x0000000010005f60                tud_suspended
 .text.tud_remote_wakeup
                0x0000000010005f70       0x30 CMakeFiles/macropad1.dir/home/menadue/pico/pico-sdk/lib/tinyusb/src/device/usbd.c.obj
                0x0000000010005f70                tud_remote_wakeup
 .text.tud_init
                0x0000000010005fa0       0xe4 CMakeFiles/macropad1.dir/home/menadue/pico/pico-sdk/lib/tinyusb/src/device/usbd.c.obj
                0x0000000010005fa0                tud_init
 .text.tud_task_ext
                0x0000000010006084      0x800 CMakeFiles/macropad1.dir/home/menadue/pico/pico-sdk/lib/tinyusb/src/device/usbd.c.obj
                0x0000000010006084                tud_task_ext
 .text.usbd_open_edpt_pair
                0x0000000010006884       0x9c CMakeFiles/macropad1.dir/home/menadue/pico/pico-sdk/lib/tinyusb/src/device/usbd.c.obj
                0x0000000010006884                usbd_open_edpt_pair
 .text.usbd_edpt_open
                0x0000000010006920       0x34 CMakeFiles/macropad1.dir/home/menadue/pico/pico-sdk/lib/tinyusb/src/device/usbd.c.obj
                0x0000000010006920                usbd_edpt_open
 .text.usbd_edpt_claim
                0x0000000010006954       0x28 CMakeFiles/macropad1.dir/home/menadue/pico/pico-sdk/lib/tinyusb/src/device/usbd.c.obj
                0x0000000010006954                usbd_edpt_claim
 .text.usbd_edpt_release
                0x000000001000697c       0x28 CMakeFiles/macropad1.dir/home/menadue/pico/pico-sdk/lib/tinyusb/src/device/usbd.c.obj
                0x000000001000697c                usbd_edpt_release
 .text.usbd_edpt_xfer
                0x00000000100069a4       0x4c CMakeFiles/macropad1.dir/home/menadue/pico/pico-sdk/lib/tinyusb/src/device/usbd.c.obj
                0x00000000100069a4                usbd_edpt_xfer
 .text.usbd_edpt_busy
                0x00000000100069f0       0x1c CMakeFiles/macropad1.dir/home/menadue/pico/pico-sdk/lib/tinyusb/src/device/usbd.c.obj
                0x00000000100069f0                usbd_edpt_busy
 .text.usbd_edpt_stall
                0x0000000010006a0c       0x38 CMakeFiles/macropad1.dir/home/menadue/pico/pico-sdk/lib/tinyusb/src/device/usbd.c.obj
                0x0000000010006a0c                usbd_edpt_stall
 .text.usbd_edpt_stalled
                0x0000000010006a44       0x1c CMakeFiles/macropad1.dir/home/menadue/pico/pico-sdk/lib/tinyusb/src/device/usbd.c.obj
                0x0000000010006a44                usbd_edpt_stalled
 .text.tud_control_status
                0x0000000010006a60       0x30 CMakeFiles/macropad1.dir/home/menadue/pico/pico-sdk/lib/tinyusb/src/device/usbd_control.c.obj
                0x0000000010006a60                tud_control_status
 .text.tud_control_xfer
                0x0000000010006a90       0xbc CMakeFiles/macropad1.dir/home/menadue/pico/pico-sdk/lib/tinyusb/src/device/usbd_control.c.obj
                0x0000000010006a90                tud_control_xfer
 .text.usbd_control_reset
                0x0000000010006b4c       0x14 CMakeFiles/macropad1.dir/home/menadue/pico/pico-sdk/lib/tinyusb/src/device/usbd_control.c.obj
                0x0000000010006b4c                usbd_control_reset
 .text.usbd_control_set_complete_callback
                0x0000000010006b60        0xc CMakeFiles/macropad1.dir/home/menadue/pico/pico-sdk/lib/tinyusb/src/device/usbd_control.c.obj
                0x0000000010006b60                usbd_control_set_complete_callback
 .text.usbd_control_set_request
                0x0000000010006b6c       0x1c CMakeFiles/macropad1.dir/home/menadue/pico/pico-sdk/lib/tinyusb/src/device/usbd_control.c.obj
                0x0000000010006b6c                usbd_control_set_request
 .text.usbd_control_xfer_cb
                0x0000000010006b88       0xf0 CMakeFiles/macropad1.dir/home/menadue/pico/pico-sdk/lib/tinyusb/src/device/usbd_control.c.obj
                0x0000000010006b88                usbd_control_xfer_cb
 .text._prep_out_transaction.isra.0
                0x0000000010006c78       0x5c CMakeFiles/macropad1.dir/home/menadue/pico/pico-sdk/lib/tinyusb/src/class/cdc/cdc_device.c.obj
 .text.tud_cdc_n_connected
                0x0000000010006cd4       0x34 CMakeFiles/macropad1.dir/home/menadue/pico/pico-sdk/lib/tinyusb/src/class/cdc/cdc_device.c.obj
                0x0000000010006cd4                tud_cdc_n_connected
 .text.tud_cdc_n_available
                0x0000000010006d08       0x20 CMakeFiles/macropad1.dir/home/menadue/pico/pico-sdk/lib/tinyusb/src/class/cdc/cdc_device.c.obj
                0x0000000010006d08                tud_cdc_n_available
 .text.tud_cdc_n_read
                0x0000000010006d28       0xa4 CMakeFiles/macropad1.dir/home/menadue/pico/pico-sdk/lib/tinyusb/src/class/cdc/cdc_device.c.obj
                0x0000000010006d28                tud_cdc_n_read
 .text.tud_cdc_n_write_flush
                0x0000000010006dcc       0x78 CMakeFiles/macropad1.dir/home/menadue/pico/pico-sdk/lib/tinyusb/src/class/cdc/cdc_device.c.obj
                0x0000000010006dcc                tud_cdc_n_write_flush
 .text.tud_cdc_n_write
                0x0000000010006e44       0x48 CMakeFiles/macropad1.dir/home/menadue/pico/pico-sdk/lib/tinyusb/src/class/cdc/cdc_device.c.obj
                0x0000000010006e44                tud_cdc_n_write
 .text.tud_cdc_n_write_available
                0x0000000010006e8c       0x20 CMakeFiles/macropad1.dir/home/menadue/pico/pico-sdk/lib/tinyusb/src/class/cdc/cdc_device.c.obj
                0x0000000010006e8c                tud_cdc_n_write_available
 .text.cdcd_init
                0x0000000010006eac       0x74 CMakeFiles/macropad1.dir/home/menadue/pico/pico-sdk/lib/tinyusb/src/class/cdc/cdc_device.c.obj
                0x0000000010006eac                cdcd_init
 .text.cdcd_deinit
                0x0000000010006f20       0x24 CMakeFiles/macropad1.dir/home/menadue/pico/pico-sdk/lib/tinyusb/src/class/cdc/cdc_device.c.obj
                0x0000000010006f20                cdcd_deinit
 .text.cdcd_reset
                0x0000000010006f44       0x4c CMakeFiles/macropad1.dir/home/menadue/pico/pico-sdk/lib/tinyusb/src/class/cdc/cdc_device.c.obj
                0x0000000010006f44                cdcd_reset
 .text.cdcd_open
                0x0000000010006f90       0xb4 CMakeFiles/macropad1.dir/home/menadue/pico/pico-sdk/lib/tinyusb/src/class/cdc/cdc_device.c.obj
                0x0000000010006f90                cdcd_open
 .text.cdcd_control_xfer_cb
                0x0000000010007044       0xe4 CMakeFiles/macropad1.dir/home/menadue/pico/pico-sdk/lib/tinyusb/src/class/cdc/cdc_device.c.obj
                0x0000000010007044                cdcd_control_xfer_cb
 .text.cdcd_xfer_cb
                0x0000000010007128       0xfc CMakeFiles/macropad1.dir/home/menadue/pico/pico-sdk/lib/tinyusb/src/class/cdc/cdc_device.c.obj
                0x0000000010007128                cdcd_xfer_cb
 .text.tud_hid_set_protocol_cb
                0x0000000010007224        0x4 CMakeFiles/macropad1.dir/home/menadue/pico/pico-sdk/lib/tinyusb/src/class/hid/hid_device.c.obj
                0x0000000010007224                tud_hid_set_protocol_cb
 .text.tud_hid_set_idle_cb
                0x0000000010007228        0x4 CMakeFiles/macropad1.dir/home/menadue/pico/pico-sdk/lib/tinyusb/src/class/hid/hid_device.c.obj
                0x0000000010007228                tud_hid_set_idle_cb
 .text.tud_hid_report_failed_cb
                0x000000001000722c        0x4 CMakeFiles/macropad1.dir/home/menadue/pico/pico-sdk/lib/tinyusb/src/class/hid/hid_device.c.obj
                0x000000001000722c                tud_hid_report_failed_cb
 .text.tud_hid_n_ready
                0x0000000010007230       0x38 CMakeFiles/macropad1.dir/home/menadue/pico/pico-sdk/lib/tinyusb/src/class/hid/hid_device.c.obj
                0x0000000010007230                tud_hid_n_ready
 .text.tud_hid_n_report
                0x0000000010007268       0x84 CMakeFiles/macropad1.dir/home/menadue/pico/pico-sdk/lib/tinyusb/src/class/hid/hid_device.c.obj
                0x0000000010007268                tud_hid_n_report
 .text.tud_hid_n_keyboard_report
                0x00000000100072ec       0x90 CMakeFiles/macropad1.dir/home/menadue/pico/pico-sdk/lib/tinyusb/src/class/hid/hid_device.c.obj
                0x00000000100072ec                tud_hid_n_keyboard_report
 .text.tud_hid_n_mouse_report
                0x000000001000737c       0xa8 CMakeFiles/macropad1.dir/home/menadue/pico/pico-sdk/lib/tinyusb/src/class/hid/hid_device.c.obj
                0x000000001000737c                tud_hid_n_mouse_report
 .text.hidd_init
                0x0000000010007424       0x14 CMakeFiles/macropad1.dir/home/menadue/pico/pico-sdk/lib/tinyusb/src/class/hid/hid_device.c.obj
                0x0000000010007424                hidd_init
 .text.hidd_deinit
                0x0000000010007438        0x4 CMakeFiles/macropad1.dir/home/menadue/pico/pico-sdk/lib/tinyusb/src/class/hid/hid_device.c.obj
                0x0000000010007438                hidd_deinit
 .text.hidd_reset
                0x000000001000743c       0x14 CMakeFiles/macropad1.dir/home/menadue/pico/pico-sdk/lib/tinyusb/src/class/hid/hid_device.c.obj
                0x000000001000743c                hidd_reset
 .text.hidd_open
                0x0000000010007450       0x8c CMakeFiles/macropad1.dir/home/menadue/pico/pico-sdk/lib/tinyusb/src/class/hid/hid_device.c.obj
                0x0000000010007450                hidd_open
 .text.hidd_control_xfer_cb
                0x00000000100074dc      0x1a0 CMakeFiles/macropad1.dir/home/menadue/pico/pico-sdk/lib/tinyusb/src/class/hid/hid_device.c.obj
                0x00000000100074dc                hidd_control_xfer_cb
 .text.hidd_xfer_cb
                0x000000001000767c       0x84 CMakeFiles/macropad1.dir/home/menadue/pico/pico-sdk/lib/tinyusb/src/class/hid/hid_device.c.obj
                0x000000001000767c                hidd_xfer_cb
 .text.proc_read10_cmd.constprop.0
                0x0000000010007700       0xf0 CMakeFiles/macropad1.dir/home/menadue/pico/pico-sdk/lib/tinyusb/src/class/msc/msc_device.c.obj
 .text.proc_write10_cmd.constprop.0
                0x00000000100077f0       0x8c CMakeFiles/macropad1.dir/home/menadue/pico/pico-sdk/lib/tinyusb/src/class/msc/msc_device.c.obj
 .text.tud_msc_set_sense
                0x000000001000787c       0x18 CMakeFiles/macropad1.dir/home/menadue/pico/pico-sdk/lib/tinyusb/src/class/msc/msc_device.c.obj
                0x000000001000787c                tud_msc_set_sense
 .text.mscd_init
                0x0000000010007894       0x14 CMakeFiles/macropad1.dir/home/menadue/pico/pico-sdk/lib/tinyusb/src/class/msc/msc_device.c.obj
                0x0000000010007894                mscd_init
 .text.mscd_reset
                0x00000000100078a8       0x14 CMakeFiles/macropad1.dir/home/menadue/pico/pico-sdk/lib/tinyusb/src/class/msc/msc_device.c.obj
                0x00000000100078a8                mscd_reset
 .text.mscd_open
                0x00000000100078bc       0x64 CMakeFiles/macropad1.dir/home/menadue/pico/pico-sdk/lib/tinyusb/src/class/msc/msc_device.c.obj
                0x00000000100078bc                mscd_open
 .text.mscd_control_xfer_cb
                0x0000000010007920      0x13c CMakeFiles/macropad1.dir/home/menadue/pico/pico-sdk/lib/tinyusb/src/class/msc/msc_device.c.obj
                0x0000000010007920                mscd_control_xfer_cb
 .text.mscd_xfer_cb
                0x0000000010007a5c      0x75c CMakeFiles/macropad1.dir/home/menadue/pico/pico-sdk/lib/tinyusb/src/class/msc/msc_device.c.obj
                0x0000000010007a5c                mscd_xfer_cb
 .text.tu_edpt_claim
                0x00000000100081b8       0x50 CMakeFiles/macropad1.dir/home/menadue/pico/pico-sdk/lib/tinyusb/src/tusb.c.obj
                0x00000000100081b8                tu_edpt_claim
 .text.tu_edpt_release
                0x0000000010008208       0x38 CMakeFiles/macropad1.dir/home/menadue/pico/pico-sdk/lib/tinyusb/src/tusb.c.obj
                0x0000000010008208                tu_edpt_release
 .text.tu_edpt_validate
                0x0000000010008240       0x78 CMakeFiles/macropad1.dir/home/menadue/pico/pico-sdk/lib/tinyusb/src/tusb.c.obj
                0x0000000010008240                tu_edpt_validate
 .text.tu_edpt_bind_driver
                0x00000000100082b8       0x34 CMakeFiles/macropad1.dir/home/menadue/pico/pico-sdk/lib/tinyusb/src/tusb.c.obj
                0x00000000100082b8                tu_edpt_bind_driver
 .text.tu_fifo_config
                0x00000000100082ec       0x70 CMakeFiles/macropad1.dir/home/menadue/pico/pico-sdk/lib/tinyusb/src/common/tusb_fifo.c.obj
                0x00000000100082ec                tu_fifo_config
 .text.tu_fifo_count
                0x000000001000835c       0x2c CMakeFiles/macropad1.dir/home/menadue/pico/pico-sdk/lib/tinyusb/src/common/tusb_fifo.c.obj
                0x000000001000835c                tu_fifo_count
 .text.tu_fifo_empty
                0x0000000010008388       0x10 CMakeFiles/macropad1.dir/home/menadue/pico/pico-sdk/lib/tinyusb/src/common/tusb_fifo.c.obj
                0x0000000010008388                tu_fifo_empty
 .text.tu_fifo_remaining
                0x0000000010008398       0x2c CMakeFiles/macropad1.dir/home/menadue/pico/pico-sdk/lib/tinyusb/src/common/tusb_fifo.c.obj
                0x0000000010008398                tu_fifo_remaining
 .text.tu_fifo_read
                0x00000000100083c4       0xa0 CMakeFiles/macropad1.dir/home/menadue/pico/pico-sdk/lib/tinyusb/src/common/tusb_fifo.c.obj
                0x00000000100083c4                tu_fifo_read
 .text.tu_fifo_read_n
                0x0000000010008464       0xec CMakeFiles/macropad1.dir/home/menadue/pico/pico-sdk/lib/tinyusb/src/common/tusb_fifo.c.obj
                0x0000000010008464                tu_fifo_read_n
 .text.tu_fifo_write
                0x0000000010008550       0x88 CMakeFiles/macropad1.dir/home/menadue/pico/pico-sdk/lib/tinyusb/src/common/tusb_fifo.c.obj
                0x0000000010008550                tu_fifo_write
 .text.tu_fifo_write_n
                0x00000000100085d8      0x168 CMakeFiles/macropad1.dir/home/menadue/pico/pico-sdk/lib/tinyusb/src/common/tusb_fifo.c.obj
                0x00000000100085d8                tu_fifo_write_n
 .text.tu_fifo_clear
                0x0000000010008740       0x40 CMakeFiles/macropad1.dir/home/menadue/pico/pico-sdk/lib/tinyusb/src/common/tusb_fifo.c.obj
                0x0000000010008740                tu_fifo_clear
 .text.tu_fifo_set_overwritable
                0x0000000010008780       0x48 CMakeFiles/macropad1.dir/home/menadue/pico/pico-sdk/lib/tinyusb/src/common/tusb_fifo.c.obj
                0x0000000010008780                tu_fifo_set_overwritable
 .text.adc_init
                0x00000000100087c8       0x38 CMakeFiles/macropad1.dir/home/menadue/pico/pico-sdk/src/rp2_common/hardware_adc/adc.c.obj
                0x00000000100087c8                adc_init
 .text.i2c_set_baudrate
                0x0000000010008800       0xc0 CMakeFiles/macropad1.dir/home/menadue/pico/pico-sdk/src/rp2_common/hardware_i2c/i2c.c.obj
                0x0000000010008800                i2c_set_baudrate
 .text.i2c_init
                0x00000000100088c0       0x54 CMakeFiles/macropad1.dir/home/menadue/pico/pico-sdk/src/rp2_common/hardware_i2c/i2c.c.obj
                0x00000000100088c0                i2c_init
 .text.i2c_write_blocking
                0x0000000010008914       0xd0 CMakeFiles/macropad1.dir/home/menadue/pico/pico-sdk/src/rp2_common/hardware_i2c/i2c.c.obj
                0x0000000010008914                i2c_write_blocking
 .text.i2c_read_blocking
                0x00000000100089e4       0xac CMakeFiles/macropad1.dir/home/menadue/pico/pico-sdk/src/rp2_common/hardware_i2c/i2c.c.obj
                0x00000000100089e4                i2c_read_blocking
 .text.board_get_unique_id
                0x0000000010008a90       0x24 CMakeFiles/macropad1.dir/home/menadue/pico/pico-sdk/lib/tinyusb/hw/bsp/rp2040/family.c.obj
                0x0000000010008a90                board_get_unique_id
 .text.board_init
                0x0000000010008ab4       0x30 CMakeFiles/macropad1.dir/home/menadue/pico/pico-sdk/lib/tinyusb/hw/bsp/rp2040/family.c.obj
                0x0000000010008ab4                board_init
 .text.board_button_read
                0x0000000010008ae4       0x10 CMakeFiles/macropad1.dir/home/menadue/pico/pico-sdk/lib/tinyusb/hw/bsp/rp2040/family.c.obj
                0x0000000010008ae4                board_button_read
 .text          0x0000000010008af4       0xac /usr/lib/gcc/arm-none-eabi/10.3.1/../../../arm-none-eabi/lib/thumb/v6-m/nofp/libg.a(lib_a-memmove.o)
                0x0000000010008af4                memmove
 .text          0x0000000010008ba0       0x5c /usr/lib/gcc/arm-none-eabi/10.3.1/../../../arm-none-eabi/lib/thumb/v6-m/nofp/libg.a(lib_a-strlen-stub.o)
                0x0000000010008ba0                strlen
 *(.fini)
 .fini          0x0000000010008bfc        0x4 /usr/lib/gcc/arm-none-eabi/10.3.1/thumb/v6-m/nofp/crti.o
                0x0000000010008bfc                _fini
 .fini.__stub   0x0000000010008c00       0xe0 linker stubs
 *crtbegin.o(.ctors)
 *crtbegin?.o(.ctors)
 *(EXCLUDE_FILE(*crtend.o *crtend?.o) .ctors)
 *(SORT_BY_NAME(.ctors.*))
 *(.ctors)
 *crtbegin.o(.dtors)
 *crtbegin?.o(.dtors)
 *(EXCLUDE_FILE(*crtend.o *crtend?.o) .dtors)
 *(SORT_BY_NAME(.dtors.*))
 *(.dtors)
                0x0000000010008ce0                . = ALIGN (0x4)
                0x0000000010008ce0                PROVIDE (__preinit_array_start = .)
 *(SORT_BY_NAME(.preinit_array.*))
 .preinit_array.00100
                0x0000000010008ce0        0x4 CMakeFiles/macropad1.dir/home/menadue/pico/pico-sdk/src/rp2_common/pico_runtime_init/runtime_init.c.obj
                0x0000000010008ce0                __pre_init_runtime_init_early_resets
 .preinit_array.00101
                0x0000000010008ce4        0x4 CMakeFiles/macropad1.dir/home/menadue/pico/pico-sdk/src/rp2_common/pico_runtime_init/runtime_init.c.obj
                0x0000000010008ce4                __pre_init_runtime_init_usb_power_down
 .preinit_array.00275
                0x0000000010008ce8        0x4 CMakeFiles/macropad1.dir/home/menadue/pico/pico-sdk/src/rp2_common/pico_bit_ops/bit_ops_aeabi.S.obj
 .preinit_array.00300
                0x0000000010008cec        0x4 CMakeFiles/macropad1.dir/home/menadue/pico/pico-sdk/src/rp2_common/pico_mem_ops/mem_ops_aeabi.S.obj
 .preinit_array.00350
                0x0000000010008cf0        0x4 CMakeFiles/macropad1.dir/home/menadue/pico/pico-sdk/src/rp2_common/pico_double/double_aeabi_rp2040.S.obj
 .preinit_array.00350
                0x0000000010008cf4        0x4 CMakeFiles/macropad1.dir/home/menadue/pico/pico-sdk/src/rp2_common/pico_float/float_aeabi_rp2040.S.obj
 .preinit_array.00500
                0x0000000010008cf8        0x4 CMakeFiles/macropad1.dir/home/menadue/pico/pico-sdk/src/rp2_common/pico_runtime_init/runtime_init.c.obj
                0x0000000010008cf8                __pre_init_runtime_init_clocks
 .preinit_array.00600
                0x0000000010008cfc        0x4 CMakeFiles/macropad1.dir/home/menadue/pico/pico-sdk/src/rp2_common/pico_runtime_init/runtime_init.c.obj
                0x0000000010008cfc                __pre_init_runtime_init_post_clock_resets
 .preinit_array.00700
                0x0000000010008d00        0x4 CMakeFiles/macropad1.dir/home/menadue/pico/pico-sdk/src/rp2_common/pico_runtime_init/runtime_init.c.obj
                0x0000000010008d00                __pre_init_runtime_init_rp2040_gpio_ie_disable
 .preinit_array.01000
                0x0000000010008d04        0x4 CMakeFiles/macropad1.dir/home/menadue/pico/pico-sdk/src/rp2_common/pico_runtime_init/runtime_init.c.obj
                0x0000000010008d04                __pre_init_runtime_init_spin_locks_reset
 .preinit_array.01100
                0x0000000010008d08        0x4 CMakeFiles/macropad1.dir/home/menadue/pico/pico-sdk/src/common/pico_sync/mutex.c.obj
                0x0000000010008d08                __pre_init_runtime_init_mutex
 .preinit_array.10080
                0x0000000010008d0c        0x4 CMakeFiles/macropad1.dir/home/menadue/pico/pico-sdk/src/rp2_common/pico_runtime_init/runtime_init.c.obj
                0x0000000010008d0c                __pre_init_runtime_init_install_ram_vector_table
 .preinit_array.11000
                0x0000000010008d10        0x4 CMakeFiles/macropad1.dir/home/menadue/pico/pico-sdk/src/common/pico_time/time.c.obj
                0x0000000010008d10                __pre_init_runtime_init_default_alarm_pool
 .preinit_array.YYYYY
                0x0000000010008d14        0x4 CMakeFiles/macropad1.dir/home/menadue/pico/pico-sdk/src/rp2_common/pico_runtime/runtime.c.obj
                0x0000000010008d14                __pre_init_first_per_core_initializer
 .preinit_array.ZZZZZ.01200
                0x0000000010008d18        0x4 CMakeFiles/macropad1.dir/home/menadue/pico/pico-sdk/src/rp2_common/hardware_irq/irq.c.obj
                0x0000000010008d18                __pre_init_runtime_init_per_core_irq_priorities
 *(.preinit_array)
                0x0000000010008d1c                PROVIDE (__preinit_array_end = .)
                0x0000000010008d1c                . = ALIGN (0x4)
                0x0000000010008d1c                PROVIDE (__init_array_start = .)
 *(SORT_BY_NAME(.init_array.*))
 *(.init_array)
 .init_array    0x0000000010008d1c        0x4 /usr/lib/gcc/arm-none-eabi/10.3.1/thumb/v6-m/nofp/crtbegin.o
 .init_array    0x0000000010008d20        0x4 CMakeFiles/macropad1.dir/home/menadue/pico/pico-sdk/src/rp2_common/pico_unique_id/unique_id.c.obj
                0x0000000010008d24                PROVIDE (__init_array_end = .)
                0x0000000010008d24                . = ALIGN (0x4)
                0x0000000010008d24                PROVIDE (__fini_array_start = .)
 *(SORT_BY_NAME(.fini_array.*))
 *(.fini_array)
                0x0000000010008d24                PROVIDE (__fini_array_end = .)
 *(.eh_frame*)
 .eh_frame      0x0000000010008d24        0x0 /usr/lib/gcc/arm-none-eabi/10.3.1/thumb/v6-m/nofp/crtbegin.o
                0x0000000010008d24                . = ALIGN (0x4)

.glue_7         0x0000000010008d24        0x0
 .glue_7        0x0000000010008d24        0x0 linker stubs

.glue_7t        0x0000000010008d24        0x0
 .glue_7t       0x0000000010008d24        0x0 linker stubs

.vfp11_veneer   0x0000000010008d24        0x0
 .vfp11_veneer  0x0000000010008d24        0x0 linker stubs

.v4_bx          0x0000000010008d24        0x0
 .v4_bx         0x0000000010008d24        0x0 linker stubs

.iplt           0x0000000010008d24        0x0
 .iplt          0x0000000010008d24        0x0 /usr/lib/gcc/arm-none-eabi/10.3.1/thumb/v6-m/nofp/crtbegin.o

.rodata         0x0000000010008d28      0xb34
 *(EXCLUDE_FILE(*libm.a: *libc.a:*lib_a-mem*.o *libgcc.a:) .rodata*)
 .rodata.main.str1.4
                0x0000000010008d28       0x3a CMakeFiles/macropad1.dir/macropad1.c.obj
 *fill*         0x0000000010008d62        0x2 
 .rodata.number_mode.str1.4
                0x0000000010008d64       0x10 CMakeFiles/macropad1.dir/macropad1.c.obj
 .rodata.arrow_mode.str1.4
                0x0000000010008d74       0x66 CMakeFiles/macropad1.dir/macropad1.c.obj
 *fill*         0x0000000010008dda        0x2 
 .rodata.str1.4
                0x0000000010008ddc       0xa0 CMakeFiles/macropad1.dir/macropad1.c.obj
 .rodata.PIN_MUX_A
                0x0000000010008e7c        0x4 CMakeFiles/macropad1.dir/macropad1.c.obj
                0x0000000010008e7c                PIN_MUX_A
 .rodata.PIN_MUX_B
                0x0000000010008e80        0x4 CMakeFiles/macropad1.dir/macropad1.c.obj
                0x0000000010008e80                PIN_MUX_B
 .rodata.PIN_MUX_C
                0x0000000010008e84        0x4 CMakeFiles/macropad1.dir/macropad1.c.obj
                0x0000000010008e84                PIN_MUX_C
 .rodata.PIN_SDB
                0x0000000010008e88        0x4 CMakeFiles/macropad1.dir/macropad1.c.obj
                0x0000000010008e88                PIN_SDB
 .rodata.col    0x0000000010008e8c       0x40 CMakeFiles/macropad1.dir/macropad1.c.obj
                0x0000000010008e8c                col
 .rodata.conv_table
                0x0000000010008ecc      0x100 CMakeFiles/macropad1.dir/macropad1.c.obj
                0x0000000010008ecc                conv_table
 .rodata.cli_read_adc.str1.4
                0x0000000010008fcc        0x8 CMakeFiles/macropad1.dir/serial.c.obj
 .rodata.serial_help.str1.4
                0x0000000010008fd4       0x2d CMakeFiles/macropad1.dir/serial.c.obj
 *fill*         0x0000000010009001        0x3 
 .rodata.serial_loop.str1.4
                0x0000000010009004        0xa CMakeFiles/macropad1.dir/serial.c.obj
 *fill*         0x000000001000900e        0x2 
 .rodata.str1.4
                0x0000000010009010       0xe1 CMakeFiles/macropad1.dir/serial.c.obj
 *fill*         0x00000000100090f1        0x3 
 .rodata.i2c_init_il31.str1.4
                0x00000000100090f4       0x5f CMakeFiles/macropad1.dir/i2c.c.obj
 *fill*         0x0000000010009153        0x1 
 .rodata.__FUNCTION__.0
                0x0000000010009154        0xe CMakeFiles/macropad1.dir/i2c.c.obj
 *fill*         0x0000000010009162        0x2 
 .rodata.tud_descriptor_string_cb.str1.4
                0x0000000010009164       0x11 CMakeFiles/macropad1.dir/usb_descriptors.c.obj
 *fill*         0x0000000010009175        0x3 
 .rodata.str1.4
                0x0000000010009178       0x30 CMakeFiles/macropad1.dir/usb_descriptors.c.obj
 .rodata.__compound_literal.0
                0x00000000100091a8        0x2 CMakeFiles/macropad1.dir/usb_descriptors.c.obj
 *fill*         0x00000000100091aa        0x2 
 .rodata.desc_device
                0x00000000100091ac       0x12 CMakeFiles/macropad1.dir/usb_descriptors.c.obj
                0x00000000100091ac                desc_device
 *fill*         0x00000000100091be        0x2 
 .rodata.desc_fs_configuration
                0x00000000100091c0       0x7b CMakeFiles/macropad1.dir/usb_descriptors.c.obj
                0x00000000100091c0                desc_fs_configuration
 *fill*         0x000000001000923b        0x1 
 .rodata.desc_hid_report
                0x000000001000923c       0x43 CMakeFiles/macropad1.dir/usb_descriptors.c.obj
                0x000000001000923c                desc_hid_report
 *fill*         0x000000001000927f        0x1 
 .rodata.tud_msc_inquiry_cb.str1.4
                0x0000000010009280        0xd CMakeFiles/macropad1.dir/msc_disk.c.obj
                                         0x15 (size before relaxing)
 *fill*         0x000000001000928d        0x3 
 .rodata.panic.str1.4
                0x0000000010009290       0x10 CMakeFiles/macropad1.dir/home/menadue/pico/pico-sdk/src/rp2_common/pico_platform_panic/panic.c.obj
                                         0x12 (size before relaxing)
 .rodata.spin_lock_claim_unused.str1.4
                0x00000000100092a0       0x1b CMakeFiles/macropad1.dir/home/menadue/pico/pico-sdk/src/rp2_common/hardware_sync/sync.c.obj
 *fill*         0x00000000100092bb        0x1 
 .rodata.timer_hardware_alarm_claim.str1.4
                0x00000000100092bc       0x22 CMakeFiles/macropad1.dir/home/menadue/pico/pico-sdk/src/rp2_common/hardware_timer/timer.c.obj
 *fill*         0x00000000100092de        0x2 
 .rodata.hard_assertion_failure.str1.4
                0x00000000100092e0        0xc CMakeFiles/macropad1.dir/home/menadue/pico/pico-sdk/src/rp2_common/pico_runtime/runtime.c.obj
 .rodata.str1.4
                0x00000000100092ec       0x30 CMakeFiles/macropad1.dir/home/menadue/pico/pico-sdk/src/rp2_common/pico_standard_binary_info/standard_binary_info.c.obj
 .rodata.__bi_26
                0x000000001000931c        0xc CMakeFiles/macropad1.dir/home/menadue/pico/pico-sdk/src/rp2_common/pico_standard_binary_info/standard_binary_info.c.obj
 .rodata.__bi_34
                0x0000000010009328        0xc CMakeFiles/macropad1.dir/home/menadue/pico/pico-sdk/src/rp2_common/pico_standard_binary_info/standard_binary_info.c.obj
 .rodata.__bi_42
                0x0000000010009334        0xc CMakeFiles/macropad1.dir/home/menadue/pico/pico-sdk/src/rp2_common/pico_standard_binary_info/standard_binary_info.c.obj
 .rodata.__bi_48
                0x0000000010009340        0xc CMakeFiles/macropad1.dir/home/menadue/pico/pico-sdk/src/rp2_common/pico_standard_binary_info/standard_binary_info.c.obj
 .rodata.__bi_54
                0x000000001000934c        0xc CMakeFiles/macropad1.dir/home/menadue/pico/pico-sdk/src/rp2_common/pico_standard_binary_info/standard_binary_info.c.obj
 .rodata.__bi_84
                0x0000000010009358        0xc CMakeFiles/macropad1.dir/home/menadue/pico/pico-sdk/src/rp2_common/pico_standard_binary_info/standard_binary_info.c.obj
 .rodata._ftoa.str1.4
                0x0000000010009364       0x15 CMakeFiles/macropad1.dir/home/menadue/pico/pico-sdk/src/rp2_common/pico_printf/printf.c.obj
 *fill*         0x0000000010009379        0x3 
 .rodata._vsnprintf
                0x000000001000937c      0x1e0 CMakeFiles/macropad1.dir/home/menadue/pico/pico-sdk/src/rp2_common/pico_printf/printf.c.obj
 *fill*         0x000000001000955c        0x4 
 .rodata.pow10.0
                0x0000000010009560       0x50 CMakeFiles/macropad1.dir/home/menadue/pico/pico-sdk/src/rp2_common/pico_printf/printf.c.obj
 .rodata.crlf_str.0
                0x00000000100095b0        0x2 CMakeFiles/macropad1.dir/home/menadue/pico/pico-sdk/src/rp2_common/pico_stdio/stdio.c.obj
 *fill*         0x00000000100095b2        0x2 
 .rodata.str1.4
                0x00000000100095b4       0x2c CMakeFiles/macropad1.dir/home/menadue/pico/pico-sdk/src/rp2_common/pico_stdio_uart/stdio_uart.c.obj
 .rodata.__bi_45.4
                0x00000000100095e0        0xc CMakeFiles/macropad1.dir/home/menadue/pico/pico-sdk/src/rp2_common/pico_stdio_uart/stdio_uart.c.obj
 .rodata.__bi_49.5
                0x00000000100095ec        0x8 CMakeFiles/macropad1.dir/home/menadue/pico/pico-sdk/src/rp2_common/pico_stdio_uart/stdio_uart.c.obj
 .rodata.__bi_50.6
                0x00000000100095f4        0x8 CMakeFiles/macropad1.dir/home/menadue/pico/pico-sdk/src/rp2_common/pico_stdio_uart/stdio_uart.c.obj
 .rodata.str1.4
                0x00000000100095fc       0x13 CMakeFiles/macropad1.dir/home/menadue/pico/pico-sdk/src/rp2_common/pico_stdio_usb/stdio_usb.c.obj
 *fill*         0x000000001000960f        0x1 
 .rodata.__bi_197.0
                0x0000000010009610        0xc CMakeFiles/macropad1.dir/home/menadue/pico/pico-sdk/src/rp2_common/pico_stdio_usb/stdio_usb.c.obj
 .rodata.str1.4
                0x000000001000961c       0x14 CMakeFiles/macropad1.dir/home/menadue/pico/pico-sdk/lib/tinyusb/src/portable/raspberrypi/rp2040/dcd_rp2040.c.obj
 .rodata.str1.4
                0x0000000010009630       0x48 CMakeFiles/macropad1.dir/home/menadue/pico/pico-sdk/lib/tinyusb/src/portable/raspberrypi/rp2040/rp2040_usb.c.obj
 .rodata.tud_task_ext
                0x0000000010009678       0x8c CMakeFiles/macropad1.dir/home/menadue/pico/pico-sdk/lib/tinyusb/src/device/usbd.c.obj
 .rodata        0x0000000010009704       0x1c CMakeFiles/macropad1.dir/home/menadue/pico/pico-sdk/lib/tinyusb/src/device/usbd.c.obj
 .rodata._usbd_driver
                0x0000000010009720       0x60 CMakeFiles/macropad1.dir/home/menadue/pico/pico-sdk/lib/tinyusb/src/device/usbd.c.obj
 .rodata.hidd_control_xfer_cb
                0x0000000010009780       0x30 CMakeFiles/macropad1.dir/home/menadue/pico/pico-sdk/lib/tinyusb/src/class/hid/hid_device.c.obj
 .rodata.mscd_xfer_cb
                0x00000000100097b0       0x98 CMakeFiles/macropad1.dir/home/menadue/pico/pico-sdk/lib/tinyusb/src/class/msc/msc_device.c.obj
 .rodata.str1.4
                0x0000000010009848       0x48 CMakeFiles/macropad1.dir/home/menadue/pico/pico-sdk/lib/tinyusb/hw/bsp/rp2040/family.c.obj
                                          0x4 (size before relaxing)
 .rodata.__bi_147.0
                0x0000000010009848        0xc CMakeFiles/macropad1.dir/home/menadue/pico/pico-sdk/lib/tinyusb/hw/bsp/rp2040/family.c.obj
 .rodata.__bi_157.1
                0x0000000010009854        0x8 CMakeFiles/macropad1.dir/home/menadue/pico/pico-sdk/lib/tinyusb/hw/bsp/rp2040/family.c.obj
                0x0000000010009890                . = ALIGN (0x4)
 *(SORT_BY_ALIGNMENT(SORT_BY_NAME(.flashdata*)))
                0x0000000010009890                . = ALIGN (0x4)

.ARM.extab
 *(.ARM.extab* .gnu.linkonce.armextab.*)
                0x000000001000985c                __exidx_start = .

.ARM.exidx
 *(.ARM.exidx* .gnu.linkonce.armexidx.*)
                0x000000001000985c                __exidx_end = .
                0x0000000010009890                . = ALIGN (0x4)
                0x000000001000985c                __binary_info_start = .

.binary_info    0x000000001000985c       0x30
 *(.binary_info.keep.*)
 .binary_info.keep.__bi_ptr26
                0x000000001000985c        0x4 CMakeFiles/macropad1.dir/home/menadue/pico/pico-sdk/src/rp2_common/pico_standard_binary_info/standard_binary_info.c.obj
 .binary_info.keep.__bi_ptr34
                0x0000000010009860        0x4 CMakeFiles/macropad1.dir/home/menadue/pico/pico-sdk/src/rp2_common/pico_standard_binary_info/standard_binary_info.c.obj
 .binary_info.keep.__bi_ptr42
                0x0000000010009864        0x4 CMakeFiles/macropad1.dir/home/menadue/pico/pico-sdk/src/rp2_common/pico_standard_binary_info/standard_binary_info.c.obj
 .binary_info.keep.__bi_ptr48
                0x0000000010009868        0x4 CMakeFiles/macropad1.dir/home/menadue/pico/pico-sdk/src/rp2_common/pico_standard_binary_info/standard_binary_info.c.obj
 .binary_info.keep.__bi_ptr54
                0x000000001000986c        0x4 CMakeFiles/macropad1.dir/home/menadue/pico/pico-sdk/src/rp2_common/pico_standard_binary_info/standard_binary_info.c.obj
 .binary_info.keep.__bi_ptr84
                0x0000000010009870        0x4 CMakeFiles/macropad1.dir/home/menadue/pico/pico-sdk/src/rp2_common/pico_standard_binary_info/standard_binary_info.c.obj
 .binary_info.keep.__bi_ptr147
                0x0000000010009874        0x4 CMakeFiles/macropad1.dir/home/menadue/pico/pico-sdk/lib/tinyusb/hw/bsp/rp2040/family.c.obj
 .binary_info.keep.__bi_ptr157
                0x0000000010009878        0x4 CMakeFiles/macropad1.dir/home/menadue/pico/pico-sdk/lib/tinyusb/hw/bsp/rp2040/family.c.obj
 *(.binary_info.*)
 .binary_info.__bi_ptr45
                0x000000001000987c        0x4 CMakeFiles/macropad1.dir/home/menadue/pico/pico-sdk/src/rp2_common/pico_stdio_uart/stdio_uart.c.obj
 .binary_info.__bi_ptr49
                0x0000000010009880        0x4 CMakeFiles/macropad1.dir/home/menadue/pico/pico-sdk/src/rp2_common/pico_stdio_uart/stdio_uart.c.obj
 .binary_info.__bi_ptr50
                0x0000000010009884        0x4 CMakeFiles/macropad1.dir/home/menadue/pico/pico-sdk/src/rp2_common/pico_stdio_uart/stdio_uart.c.obj
 .binary_info.__bi_ptr197
                0x0000000010009888        0x4 CMakeFiles/macropad1.dir/home/menadue/pico/pico-sdk/src/rp2_common/pico_stdio_usb/stdio_usb.c.obj
                0x000000001000988c                __binary_info_end = .

.rel.dyn        0x000000001000988c        0x0
 .rel.iplt      0x000000001000988c        0x0 /usr/lib/gcc/arm-none-eabi/10.3.1/thumb/v6-m/nofp/crtbegin.o
                0x000000001000988c                . = ALIGN (0x4)

.ram_vector_table
                0x0000000020000000       0xc0
 *(.ram_vector_table)
 .ram_vector_table
                0x0000000020000000       0xc0 CMakeFiles/macropad1.dir/home/menadue/pico/pico-sdk/src/rp2_common/pico_runtime_init/runtime_init.c.obj
                0x0000000020000000                ram_vector_table

.uninitialized_data
                0x00000000200000c0        0x0
                0x00000000200000c0                . = ALIGN (0x4)
 *(.uninitialized_data*)

.data           0x00000000200000c0     0x34f8 load address 0x000000001000988c
                0x00000000200000c0                __data_start__ = .
 *(vtable)
 *(.time_critical*)
 .time_critical.mutex_try_enter_block_until
                0x00000000200000c0       0x9c CMakeFiles/macropad1.dir/home/menadue/pico/pico-sdk/src/common/pico_sync/mutex.c.obj
                0x00000000200000c0                mutex_try_enter_block_until
 .time_critical.mutex_enter_timeout_ms
                0x000000002000015c       0x90 CMakeFiles/macropad1.dir/home/menadue/pico/pico-sdk/src/common/pico_sync/mutex.c.obj
                0x000000002000015c                mutex_enter_timeout_ms
 .time_critical.mutex_exit
                0x00000000200001ec       0x28 CMakeFiles/macropad1.dir/home/menadue/pico/pico-sdk/src/common/pico_sync/mutex.c.obj
                0x00000000200001ec                mutex_exit
 .time_critical.flash_init_boot2_copyout
                0x0000000020000214       0x30 CMakeFiles/macropad1.dir/home/menadue/pico/pico-sdk/src/rp2_common/hardware_flash/flash.c.obj
 .time_critical.flash_enable_xip_via_boot2
                0x0000000020000244       0x10 CMakeFiles/macropad1.dir/home/menadue/pico/pico-sdk/src/rp2_common/hardware_flash/flash.c.obj
 .time_critical.flash_cs_force
                0x0000000020000254       0x38 CMakeFiles/macropad1.dir/home/menadue/pico/pico-sdk/src/rp2_common/hardware_flash/flash.c.obj
 .time_critical.flash_do_cmd
                0x000000002000028c       0xc4 CMakeFiles/macropad1.dir/home/menadue/pico/pico-sdk/src/rp2_common/hardware_flash/flash.c.obj
                0x000000002000028c                flash_do_cmd
 .time_critical.reset_non_control_endpoints
                0x0000000020000350       0xbc CMakeFiles/macropad1.dir/home/menadue/pico/pico-sdk/lib/tinyusb/src/portable/raspberrypi/rp2040/dcd_rp2040.c.obj
 .time_critical.hw_handle_buff_status
                0x000000002000040c       0xa8 CMakeFiles/macropad1.dir/home/menadue/pico/pico-sdk/lib/tinyusb/src/portable/raspberrypi/rp2040/dcd_rp2040.c.obj
 .time_critical.dcd_rp2040_irq
                0x00000000200004b4      0x554 CMakeFiles/macropad1.dir/home/menadue/pico/pico-sdk/lib/tinyusb/src/portable/raspberrypi/rp2040/dcd_rp2040.c.obj
 .time_critical.prepare_ep_buffer
                0x0000000020000a08       0xf4 CMakeFiles/macropad1.dir/home/menadue/pico/pico-sdk/lib/tinyusb/src/portable/raspberrypi/rp2040/rp2040_usb.c.obj
 .time_critical.sync_ep_buffer
                0x0000000020000afc       0xb4 CMakeFiles/macropad1.dir/home/menadue/pico/pico-sdk/lib/tinyusb/src/portable/raspberrypi/rp2040/rp2040_usb.c.obj
 .time_critical._hw_endpoint_xfer_sync
                0x0000000020000bb0       0x28 CMakeFiles/macropad1.dir/home/menadue/pico/pico-sdk/lib/tinyusb/src/portable/raspberrypi/rp2040/rp2040_usb.c.obj
 .time_critical.e15_is_bulkin_ep
                0x0000000020000bd8       0x28 CMakeFiles/macropad1.dir/home/menadue/pico/pico-sdk/lib/tinyusb/src/portable/raspberrypi/rp2040/rp2040_usb.c.obj
 .time_critical.e15_is_critical_frame_period
                0x0000000020000c00       0x34 CMakeFiles/macropad1.dir/home/menadue/pico/pico-sdk/lib/tinyusb/src/portable/raspberrypi/rp2040/rp2040_usb.c.obj
 .time_critical.hw_endpoint_reset_transfer
                0x0000000020000c34        0xc CMakeFiles/macropad1.dir/home/menadue/pico/pico-sdk/lib/tinyusb/src/portable/raspberrypi/rp2040/rp2040_usb.c.obj
                0x0000000020000c34                hw_endpoint_reset_transfer
 .time_critical._hw_endpoint_buffer_control_update32
                0x0000000020000c40       0x50 CMakeFiles/macropad1.dir/home/menadue/pico/pico-sdk/lib/tinyusb/src/portable/raspberrypi/rp2040/rp2040_usb.c.obj
                0x0000000020000c40                _hw_endpoint_buffer_control_update32
 .time_critical.hw_endpoint_start_next_buffer
                0x0000000020000c90       0x6c CMakeFiles/macropad1.dir/home/menadue/pico/pico-sdk/lib/tinyusb/src/portable/raspberrypi/rp2040/rp2040_usb.c.obj
                0x0000000020000c90                hw_endpoint_start_next_buffer
 .time_critical.hw_endpoint_xfer_continue
                0x0000000020000cfc       0x40 CMakeFiles/macropad1.dir/home/menadue/pico/pico-sdk/lib/tinyusb/src/portable/raspberrypi/rp2040/rp2040_usb.c.obj
                0x0000000020000cfc                hw_endpoint_xfer_continue
 .time_critical.tinyusb
                0x0000000020000d3c      0x1f0 CMakeFiles/macropad1.dir/home/menadue/pico/pico-sdk/lib/tinyusb/src/device/usbd.c.obj
                0x0000000020000d3c                dcd_event_handler
 .time_critical.get_bootsel_button
                0x0000000020000f2c       0x60 CMakeFiles/macropad1.dir/home/menadue/pico/pico-sdk/lib/tinyusb/hw/bsp/rp2040/family.c.obj
                0x0000000020000f2c                get_bootsel_button
 *(.text*)
 .text          0x0000000020000f8c        0x4 /usr/lib/gcc/arm-none-eabi/10.3.1/thumb/v6-m/nofp/libgcc.a(_dvmd_tls.o)
                0x0000000020000f8c                __aeabi_ldiv0
                0x0000000020000f8c                __aeabi_idiv0
 .text.__stub   0x0000000020000f90       0x80 linker stubs
                0x0000000020001010                . = ALIGN (0x4)
 *(.rodata*)
                0x0000000020001010                . = ALIGN (0x4)
 *(.data*)
 .data.arrow_keys
                0x0000000020001010       0x60 CMakeFiles/macropad1.dir/macropad1.c.obj
                0x0000000020001010                arrow_keys
 .data.current_delta
                0x0000000020001070        0x4 CMakeFiles/macropad1.dir/macropad1.c.obj
                0x0000000020001070                current_delta
 .data.desc_ptr
                0x0000000020001074       0x14 CMakeFiles/macropad1.dir/macropad1.c.obj
                0x0000000020001074                desc_ptr
 .data.init_ptr
                0x0000000020001088       0x14 CMakeFiles/macropad1.dir/macropad1.c.obj
                0x0000000020001088                init_ptr
 .data.last_key
                0x000000002000109c        0x4 CMakeFiles/macropad1.dir/macropad1.c.obj
                0x000000002000109c                last_key
 .data.mode_ptr
                0x00000000200010a0       0x14 CMakeFiles/macropad1.dir/macropad1.c.obj
                0x00000000200010a0                mode_ptr
 .data.serial_cmds
                0x00000000200010b4      0x15c CMakeFiles/macropad1.dir/serial.c.obj
                0x00000000200010b4                serial_cmds
 .data.key_grid_map