Archive member included to satisfy reference by file (symbol)

/usr/lib/gcc/arm-none-eabi/10.3.1/thumb/v6-m/nofp/libgcc.a(_dvmd_tls.o)
                              CMakeFiles/macropad1.dir/home/menadue/pico/pico-sdk/src/rp2_common/pico_divider/divider_hardware.S.obj (__aeabi_idiv0)
/usr/lib/gcc/arm-none-eabi/10.3.1/../../../arm-none-eabi/lib/thumb/v6-m/nofp/libg.a(lib_a-atexit.o)
                              /usr/lib/gcc/arm-none-eabi/10.3.1/../../../arm-none-eabi/lib/thumb/v6-m/nofp/crt0.o (atexit)
/usr/lib/gcc/arm-none-eabi/10.3.1/../../../arm-none-eabi/lib/thumb/v6-m/nofp/libg.a(lib_a-calloc.o)
                              CMakeFiles/macropad1.dir/home/menadue/pico/pico-sdk/src/rp2_common/pico_malloc/malloc.c.obj (calloc)
/usr/lib/gcc/arm-none-eabi/10.3.1/../../../arm-none-eabi/lib/thumb/v6-m/nofp/libg.a(lib_a-callocr.o)
                              /usr/lib/gcc/arm-none-eabi/10.3.1/../../../arm-none-eabi/lib/thumb/v6-m/nofp/libg.a(lib_a-calloc.o) (_calloc_r)
/usr/lib/gcc/arm-none-eabi/10.3.1/../../../arm-none-eabi/lib/thumb/v6-m/nofp/libg.a(lib_a-fini.o)
                              /usr/lib/gcc/arm-none-eabi/10.3.1/../../../arm-none-eabi/lib/thumb/v6-m/nofp/crt0.o (__libc_fini_array)
/usr/lib/gcc/arm-none-eabi/10.3.1/../../../arm-none-eabi/lib/thumb/v6-m/nofp/libg.a(lib_a-impure.o)
                              /usr/lib/gcc/arm-none-eabi/10.3.1/../../../arm-none-eabi/lib/thumb/v6-m/nofp/libg.a(lib_a-calloc.o) (_impure_ptr)
/usr/lib/gcc/arm-none-eabi/10.3.1/../../../arm-none-eabi/lib/thumb/v6-m/nofp/libg.a(lib_a-init.o)
                              /usr/lib/gcc/arm-none-eabi/10.3.1/../../../arm-none-eabi/lib/thumb/v6-m/nofp/crt0.o (__libc_init_array)
/usr/lib/gcc/arm-none-eabi/10.3.1/../../../arm-none-eabi/lib/thumb/v6-m/nofp/libg.a(lib_a-lcltime_r.o)
                              CMakeFiles/macropad1.dir/home/menadue/pico/pico-sdk/src/common/pico_util/datetime.c.obj (localtime_r)
/usr/lib/gcc/arm-none-eabi/10.3.1/../../../arm-none-eabi/lib/thumb/v6-m/nofp/libg.a(lib_a-malloc.o)
                              CMakeFiles/macropad1.dir/home/menadue/pico/pico-sdk/src/rp2_common/pico_malloc/malloc.c.obj (malloc)
/usr/lib/gcc/arm-none-eabi/10.3.1/../../../arm-none-eabi/lib/thumb/v6-m/nofp/libg.a(lib_a-mallocr.o)
                              /usr/lib/gcc/arm-none-eabi/10.3.1/../../../arm-none-eabi/lib/thumb/v6-m/nofp/libg.a(lib_a-callocr.o) (_malloc_r)
/usr/lib/gcc/arm-none-eabi/10.3.1/../../../arm-none-eabi/lib/thumb/v6-m/nofp/libg.a(lib_a-memcmp.o)
                              CMakeFiles/macropad1.dir/home/menadue/pico/pico-sdk/src/rp2_common/pico_atomic/atomic.c.obj (memcmp)
/usr/lib/gcc/arm-none-eabi/10.3.1/../../../arm-none-eabi/lib/thumb/v6-m/nofp/libg.a(lib_a-memmove.o)
                              CMakeFiles/macropad1.dir/home/menadue/pico/pico-sdk/lib/tinyusb/src/class/msc/msc_device.c.obj (memmove)
/usr/lib/gcc/arm-none-eabi/10.3.1/../../../arm-none-eabi/lib/thumb/v6-m/nofp/libg.a(lib_a-mktime.o)
                              CMakeFiles/macropad1.dir/home/menadue/pico/pico-sdk/src/common/pico_util/datetime.c.obj (mktime)
/usr/lib/gcc/arm-none-eabi/10.3.1/../../../arm-none-eabi/lib/thumb/v6-m/nofp/libg.a(lib_a-mlock.o)
                              /usr/lib/gcc/arm-none-eabi/10.3.1/../../../arm-none-eabi/lib/thumb/v6-m/nofp/libg.a(lib_a-mallocr.o) (__malloc_lock)
/usr/lib/gcc/arm-none-eabi/10.3.1/../../../arm-none-eabi/lib/thumb/v6-m/nofp/libg.a(lib_a-month_lengths.o)
                              /usr/lib/gcc/arm-none-eabi/10.3.1/../../../arm-none-eabi/lib/thumb/v6-m/nofp/libg.a(lib_a-lcltime_r.o) (__month_lengths)
/usr/lib/gcc/arm-none-eabi/10.3.1/../../../arm-none-eabi/lib/thumb/v6-m/nofp/libg.a(lib_a-realloc.o)
                              CMakeFiles/macropad1.dir/home/menadue/pico/pico-sdk/src/rp2_common/pico_malloc/malloc.c.obj (realloc)
/usr/lib/gcc/arm-none-eabi/10.3.1/../../../arm-none-eabi/lib/thumb/v6-m/nofp/libg.a(lib_a-reallocr.o)
                              /usr/lib/gcc/arm-none-eabi/10.3.1/../../../arm-none-eabi/lib/thumb/v6-m/nofp/libg.a(lib_a-realloc.o) (_realloc_r)
/usr/lib/gcc/arm-none-eabi/10.3.1/../../../arm-none-eabi/lib/thumb/v6-m/nofp/libg.a(lib_a-sbrkr.o)
                              /usr/lib/gcc/arm-none-eabi/10.3.1/../../../arm-none-eabi/lib/thumb/v6-m/nofp/libg.a(lib_a-mallocr.o) (_sbrk_r)
/usr/lib/gcc/arm-none-eabi/10.3.1/../../../arm-none-eabi/lib/thumb/v6-m/nofp/libg.a(lib_a-strlen-stub.o)
                              CMakeFiles/macropad1.dir/usb_descriptors.c.obj (strlen)
/usr/lib/gcc/arm-none-eabi/10.3.1/../../../arm-none-eabi/lib/thumb/v6-m/nofp/libg.a(lib_a-tzcalc_limits.o)
                              /usr/lib/gcc/arm-none-eabi/10.3.1/../../../arm-none-eabi/lib/thumb/v6-m/nofp/libg.a(lib_a-lcltime_r.o) (__tzcalc_limits)
/usr/lib/gcc/arm-none-eabi/10.3.1/../../../arm-none-eabi/lib/thumb/v6-m/nofp/libg.a(lib_a-tzlock.o)
[...]
Memory Configuration

Name             Origin             Length             Attributes
FLASH            0x0000000010000000 0x0000000000200000 xr
RAM              0x0000000020000000 0x0000000000040000 xrw
SCRATCH_X        0x0000000020040000 0x0000000000001000 xrw
SCRATCH_Y        0x0000000020041000 0x0000000000001000 xrw
*default*        0x0000000000000000 0xffffffffffffffff

Linker script and memory map

LOAD /usr/lib/gcc/arm-none-eabi/10.3.1/thumb/v6-m/nofp/crti.o
LOAD /usr/lib/gcc/arm-none-eabi/10.3.1/thumb/v6-m/nofp/crtbegin.o
LOAD /usr/lib/gcc/arm-none-eabi/10.3.1/../../../arm-none-eabi/lib/thumb/v6-m/nofp/crt0.o

.flash_begin    0x0000000010000000        0x0
                0x0000000010000000                __flash_binary_start = .

.boot2          0x0000000010000000      0x100
                0x0000000010000000                __boot2_start__ = .
 *(.boot2)
 .boot2         0x0000000010000000      0x100 /tmp/cczkH8Cm.o
                0x0000000010000100                __boot2_end__ = .
                0x0000000000000001                ASSERT (((__boot2_end__ - __boot2_start__) == 0x100), ERROR: Pico second stage bootloader must be 256 bytes in size)

.text           0x0000000010000100     0x83fc
                0x0000000010000100                __logical_binary_start = .
 *(.vectors)
 .vectors       0x0000000010000100       0xd4 CMakeFiles/macropad1.dir/home/menadue/pico/pico-sdk/src/rp2_common/pico_crt0/crt0.S.obj
                0x0000000010000100                __vectors
                0x0000000010000100                __VECTOR_TABLE
                0x00000000100001c0                isr_invalid
                0x00000000100001c0                __default_isrs_start
                0x00000000100001c2                isr_nmi
                0x00000000100001c4                isr_hardfault
                0x00000000100001c6                isr_svcall
                0x00000000100001c8                isr_pendsv
                0x00000000100001ca                isr_systick
                0x00000000100001cc                isr_irq30
                0x00000000100001cc                __unhandled_user_irq
                0x00000000100001cc                isr_irq13
                0x00000000100001cc                isr_irq27
                0x00000000100001cc                isr_irq31
                0x00000000100001cc                isr_irq5
                0x00000000100001cc                isr_irq11
                0x00000000100001cc                isr_irq23
                0x00000000100001cc                isr_irq18
                0x00000000100001cc                isr_irq28
                0x00000000100001cc                isr_irq19
                0x00000000100001cc                isr_irq0
                0x00000000100001cc                isr_irq6
                0x00000000100001cc                isr_irq22
                0x00000000100001cc                isr_irq17
                0x00000000100001cc                isr_irq14
                0x00000000100001cc                isr_irq2
                0x00000000100001cc                isr_irq10
                0x00000000100001cc                isr_irq8
                0x00000000100001cc                isr_irq24
                0x00000000100001cc                isr_irq1
                0x00000000100001cc                isr_irq7
                0x00000000100001cc                isr_irq21
                0x00000000100001cc                isr_irq20
                0x00000000100001cc                isr_irq15
                0x00000000100001cc                isr_irq25
                0x00000000100001cc                isr_irq4
                0x00000000100001cc                isr_irq16
                0x00000000100001cc                isr_irq29
                0x00000000100001cc                isr_irq26
                0x00000000100001cc                __default_isrs_end
                0x00000000100001cc                isr_irq3
                0x00000000100001cc                isr_irq12
                0x00000000100001cc                isr_irq9
                0x00000000100001d2                unhandled_user_irq_num_in_r0
 *(.binary_info_header)
 .binary_info_header
                0x00000000100001d4       0x14 CMakeFiles/macropad1.dir/home/menadue/pico/pico-sdk/src/rp2_common/pico_crt0/crt0.S.obj
                0x00000000100001e8                __binary_info_header_end = .
 *(.embedded_block)
                0x00000000100001e8                __embedded_block_end = .
 *(.reset)
 .reset         0x00000000100001e8       0x9c CMakeFiles/macropad1.dir/home/menadue/pico/pico-sdk/src/rp2_common/pico_crt0/crt0.S.obj
                0x00000000100001e8                _entry_point
 *(.init)
 .init          0x0000000010000284        0x4 /usr/lib/gcc/arm-none-eabi/10.3.1/thumb/v6-m/nofp/crti.o
                0x0000000010000284                _init
 *(EXCLUDE_FILE(*libm.a: *libc.a:*lib_a-mem*.o *libgcc.a:) .text*)
 .text          0x0000000010000288       0x98 /usr/lib/gcc/arm-none-eabi/10.3.1/thumb/v6-m/nofp/crtbegin.o
 .text.init_gpios
                0x0000000010000320       0xfc CMakeFiles/macropad1.dir/macropad1.c.obj
                0x0000000010000320                init_gpios
 .text.startup.main
                0x000000001000041c      0x128 CMakeFiles/macropad1.dir/macropad1.c.obj
                0x000000001000041c                main
 .text.tud_hid_descriptor_report_cb
                0x0000000010000544        0x8 CMakeFiles/macropad1.dir/macropad1.c.obj
                0x0000000010000544                tud_hid_descriptor_report_cb
 .text.deliver_key
                0x000000001000054c       0x1c CMakeFiles/macropad1.dir/macropad1.c.obj
                0x000000001000054c                deliver_key
 .text.tud_hid_report_complete_cb
                0x0000000010000568      0x134 CMakeFiles/macropad1.dir/macropad1.c.obj
                0x0000000010000568                tud_hid_report_complete_cb
 .text.tud_hid_get_report_cb
                0x000000001000069c        0x4 CMakeFiles/macropad1.dir/macropad1.c.obj
                0x000000001000069c                tud_hid_get_report_cb
 .text.tud_hid_set_report_cb
                0x00000000100006a0       0x24 CMakeFiles/macropad1.dir/macropad1.c.obj
                0x00000000100006a0                tud_hid_set_report_cb
 .text.tud_mount_cb
                0x00000000100006c4        0x4 CMakeFiles/macropad1.dir/macropad1.c.obj
                0x00000000100006c4                tud_mount_cb
 .text.tud_umount_cb
                0x00000000100006c8        0x4 CMakeFiles/macropad1.dir/macropad1.c.obj
                0x00000000100006c8                tud_umount_cb
 .text.tud_suspend_cb
                0x00000000100006cc        0x4 CMakeFiles/macropad1.dir/macropad1.c.obj
                0x00000000100006cc                tud_suspend_cb
 .text.tud_resume_cb
                0x00000000100006d0        0x4 CMakeFiles/macropad1.dir/macropad1.c.obj
                0x00000000100006d0                tud_resume_cb
 .text.cli_zero_parameter
                0x00000000100006d4        0xc CMakeFiles/macropad1.dir/serial.c.obj
                0x00000000100006d4                cli_zero_parameter
 .text.cli_digit
                0x00000000100006e0       0x24 CMakeFiles/macropad1.dir/serial.c.obj
                0x00000000100006e0                cli_digit
 .text.cli_scan
                0x0000000010000704        0x4 CMakeFiles/macropad1.dir/serial.c.obj
                0x0000000010000704                cli_scan
 .text.cli_boot_mass
                0x0000000010000708        0xc CMakeFiles/macropad1.dir/serial.c.obj
                0x0000000010000708                cli_boot_mass
 .text.cli_drive_row
                0x0000000010000714       0x10 CMakeFiles/macropad1.dir/serial.c.obj
                0x0000000010000714                cli_drive_row
 .text.cli_drive_column
                0x0000000010000724       0x2c CMakeFiles/macropad1.dir/serial.c.obj
                0x0000000010000724                cli_drive_column
 .text.cli_read_adc
                0x0000000010000750       0x30 CMakeFiles/macropad1.dir/serial.c.obj
                0x0000000010000750                cli_read_adc
 .text.cli_init_i2c
                0x0000000010000780        0x8 CMakeFiles/macropad1.dir/serial.c.obj
                0x0000000010000780                cli_init_i2c
 .text.cli_send_key
                0x0000000010000788       0x1c CMakeFiles/macropad1.dir/serial.c.obj
                0x0000000010000788                cli_send_key
 .text.serial_help
                0x00000000100007a4       0x44 CMakeFiles/macropad1.dir/serial.c.obj
                0x00000000100007a4                serial_help
 .text.serial_loop
                0x00000000100007e8       0x50 CMakeFiles/macropad1.dir/serial.c.obj
                0x00000000100007e8                serial_loop
 .text.i2c_init_il31
                0x0000000010000838      0x314 CMakeFiles/macropad1.dir/i2c.c.obj
                0x0000000010000838                i2c_init_il31
 .text.init_usb
                0x0000000010000b4c       0x1c CMakeFiles/macropad1.dir/macropad_usb.c.obj
                0x0000000010000b4c                init_usb
 .text.tud_descriptor_device_cb
                0x0000000010000b68        0x8 CMakeFiles/macropad1.dir/usb_descriptors.c.obj
                0x0000000010000b68                tud_descriptor_device_cb
 .text.tud_descriptor_configuration_cb
                0x0000000010000b70        0x8 CMakeFiles/macropad1.dir/usb_descriptors.c.obj
                0x0000000010000b70                tud_descriptor_configuration_cb
 .text.tud_descriptor_string_cb
                0x0000000010000b78      0x154 CMakeFiles/macropad1.dir/usb_descriptors.c.obj
                0x0000000010000b78                tud_descriptor_string_cb
 .text.tud_msc_inquiry_cb
                0x0000000010000ccc       0x58 CMakeFiles/macropad1.dir/msc_disk.c.obj
                0x0000000010000ccc                tud_msc_inquiry_cb
 .text.tud_msc_test_unit_ready_cb
                0x0000000010000d24       0x24 CMakeFiles/macropad1.dir/msc_disk.c.obj
                0x0000000010000d24                tud_msc_test_unit_ready_cb
 .text.tud_msc_capacity_cb
                0x0000000010000d48        0xc CMakeFiles/macropad1.dir/msc_disk.c.obj
                0x0000000010000d48                tud_msc_capacity_cb
 .text.tud_msc_start_stop_cb
                0x0000000010000d54       0x18 CMakeFiles/macropad1.dir/msc_disk.c.obj
                0x0000000010000d54                tud_msc_start_stop_cb
 .text.tud_msc_read10_cb
                0x0000000010000d6c       0x24 CMakeFiles/macropad1.dir/msc_disk.c.obj
                0x0000000010000d6c                tud_msc_read10_cb
 .text.tud_msc_is_writable_cb
                0x0000000010000d90        0x4 CMakeFiles/macropad1.dir/msc_disk.c.obj
                0x0000000010000d90                tud_msc_is_writable_cb
 .text.tud_msc_write10_cb
                0x0000000010000d94       0x28 CMakeFiles/macropad1.dir/msc_disk.c.obj
                0x0000000010000d94                tud_msc_write10_cb
 .text.tud_msc_scsi_cb
                0x0000000010000dbc       0x14 CMakeFiles/macropad1.dir/msc_disk.c.obj
                0x0000000010000dbc                tud_msc_scsi_cb
 .text.drive_column
                0x0000000010000dd0       0x20 CMakeFiles/macropad1.dir/keyboard.c.obj
                0x0000000010000dd0                drive_column
 .text.drive_row
                0x0000000010000df0       0x78 CMakeFiles/macropad1.dir/keyboard.c.obj
                0x0000000010000df0                drive_row
 .text.init_keyboard
                0x0000000010000e68       0x1c CMakeFiles/macropad1.dir/keyboard.c.obj
                0x0000000010000e68                init_keyboard
 .text.key_scan
                0x0000000010000e84      0x274 CMakeFiles/macropad1.dir/keyboard.c.obj
                0x0000000010000e84                key_scan
 .text.gpio_set_function
                0x00000000100010f8       0x34 CMakeFiles/macropad1.dir/home/menadue/pico/pico-sdk/src/rp2_common/hardware_gpio/gpio.c.obj
                0x00000000100010f8                gpio_set_function
 .text.gpio_set_pulls
                0x000000001000112c       0x34 CMakeFiles/macropad1.dir/home/menadue/pico/pico-sdk/src/rp2_common/hardware_gpio/gpio.c.obj
                0x000000001000112c                gpio_set_pulls
 .text.gpio_set_input_enabled
                0x0000000010001160       0x28 CMakeFiles/macropad1.dir/home/menadue/pico/pico-sdk/src/rp2_common/hardware_gpio/gpio.c.obj
                0x0000000010001160                gpio_set_input_enabled
 .text.gpio_init
                0x0000000010001188       0x40 CMakeFiles/macropad1.dir/home/menadue/pico/pico-sdk/src/rp2_common/hardware_gpio/gpio.c.obj
                0x0000000010001188                gpio_init
 .text.rp2040_chip_version
                0x00000000100011c8        0xc CMakeFiles/macropad1.dir/home/menadue/pico/pico-sdk/src/rp2040/pico_platform/platform.c.obj
                0x00000000100011c8                rp2040_chip_version
 .text.panic    0x00000000100011d4       0x30 CMakeFiles/macropad1.dir/home/menadue/pico/pico-sdk/src/rp2_common/pico_platform_panic/panic.c.obj
                0x00000000100011d4                panic
 .text.hw_claim_or_assert
                0x0000000010001204       0x44 CMakeFiles/macropad1.dir/home/menadue/pico/pico-sdk/src/common/hardware_claim/claim.c.obj
                0x0000000010001204                hw_claim_or_assert
 .text.hw_claim_unused_from_range
                0x0000000010001248       0x9c CMakeFiles/macropad1.dir/home/menadue/pico/pico-sdk/src/common/hardware_claim/claim.c.obj
                0x0000000010001248                hw_claim_unused_from_range
 .text.next_striped_spin_lock_num
                0x00000000100012e4       0x18 CMakeFiles/macropad1.dir/home/menadue/pico/pico-sdk/src/rp2_common/hardware_sync/sync.c.obj
                0x00000000100012e4                next_striped_spin_lock_num
 .text.spin_lock_claim_unused
                0x00000000100012fc       0x20 CMakeFiles/macropad1.dir/home/menadue/pico/pico-sdk/src/rp2_common/hardware_sync/sync.c.obj
                0x00000000100012fc                spin_lock_claim_unused
 .text.spin_locks_reset
                0x000000001000131c       0x1c CMakeFiles/macropad1.dir/home/menadue/pico/pico-sdk/src/rp2_common/hardware_sync_spin_lock/sync_spin_lock.c.obj
                0x000000001000131c                spin_locks_reset
 .text.runtime_init_per_core_irq_priorities
                0x0000000010001338       0x24 CMakeFiles/macropad1.dir/home/menadue/pico/pico-sdk/src/rp2_common/hardware_irq/irq.c.obj
                0x0000000010001338                runtime_init_per_core_irq_priorities
 .text.irq_set_enabled
                0x000000001000135c       0x24 CMakeFiles/macropad1.dir/home/menadue/pico/pico-sdk/src/rp2_common/hardware_irq/irq.c.obj
                0x000000001000135c                irq_set_enabled
 .text.irq_set_exclusive_handler
                0x0000000010001380       0x54 CMakeFiles/macropad1.dir/home/menadue/pico/pico-sdk/src/rp2_common/hardware_irq/irq.c.obj
                0x0000000010001380                irq_set_exclusive_handler
 .text.irq_add_shared_handler
                0x00000000100013d4      0x1e8 CMakeFiles/macropad1.dir/home/menadue/pico/pico-sdk/src/rp2_common/hardware_irq/irq.c.obj
                0x00000000100013d4                irq_add_shared_handler
 .text.irq_remove_handler
                0x00000000100015bc      0x1c4 CMakeFiles/macropad1.dir/home/menadue/pico/pico-sdk/src/rp2_common/hardware_irq/irq.c.obj
                0x00000000100015bc                irq_remove_handler
 .text.irq_add_tail_to_free_list
                0x0000000010001780       0xb4 CMakeFiles/macropad1.dir/home/menadue/pico/pico-sdk/src/rp2_common/hardware_irq/irq.c.obj
                0x0000000010001780                irq_add_tail_to_free_list
 .text.lock_init
                0x0000000010001834       0x10 CMakeFiles/macropad1.dir/home/menadue/pico/pico-sdk/src/common/pico_sync/lock_core.c.obj
                0x0000000010001834                lock_init
 .text.runtime_init_mutex
                0x0000000010001844       0x58 CMakeFiles/macropad1.dir/home/menadue/pico/pico-sdk/src/common/pico_sync/mutex.c.obj
                0x0000000010001844                runtime_init_mutex
 .text.mutex_init
                0x000000001000189c       0x1c CMakeFiles/macropad1.dir/home/menadue/pico/pico-sdk/src/common/pico_sync/mutex.c.obj
                0x000000001000189c                mutex_init
 .text.critical_section_init
                0x00000000100018b8       0x20 CMakeFiles/macropad1.dir/home/menadue/pico/pico-sdk/src/common/pico_sync/critical_section.c.obj
                0x00000000100018b8                critical_section_init
 .text.sleep_until_callback
                0x00000000100018d8       0x30 CMakeFiles/macropad1.dir/home/menadue/pico/pico-sdk/src/common/pico_time/time.c.obj
 .text.alarm_pool_irq_handler
                0x0000000010001908      0x2e4 CMakeFiles/macropad1.dir/home/menadue/pico/pico-sdk/src/common/pico_time/time.c.obj
 .text.runtime_init_default_alarm_pool
                0x0000000010001bec       0xdc CMakeFiles/macropad1.dir/home/menadue/pico/pico-sdk/src/common/pico_time/time.c.obj
                0x0000000010001bec                runtime_init_default_alarm_pool
 .text.alarm_pool_get_default
                0x0000000010001cc8        0x8 CMakeFiles/macropad1.dir/home/menadue/pico/pico-sdk/src/common/pico_time/time.c.obj
                0x0000000010001cc8                alarm_pool_get_default
 .text.alarm_pool_add_alarm_at_force_in_context
                0x0000000010001cd0       0xb0 CMakeFiles/macropad1.dir/home/menadue/pico/pico-sdk/src/common/pico_time/time.c.obj
                0x0000000010001cd0                alarm_pool_add_alarm_at_force_in_context
 .text.alarm_pool_cancel_alarm
                0x0000000010001d80       0x7c CMakeFiles/macropad1.dir/home/menadue/pico/pico-sdk/src/common/pico_time/time.c.obj
                0x0000000010001d80                alarm_pool_cancel_alarm
 .text.alarm_pool_core_num
                0x0000000010001dfc        0x4 CMakeFiles/macropad1.dir/home/menadue/pico/pico-sdk/src/common/pico_time/time.c.obj
                0x0000000010001dfc                alarm_pool_core_num
 .text.sleep_until
                0x0000000010001e00       0xd0 CMakeFiles/macropad1.dir/home/menadue/pico/pico-sdk/src/common/pico_time/time.c.obj
                0x0000000010001e00                sleep_until
 .text.sleep_ms
                0x0000000010001ed0       0x34 CMakeFiles/macropad1.dir/home/menadue/pico/pico-sdk/src/common/pico_time/time.c.obj
                0x0000000010001ed0                sleep_ms
 .text.best_effort_wfe_or_timeout
                0x0000000010001f04      0x11c CMakeFiles/macropad1.dir/home/menadue/pico/pico-sdk/src/common/pico_time/time.c.obj
                0x0000000010001f04                best_effort_wfe_or_timeout
 .text.timer_hardware_alarm_claim
                0x0000000010002020       0x14 CMakeFiles/macropad1.dir/home/menadue/pico/pico-sdk/src/rp2_common/hardware_timer/timer.c.obj
                0x0000000010002020                timer_hardware_alarm_claim
 .text.timer_time_us_64
                0x0000000010002034       0x10 CMakeFiles/macropad1.dir/home/menadue/pico/pico-sdk/src/rp2_common/hardware_timer/timer.c.obj
                0x0000000010002034                timer_time_us_64
 .text.time_us_64
                0x0000000010002044       0x14 CMakeFiles/macropad1.dir/home/menadue/pico/pico-sdk/src/rp2_common/hardware_timer/timer.c.obj
                0x0000000010002044                time_us_64
 .text.busy_wait_us
                0x0000000010002058       0x54 CMakeFiles/macropad1.dir/home/menadue/pico/pico-sdk/src/rp2_common/hardware_timer/timer.c.obj
                0x0000000010002058                busy_wait_us
 .text.busy_wait_until
                0x00000000100020ac       0x20 CMakeFiles/macropad1.dir/home/menadue/pico/pico-sdk/src/rp2_common/hardware_timer/timer.c.obj
                0x00000000100020ac                busy_wait_until
 .text.uart_init
                0x00000000100020cc      0x11c CMakeFiles/macropad1.dir/home/menadue/pico/pico-sdk/src/rp2_common/hardware_uart/uart.c.obj
                0x00000000100020cc                uart_init
 .text.clock_configure_int_divider
                0x00000000100021e8       0xf4 CMakeFiles/macropad1.dir/home/menadue/pico/pico-sdk/src/rp2_common/hardware_clocks/clocks.c.obj
                0x00000000100021e8                clock_configure_int_divider
 .text.clock_configure_undivided
                0x00000000100022dc       0xe8 CMakeFiles/macropad1.dir/home/menadue/pico/pico-sdk/src/rp2_common/hardware_clocks/clocks.c.obj
                0x00000000100022dc                clock_configure_undivided
 .text.clock_get_hz
                0x00000000100023c4        0xc CMakeFiles/macropad1.dir/home/menadue/pico/pico-sdk/src/rp2_common/hardware_clocks/clocks.c.obj
                0x00000000100023c4                clock_get_hz
 .text.pll_init
                0x00000000100023d0       0xa0 CMakeFiles/macropad1.dir/home/menadue/pico/pico-sdk/src/rp2_common/hardware_pll/pll.c.obj
                0x00000000100023d0                pll_init
 .text.tick_start
                0x0000000010002470       0x10 CMakeFiles/macropad1.dir/home/menadue/pico/pico-sdk/src/rp2_common/hardware_ticks/ticks.c.obj
                0x0000000010002470                tick_start
 .text.xosc_init
                0x0000000010002480       0x28 CMakeFiles/macropad1.dir/home/menadue/pico/pico-sdk/src/rp2_common/hardware_xosc/xosc.c.obj
                0x0000000010002480                xosc_init
 .text.first_per_core_initializer
                0x00000000100024a8        0x4 CMakeFiles/macropad1.dir/home/menadue/pico/pico-sdk/src/rp2_common/pico_runtime/runtime.c.obj
 .text.hard_assertion_failure
                0x00000000100024ac        0xc CMakeFiles/macropad1.dir/home/menadue/pico/pico-sdk/src/rp2_common/pico_runtime/runtime.c.obj
                0x00000000100024ac                hard_assertion_failure
 .text.runtime_run_initializers
                0x00000000100024b8       0x28 CMakeFiles/macropad1.dir/home/menadue/pico/pico-sdk/src/rp2_common/pico_runtime/runtime.c.obj
                0x00000000100024b8                runtime_run_initializers
 .text.runtime_init_early_resets
                0x00000000100024e0       0x2c CMakeFiles/macropad1.dir/home/menadue/pico/pico-sdk/src/rp2_common/pico_runtime_init/runtime_init.c.obj
                0x00000000100024e0                runtime_init_early_resets
 .text.runtime_init_usb_power_down
                0x000000001000250c       0x1c CMakeFiles/macropad1.dir/home/menadue/pico/pico-sdk/src/rp2_common/pico_runtime_init/runtime_init.c.obj
                0x000000001000250c                runtime_init_usb_power_down
 .text.runtime_init_post_clock_resets
                0x0000000010002528       0x20 CMakeFiles/macropad1.dir/home/menadue/pico/pico-sdk/src/rp2_common/pico_runtime_init/runtime_init.c.obj
                0x0000000010002528                runtime_init_post_clock_resets
 .text.runtime_init_rp2040_gpio_ie_disable
                0x0000000010002548       0x14 CMakeFiles/macropad1.dir/home/menadue/pico/pico-sdk/src/rp2_common/pico_runtime_init/runtime_init.c.obj
                0x0000000010002548                runtime_init_rp2040_gpio_ie_disable
 .text.runtime_init_spin_locks_reset
                0x000000001000255c        0x8 CMakeFiles/macropad1.dir/home/menadue/pico/pico-sdk/src/rp2_common/pico_runtime_init/runtime_init.c.obj
                0x000000001000255c                runtime_init_spin_locks_reset
 .text.runtime_init_install_ram_vector_table
                0x0000000010002564       0x1c CMakeFiles/macropad1.dir/home/menadue/pico/pico-sdk/src/rp2_common/pico_runtime_init/runtime_init.c.obj
                0x0000000010002564                runtime_init_install_ram_vector_table
 .text.runtime_init_clocks
                0x0000000010002580       0xd8 CMakeFiles/macropad1.dir/home/menadue/pico/pico-sdk/src/rp2_common/pico_runtime_init/runtime_init_clocks.c.obj
                0x0000000010002580                runtime_init_clocks
 .text          0x0000000010002658       0x10 CMakeFiles/macropad1.dir/home/menadue/pico/pico-sdk/src/rp2_common/pico_bit_ops/bit_ops_aeabi.S.obj
 .text.rom_func_lookup
                0x0000000010002668       0x10 CMakeFiles/macropad1.dir/home/menadue/pico/pico-sdk/src/rp2_common/pico_bootrom/bootrom.c.obj
                0x0000000010002668                rom_func_lookup
 .text.rom_data_lookup
                0x0000000010002678       0x10 CMakeFiles/macropad1.dir/home/menadue/pico/pico-sdk/src/rp2_common/pico_bootrom/bootrom.c.obj
                0x0000000010002678                rom_data_lookup
 .text.rom_funcs_lookup
                0x0000000010002688       0x44 CMakeFiles/macropad1.dir/home/menadue/pico/pico-sdk/src/rp2_common/pico_bootrom/bootrom.c.obj
                0x0000000010002688                rom_funcs_lookup
 .text.rom_reset_usb_boot
                0x00000000100026cc       0x20 CMakeFiles/macropad1.dir/home/menadue/pico/pico-sdk/src/rp2_common/pico_bootrom/bootrom.c.obj
                0x00000000100026cc                rom_reset_usb_boot
 .text.__wrap___aeabi_idiv
                0x00000000100026ec       0x50 CMakeFiles/macropad1.dir/home/menadue/pico/pico-sdk/src/rp2_common/pico_divider/divider_hardware.S.obj
                0x00000000100026ec                __wrap___aeabi_idivmod
                0x00000000100026ec                divmod_s32s32
                0x00000000100026ec                div_s32s32
                0x00000000100026ec                __wrap___aeabi_idiv
                0x00000000100026f4                divmod_s32s32_unsafe
                0x0000000010002720                divmod_s32s32_savestate
 .text.__wrap___aeabi_uidiv
                0x000000001000273c       0x4c CMakeFiles/macropad1.dir/home/menadue/pico/pico-sdk/src/rp2_common/pico_divider/divider_hardware.S.obj
                0x000000001000273c                __wrap___aeabi_uidiv
                0x000000001000273c                __wrap___aeabi_uidivmod
                0x000000001000273c                div_u32u32
                0x000000001000273c                divmod_u32u32
                0x0000000010002744                divmod_u32u32_unsafe
                0x000000001000276c                divmod_u32u32_savestate
 .text.__wrap___aeabi_ldiv
                0x0000000010002788      0x424 CMakeFiles/macropad1.dir/home/menadue/pico/pico-sdk/src/rp2_common/pico_divider/divider_hardware.S.obj
                0x0000000010002788                div_s64s64
                0x0000000010002788                divmod_s64s64
                0x0000000010002788                __wrap___aeabi_ldivmod
                0x00000000100027b8                div_u64u64
                0x00000000100027b8                divmod_u64u64
                0x00000000100027b8                __wrap___aeabi_uldivmod
                0x00000000100027c8                divmod_u64u64_savestate
                0x00000000100027e8                divmod_s64s64_unsafe
                0x0000000010002870                divmod_u64u64_unsafe
 .text.__wrap___aeabi_darithmetic
                0x0000000010002bac       0x80 CMakeFiles/macropad1.dir/home/menadue/pico/pico-sdk/src/rp2_common/pico_double/double_aeabi_rp2040.S.obj
                0x0000000010002bac                __wrap___aeabi_drsub
                0x0000000010002bb2                __wrap___aeabi_dsub
                0x0000000010002bc4                __wrap___aeabi_dadd
                0x0000000010002bd6                __wrap___aeabi_ddiv
                0x0000000010002c12                __wrap___aeabi_dmul
 .text.__wrap___aeabi_cdcmple
                0x0000000010002c2c       0x6c CMakeFiles/macropad1.dir/home/menadue/pico/pico-sdk/src/rp2_common/pico_double/double_aeabi_rp2040.S.obj
                0x0000000010002c2c                __wrap___aeabi_cdrcmple
                0x0000000010002c3c                __wrap___aeabi_cdcmple
                0x0000000010002c3c                __wrap___aeabi_cdcmpeq
 .text.__wrap___aeabi_dcmplt
                0x0000000010002c98        0xc CMakeFiles/macropad1.dir/home/menadue/pico/pico-sdk/src/rp2_common/pico_double/double_aeabi_rp2040.S.obj
                0x0000000010002c98                __wrap___aeabi_dcmplt
 .text.__wrap___aeabi_dcmple
                0x0000000010002ca4       0x10 CMakeFiles/macropad1.dir/home/menadue/pico/pico-sdk/src/rp2_common/pico_double/double_aeabi_rp2040.S.obj
                0x0000000010002ca4                __wrap___aeabi_dcmple
 .text.__wrap___aeabi_dcmpge
                0x0000000010002cb4       0x10 CMakeFiles/macropad1.dir/home/menadue/pico/pico-sdk/src/rp2_common/pico_double/double_aeabi_rp2040.S.obj
                0x0000000010002cb4                __wrap___aeabi_dcmpge
 .text.__wrap___aeabi_dcmpgt
                0x0000000010002cc4        0xa CMakeFiles/macropad1.dir/home/menadue/pico/pico-sdk/src/rp2_common/pico_double/double_aeabi_rp2040.S.obj
                0x0000000010002cc4                __wrap___aeabi_dcmpgt
 .text.__wrap___aeabi_dcmpun
                0x0000000010002cce       0x18 CMakeFiles/macropad1.dir/home/menadue/pico/pico-sdk/src/rp2_common/pico_double/double_aeabi_rp2040.S.obj
                0x0000000010002cce                __wrap___aeabi_dcmpun
 *fill*         0x0000000010002ce6        0x2 
 .text.__wrap___aeabi_i2d
                0x0000000010002ce8       0x38 CMakeFiles/macropad1.dir/home/menadue/pico/pico-sdk/src/rp2_common/pico_double/double_aeabi_rp2040.S.obj
                0x0000000010002ce8                __wrap___aeabi_ui2d
                0x0000000010002cf0                __wrap___aeabi_i2d
 .text.__wrap___aeabi_d2iz
                0x0000000010002d20       0x48 CMakeFiles/macropad1.dir/home/menadue/pico/pico-sdk/src/rp2_common/pico_double/double_aeabi_rp2040.S.obj
                0x0000000010002d20                __wrap___aeabi_d2iz
                0x0000000010002d20                double2int_z
 .text.__wrap___aeabi_d2uiz
                0x0000000010002d68       0x18 CMakeFiles/macropad1.dir/home/menadue/pico/pico-sdk/src/rp2_common/pico_double/double_aeabi_rp2040.S.obj
                0x0000000010002d68                double2uint
                0x0000000010002d68                __wrap___aeabi_d2uiz
 .text.__aeabi_double_init
                0x0000000010002d80       0xa0 CMakeFiles/macropad1.dir/home/menadue/pico/pico-sdk/src/rp2_common/pico_double/double_init_rom_rp2040.c.obj
                0x0000000010002d80                __aeabi_double_init
 .text.double_table_shim_on_use_helper
                0x0000000010002e20       0x2c CMakeFiles/macropad1.dir/home/menadue/pico/pico-sdk/src/rp2_common/pico_double/double_v1_rom_shim_rp2040.S.obj
                0x0000000010002e20                double_table_shim_on_use_helper
 .text.__wrap___aeabi_dsub
                0x0000000010002e4c       0x10 CMakeFiles/macropad1.dir/home/menadue/pico/pico-sdk/src/rp2_common/pico_double/double_v1_rom_shim_rp2040.S.obj
                0x0000000010002e4c                drsub_shim
                0x0000000010002e52                dsub_shim
 .text.dadd_shim
                0x0000000010002e5c      0x15c CMakeFiles/macropad1.dir/home/menadue/pico/pico-sdk/src/rp2_common/pico_double/double_v1_rom_shim_rp2040.S.obj
                0x0000000010002e5c                dadd_shim
 .text.dmul_shim
                0x0000000010002fb8      0x15c CMakeFiles/macropad1.dir/home/menadue/pico/pico-sdk/src/rp2_common/pico_double/double_v1_rom_shim_rp2040.S.obj
                0x0000000010002fb8                dmul_shim
 .text.ddiv_shim
                0x0000000010003114      0x1b0 CMakeFiles/macropad1.dir/home/menadue/pico/pico-sdk/src/rp2_common/pico_double/double_v1_rom_shim_rp2040.S.obj
                0x0000000010003114                ddiv_shim
 .text.double2uint_shim
                0x00000000100032c4        0xe CMakeFiles/macropad1.dir/home/menadue/pico/pico-sdk/src/rp2_common/pico_double/double_v1_rom_shim_rp2040.S.obj
                0x00000000100032c4                double2uint_shim
                0x00000000100032c6                double2ufix_shim
 *fill*         0x00000000100032d2        0x2 
 .text.double2uint64_shim
                0x00000000100032d4       0x70 CMakeFiles/macropad1.dir/home/menadue/pico/pico-sdk/src/rp2_common/pico_double/double_v1_rom_shim_rp2040.S.obj
                0x00000000100032d4                double2uint64_shim
                0x00000000100032d6                double2ufix64_shim
                0x00000000100032f6                d2fix_a
 .text.dunpacks
                0x0000000010003344       0x3c CMakeFiles/macropad1.dir/home/menadue/pico/pico-sdk/src/rp2_common/pico_double/double_v1_rom_shim_rp2040.S.obj
                0x0000000010003344                dunpacks
 .text.__aeabi_lmul
                0x0000000010003380       0x32 CMakeFiles/macropad1.dir/home/menadue/pico/pico-sdk/src/rp2_common/pico_int64_ops/pico_int64_ops_aeabi.S.obj
                0x0000000010003380                __wrap___aeabi_lmul
 *fill*         0x00000000100033b2        0x2 
 .text.__aeabi_float_init
                0x00000000100033b4       0x64 CMakeFiles/macropad1.dir/home/menadue/pico/pico-sdk/src/rp2_common/pico_float/float_init_rom_rp2040.c.obj
                0x00000000100033b4                __aeabi_float_init
 .text.float_table_shim_on_use_helper
                0x0000000010003418       0x2c CMakeFiles/macropad1.dir/home/menadue/pico/pico-sdk/src/rp2_common/pico_float/float_v1_rom_shim_rp2040.S.obj
                0x0000000010003418                float_table_shim_on_use_helper
 .text          0x0000000010003444       0x10 CMakeFiles/macropad1.dir/home/menadue/pico/pico-sdk/src/rp2_common/pico_mem_ops/mem_ops_aeabi.S.obj
                0x0000000010003444                __aeabi_mem_init
 .text.memset   0x0000000010003454        0xc CMakeFiles/macropad1.dir/home/menadue/pico/pico-sdk/src/rp2_common/pico_mem_ops/mem_ops_aeabi.S.obj
                0x0000000010003454                __wrap_memset
 .text.memcpy   0x0000000010003460        0xc CMakeFiles/macropad1.dir/home/menadue/pico/pico-sdk/src/rp2_common/pico_mem_ops/mem_ops_aeabi.S.obj
                0x0000000010003460                __wrap___aeabi_memcpy
                0x0000000010003460                __wrap_memcpy
 .text._out_null
                0x000000001000346c        0x4 CMakeFiles/macropad1.dir/home/menadue/pico/pico-sdk/src/rp2_common/pico_printf/printf.c.obj
 .text._out_rev
                0x0000000010003470       0x9c CMakeFiles/macropad1.dir/home/menadue/pico/pico-sdk/src/rp2_common/pico_printf/printf.c.obj
 .text._ntoa_format
                0x000000001000350c      0x1cc CMakeFiles/macropad1.dir/home/menadue/pico/pico-sdk/src/rp2_common/pico_printf/printf.c.obj
 .text._out_char
                0x00000000100036d8       0x10 CMakeFiles/macropad1.dir/home/menadue/pico/pico-sdk/src/rp2_common/pico_printf/printf.c.obj
 .text._out_fct
                0x00000000100036e8       0x10 CMakeFiles/macropad1.dir/home/menadue/pico/pico-sdk/src/rp2_common/pico_printf/printf.c.obj
 .text._etoa    0x00000000100036f8      0x44c CMakeFiles/macropad1.dir/home/menadue/pico/pico-sdk/src/rp2_common/pico_printf/printf.c.obj
 .text._ftoa    0x0000000010003b44      0x398 CMakeFiles/macropad1.dir/home/menadue/pico/pico-sdk/src/rp2_common/pico_printf/printf.c.obj
 .text._vsnprintf
                0x0000000010003edc      0xb04 CMakeFiles/macropad1.dir/home/menadue/pico/pico-sdk/src/rp2_common/pico_printf/printf.c.obj
 .text.vfctprintf
                0x00000000100049e0       0x20 CMakeFiles/macropad1.dir/home/menadue/pico/pico-sdk/src/rp2_common/pico_printf/printf.c.obj
                0x00000000100049e0                vfctprintf
 .text.weak_raw_vprintf
                0x0000000010004a00       0x30 CMakeFiles/macropad1.dir/home/menadue/pico/pico-sdk/src/rp2_common/pico_printf/printf.c.obj
                0x0000000010004a00                weak_raw_vprintf
 .text._exit    0x0000000010004a30        0x4 CMakeFiles/macropad1.dir/home/menadue/pico/pico-sdk/src/rp2_common/pico_clib_interface/newlib_interface.c.obj
                0x0000000010004a30                _exit
 .text.exit     0x0000000010004a34        0x8 CMakeFiles/macropad1.dir/home/menadue/pico/pico-sdk/src/rp2_common/pico_clib_interface/newlib_interface.c.obj
                0x0000000010004a34                exit
 .text.runtime_init
                0x0000000010004a3c       0x2c CMakeFiles/macropad1.dir/home/menadue/pico/pico-sdk/src/rp2_common/pico_clib_interface/newlib_interface.c.obj
                0x0000000010004a3c                runtime_init
 .text.stdio_out_chars_no_crlf
                0x0000000010004a68       0x10 CMakeFiles/macropad1.dir/home/menadue/pico/pico-sdk/src/rp2_common/pico_stdio/stdio.c.obj
 .text.stdio_out_chars_crlf
                0x0000000010004a78       0xb4 CMakeFiles/macropad1.dir/home/menadue/pico/pico-sdk/src/rp2_common/pico_stdio/stdio.c.obj
 .text.stdio_buffered_printer
                0x0000000010004b2c       0x64 CMakeFiles/macropad1.dir/home/menadue/pico/pico-sdk/src/rp2_common/pico_stdio/stdio.c.obj
 .text.stdio_put_string
                0x0000000010004b90      0x100 CMakeFiles/macropad1.dir/home/menadue/pico/pico-sdk/src/rp2_common/pico_stdio/stdio.c.obj
                0x0000000010004b90                stdio_put_string
 .text.stdio_set_driver_enabled
                0x0000000010004c90       0x30 CMakeFiles/macropad1.dir/home/menadue/pico/pico-sdk/src/rp2_common/pico_stdio/stdio.c.obj
                0x0000000010004c90                stdio_set_driver_enabled
 .text.stdio_init_all
                0x0000000010004cc0       0x10 CMakeFiles/macropad1.dir/home/menadue/pico/pico-sdk/src/rp2_common/pico_stdio/stdio.c.obj
                0x0000000010004cc0                stdio_init_all
 .text.stdio_getchar_timeout_us
                0x0000000010004cd0       0x98 CMakeFiles/macropad1.dir/home/menadue/pico/pico-sdk/src/rp2_common/pico_stdio/stdio.c.obj
                0x0000000010004cd0                stdio_getchar_timeout_us
 .text.__wrap_putchar
                0x0000000010004d68       0x98 CMakeFiles/macropad1.dir/home/menadue/pico/pico-sdk/src/rp2_common/pico_stdio/stdio.c.obj
                0x0000000010004d68                stdio_putchar
                0x0000000010004d68                __wrap_putchar
 .text.__wrap_puts
                0x0000000010004e00       0x3c CMakeFiles/macropad1.dir/home/menadue/pico/pico-sdk/src/rp2_common/pico_stdio/stdio.c.obj
                0x0000000010004e00                __wrap_puts
                0x0000000010004e00                stdio_puts
 .text.__wrap_vprintf
                0x0000000010004e3c       0xd8 CMakeFiles/macropad1.dir/home/menadue/pico/pico-sdk/src/rp2_common/pico_stdio/stdio.c.obj
                0x0000000010004e3c                __wrap_vprintf
                0x0000000010004e3c                stdio_vprintf
 .text.__wrap_printf
                0x0000000010004f14       0x18 CMakeFiles/macropad1.dir/home/menadue/pico/pico-sdk/src/rp2_common/pico_stdio/stdio.c.obj
                0x0000000010004f14                stdio_printf
                0x0000000010004f14                __wrap_printf
 .text.stdio_uart_out_chars
                0x0000000010004f2c       0x4c CMakeFiles/macropad1.dir/home/menadue/pico/pico-sdk/src/rp2_common/pico_stdio_uart/stdio_uart.c.obj
 .text.stdio_uart_in_chars
                0x0000000010004f78       0x84 CMakeFiles/macropad1.dir/home/menadue/pico/pico-sdk/src/rp2_common/pico_stdio_uart/stdio_uart.c.obj
                0x0000000010004f78                stdio_uart_in_chars
 .text.on_uart_rx
                0x0000000010004ffc       0x28 CMakeFiles/macropad1.dir/home/menadue/pico/pico-sdk/src/rp2_common/pico_stdio_uart/stdio_uart.c.obj
 .text.stdio_uart_out_flush
                0x0000000010005024       0x10 CMakeFiles/macropad1.dir/home/menadue/pico/pico-sdk/src/rp2_common/pico_stdio_uart/stdio_uart.c.obj
 .text.stdio_uart_set_chars_available_callback
                0x0000000010005034       0x8c CMakeFiles/macropad1.dir/home/menadue/pico/pico-sdk/src/rp2_common/pico_stdio_uart/stdio_uart.c.obj
 .text.stdio_uart_init
                0x00000000100050c0       0x50 CMakeFiles/macropad1.dir/home/menadue/pico/pico-sdk/src/rp2_common/pico_stdio_uart/stdio_uart.c.obj
                0x00000000100050c0                stdio_uart_init
 .text.stdio_uart_init_full
                0x0000000010005110       0x3c CMakeFiles/macropad1.dir/home/menadue/pico/pico-sdk/src/rp2_common/pico_stdio_uart/stdio_uart.c.obj
                0x0000000010005110                stdio_uart_init_full
 .text.stdio_usb_set_chars_available_callback
                0x000000001000514c        0x4 CMakeFiles/macropad1.dir/home/menadue/pico/pico-sdk/src/rp2_common/pico_stdio_usb/stdio_usb.c.obj
                0x000000001000514c                stdio_usb_set_chars_available_callback
 .text.stdio_usb_in_chars
                0x0000000010005150       0x90 CMakeFiles/macropad1.dir/home/menadue/pico/pico-sdk/src/rp2_common/pico_stdio_usb/stdio_usb.c.obj
                0x0000000010005150                stdio_usb_in_chars
 .text.stdio_usb_out_flush
                0x00000000100051e0       0x50 CMakeFiles/macropad1.dir/home/menadue/pico/pico-sdk/src/rp2_common/pico_stdio_usb/stdio_usb.c.obj
 .text.stdio_usb_out_chars
                0x0000000010005230      0x100 CMakeFiles/macropad1.dir/home/menadue/pico/pico-sdk/src/rp2_common/pico_stdio_usb/stdio_usb.c.obj
 .text.stdio_usb_init
                0x0000000010005330       0x44 CMakeFiles/macropad1.dir/home/menadue/pico/pico-sdk/src/rp2_common/pico_stdio_usb/stdio_usb.c.obj
                0x0000000010005330                stdio_usb_init
 .text.startup._retrieve_unique_id_on_boot
                0x0000000010005374       0x10 CMakeFiles/macropad1.dir/home/menadue/pico/pico-sdk/src/rp2_common/pico_unique_id/unique_id.c.obj
 .text.pico_get_unique_board_id
                0x0000000010005384       0x10 CMakeFiles/macropad1.dir/home/menadue/pico/pico-sdk/src/rp2_common/pico_unique_id/unique_id.c.obj
                0x0000000010005384                pico_get_unique_board_id
 .text.flash_get_unique_id
                0x0000000010005394       0x40 CMakeFiles/macropad1.dir/home/menadue/pico/pico-sdk/src/rp2_common/hardware_flash/flash.c.obj
                0x0000000010005394                flash_get_unique_id
 .text.dcd_init
                0x00000000100053d4       0x8c CMakeFiles/macropad1.dir/home/menadue/pico/pico-sdk/lib/tinyusb/src/portable/raspberrypi/rp2040/dcd_rp2040.c.obj
                0x00000000100053d4                dcd_init
 .text.dcd_int_enable
                0x0000000010005460        0xc CMakeFiles/macropad1.dir/home/menadue/pico/pico-sdk/lib/tinyusb/src/portable/raspberrypi/rp2040/dcd_rp2040.c.obj
                0x0000000010005460                dcd_int_enable
 .text.dcd_set_address
                0x000000001000546c       0x14 CMakeFiles/macropad1.dir/home/menadue/pico/pico-sdk/lib/tinyusb/src/portable/raspberrypi/rp2040/dcd_rp2040.c.obj
                0x000000001000546c                dcd_set_address
 .text.dcd_remote_wakeup
                0x0000000010005480       0x18 CMakeFiles/macropad1.dir/home/menadue/pico/pico-sdk/lib/tinyusb/src/portable/raspberrypi/rp2040/dcd_rp2040.c.obj
                0x0000000010005480                dcd_remote_wakeup
 .text.dcd_sof_enable
                0x0000000010005498       0x1c CMakeFiles/macropad1.dir/home/menadue/pico/pico-sdk/lib/tinyusb/src/portable/raspberrypi/rp2040/dcd_rp2040.c.obj
                0x0000000010005498                dcd_sof_enable
 .text.dcd_edpt0_status_complete
                0x00000000100054b4       0x1c CMakeFiles/macropad1.dir/home/menadue/pico/pico-sdk/lib/tinyusb/src/portable/raspberrypi/rp2040/dcd_rp2040.c.obj
                0x00000000100054b4                dcd_edpt0_status_complete
 .text.dcd_edpt_open
                0x00000000100054d0      0x108 CMakeFiles/macropad1.dir/home/menadue/pico/pico-sdk/lib/tinyusb/src/portable/raspberrypi/rp2040/dcd_rp2040.c.obj
                0x00000000100054d0                dcd_edpt_open
 .text.dcd_edpt_close_all
                0x00000000100055d8        0x8 CMakeFiles/macropad1.dir/home/menadue/pico/pico-sdk/lib/tinyusb/src/portable/raspberrypi/rp2040/dcd_rp2040.c.obj
                0x00000000100055d8                dcd_edpt_close_all
 .text.dcd_edpt_xfer
                0x00000000100055e0       0x24 CMakeFiles/macropad1.dir/home/menadue/pico/pico-sdk/lib/tinyusb/src/portable/raspberrypi/rp2040/dcd_rp2040.c.obj
                0x00000000100055e0                dcd_edpt_xfer
 .text.dcd_edpt_stall
                0x0000000010005604       0x38 CMakeFiles/macropad1.dir/home/menadue/pico/pico-sdk/lib/tinyusb/src/portable/raspberrypi/rp2040/dcd_rp2040.c.obj
                0x0000000010005604                dcd_edpt_stall
 .text.dcd_edpt_clear_stall
                0x000000001000563c       0x30 CMakeFiles/macropad1.dir/home/menadue/pico/pico-sdk/lib/tinyusb/src/portable/raspberrypi/rp2040/dcd_rp2040.c.obj
                0x000000001000563c                dcd_edpt_clear_stall
 .text.rp2040_usb_init
                0x000000001000566c       0x40 CMakeFiles/macropad1.dir/home/menadue/pico/pico-sdk/lib/tinyusb/src/portable/raspberrypi/rp2040/rp2040_usb.c.obj
                0x000000001000566c                rp2040_usb_init
 .text.hw_endpoint_xfer_start
                0x00000000100056ac       0x50 CMakeFiles/macropad1.dir/home/menadue/pico/pico-sdk/lib/tinyusb/src/portable/raspberrypi/rp2040/rp2040_usb.c.obj
                0x00000000100056ac                hw_endpoint_xfer_start
 .text.tud_vendor_control_xfer_cb
                0x00000000100056fc        0x4 CMakeFiles/macropad1.dir/home/menadue/pico/pico-sdk/lib/tinyusb/src/device/usbd.c.obj
                0x00000000100056fc                tud_vendor_control_xfer_cb
 .text.tud_event_hook_cb
                0x0000000010005700        0x4 CMakeFiles/macropad1.dir/home/menadue/pico/pico-sdk/lib/tinyusb/src/device/usbd.c.obj
                0x0000000010005700                tud_event_hook_cb
 .text.tud_sof_cb
                0x0000000010005704        0x4 CMakeFiles/macropad1.dir/home/menadue/pico/pico-sdk/lib/tinyusb/src/device/usbd.c.obj
                0x0000000010005704                tud_sof_cb
 .text.tud_descriptor_bos_cb
                0x0000000010005708        0x4 CMakeFiles/macropad1.dir/home/menadue/pico/pico-sdk/lib/tinyusb/src/device/usbd.c.obj
                0x0000000010005708                tud_descriptor_bos_cb
 .text.tud_descriptor_device_qualifier_cb
                0x000000001000570c        0x4 CMakeFiles/macropad1.dir/home/menadue/pico/pico-sdk/lib/tinyusb/src/device/usbd.c.obj
                0x000000001000570c                tud_descriptor_device_qualifier_cb
 .text.tud_descriptor_other_speed_configuration_cb
                0x0000000010005710        0x4 CMakeFiles/macropad1.dir/home/menadue/pico/pico-sdk/lib/tinyusb/src/device/usbd.c.obj
                0x0000000010005710                tud_descriptor_other_speed_configuration_cb
 .text.tud_mounted
                0x0000000010005714       0x10 CMakeFiles/macropad1.dir/home/menadue/pico/pico-sdk/lib/tinyusb/src/device/usbd.c.obj
                0x0000000010005714                tud_mounted
 .text.tud_suspended
                0x0000000010005724       0x10 CMakeFiles/macropad1.dir/home/menadue/pico/pico-sdk/lib/tinyusb/src/device/usbd.c.obj
                0x0000000010005724                tud_suspended
 .text.tud_remote_wakeup
                0x0000000010005734       0x30 CMakeFiles/macropad1.dir/home/menadue/pico/pico-sdk/lib/tinyusb/src/device/usbd.c.obj
                0x0000000010005734                tud_remote_wakeup
 .text.tud_init
                0x0000000010005764       0xe4 CMakeFiles/macropad1.dir/home/menadue/pico/pico-sdk/lib/tinyusb/src/device/usbd.c.obj
                0x0000000010005764                tud_init
 .text.tud_task_ext
                0x0000000010005848      0x800 CMakeFiles/macropad1.dir/home/menadue/pico/pico-sdk/lib/tinyusb/src/device/usbd.c.obj
                0x0000000010005848                tud_task_ext
 .text.usbd_open_edpt_pair
                0x0000000010006048       0x9c CMakeFiles/macropad1.dir/home/menadue/pico/pico-sdk/lib/tinyusb/src/device/usbd.c.obj
                0x0000000010006048                usbd_open_edpt_pair
 .text.usbd_edpt_open
                0x00000000100060e4       0x34 CMakeFiles/macropad1.dir/home/menadue/pico/pico-sdk/lib/tinyusb/src/device/usbd.c.obj
                0x00000000100060e4                usbd_edpt_open
 .text.usbd_edpt_claim
                0x0000000010006118       0x28 CMakeFiles/macropad1.dir/home/menadue/pico/pico-sdk/lib/tinyusb/src/device/usbd.c.obj
                0x0000000010006118                usbd_edpt_claim
 .text.usbd_edpt_release
                0x0000000010006140       0x28 CMakeFiles/macropad1.dir/home/menadue/pico/pico-sdk/lib/tinyusb/src/device/usbd.c.obj
                0x0000000010006140                usbd_edpt_release
 .text.usbd_edpt_xfer
                0x0000000010006168       0x4c CMakeFiles/macropad1.dir/home/menadue/pico/pico-sdk/lib/tinyusb/src/device/usbd.c.obj
                0x0000000010006168                usbd_edpt_xfer
 .text.usbd_edpt_busy
                0x00000000100061b4       0x1c CMakeFiles/macropad1.dir/home/menadue/pico/pico-sdk/lib/tinyusb/src/device/usbd.c.obj
                0x00000000100061b4                usbd_edpt_busy
 .text.usbd_edpt_stall
                0x00000000100061d0       0x38 CMakeFiles/macropad1.dir/home/menadue/pico/pico-sdk/lib/tinyusb/src/device/usbd.c.obj
                0x00000000100061d0                usbd_edpt_stall
 .text.usbd_edpt_stalled
                0x0000000010006208       0x1c CMakeFiles/macropad1.dir/home/menadue/pico/pico-sdk/lib/tinyusb/src/device/usbd.c.obj
                0x0000000010006208                usbd_edpt_stalled
 .text.tud_control_status
                0x0000000010006224       0x30 CMakeFiles/macropad1.dir/home/menadue/pico/pico-sdk/lib/tinyusb/src/device/usbd_control.c.obj
                0x0000000010006224                tud_control_status
 .text.tud_control_xfer
                0x0000000010006254       0xbc CMakeFiles/macropad1.dir/home/menadue/pico/pico-sdk/lib/tinyusb/src/device/usbd_control.c.obj
                0x0000000010006254                tud_control_xfer
 .text.usbd_control_reset
                0x0000000010006310       0x14 CMakeFiles/macropad1.dir/home/menadue/pico/pico-sdk/lib/tinyusb/src/device/usbd_control.c.obj
                0x0000000010006310                usbd_control_reset
 .text.usbd_control_set_complete_callback
                0x0000000010006324        0xc CMakeFiles/macropad1.dir/home/menadue/pico/pico-sdk/lib/tinyusb/src/device/usbd_control.c.obj
                0x0000000010006324                usbd_control_set_complete_callback
 .text.usbd_control_set_request
                0x0000000010006330       0x1c CMakeFiles/macropad1.dir/home/menadue/pico/pico-sdk/lib/tinyusb/src/device/usbd_control.c.obj
                0x0000000010006330                usbd_control_set_request
 .text.usbd_control_xfer_cb
                0x000000001000634c       0xf0 CMakeFiles/macropad1.dir/home/menadue/pico/pico-sdk/lib/tinyusb/src/device/usbd_control.c.obj
                0x000000001000634c                usbd_control_xfer_cb
 .text._prep_out_transaction.isra.0
                0x000000001000643c       0x5c CMakeFiles/macropad1.dir/home/menadue/pico/pico-sdk/lib/tinyusb/src/class/cdc/cdc_device.c.obj
 .text.tud_cdc_n_connected
                0x0000000010006498       0x34 CMakeFiles/macropad1.dir/home/menadue/pico/pico-sdk/lib/tinyusb/src/class/cdc/cdc_device.c.obj
                0x0000000010006498                tud_cdc_n_connected
 .text.tud_cdc_n_available
                0x00000000100064cc       0x20 CMakeFiles/macropad1.dir/home/menadue/pico/pico-sdk/lib/tinyusb/src/class/cdc/cdc_device.c.obj
                0x00000000100064cc                tud_cdc_n_available
 .text.tud_cdc_n_read
                0x00000000100064ec       0xa4 CMakeFiles/macropad1.dir/home/menadue/pico/pico-sdk/lib/tinyusb/src/class/cdc/cdc_device.c.obj
                0x00000000100064ec                tud_cdc_n_read
 .text.tud_cdc_n_write_flush
                0x0000000010006590       0x78 CMakeFiles/macropad1.dir/home/menadue/pico/pico-sdk/lib/tinyusb/src/class/cdc/cdc_device.c.obj
                0x0000000010006590                tud_cdc_n_write_flush
 .text.tud_cdc_n_write
                0x0000000010006608       0x48 CMakeFiles/macropad1.dir/home/menadue/pico/pico-sdk/lib/tinyusb/src/class/cdc/cdc_device.c.obj
                0x0000000010006608                tud_cdc_n_write
 .text.tud_cdc_n_write_available
                0x0000000010006650       0x20 CMakeFiles/macropad1.dir/home/menadue/pico/pico-sdk/lib/tinyusb/src/class/cdc/cdc_device.c.obj
                0x0000000010006650                tud_cdc_n_write_available
 .text.cdcd_init
                0x0000000010006670       0x74 CMakeFiles/macropad1.dir/home/menadue/pico/pico-sdk/lib/tinyusb/src/class/cdc/cdc_device.c.obj
                0x0000000010006670                cdcd_init
 .text.cdcd_deinit
                0x00000000100066e4       0x24 CMakeFiles/macropad1.dir/home/menadue/pico/pico-sdk/lib/tinyusb/src/class/cdc/cdc_device.c.obj
                0x00000000100066e4                cdcd_deinit
 .text.cdcd_reset
                0x0000000010006708       0x4c CMakeFiles/macropad1.dir/home/menadue/pico/pico-sdk/lib/tinyusb/src/class/cdc/cdc_device.c.obj
                0x0000000010006708                cdcd_reset
 .text.cdcd_open
                0x0000000010006754       0xb4 CMakeFiles/macropad1.dir/home/menadue/pico/pico-sdk/lib/tinyusb/src/class/cdc/cdc_device.c.obj
                0x0000000010006754                cdcd_open
 .text.cdcd_control_xfer_cb
                0x0000000010006808       0xe4 CMakeFiles/macropad1.dir/home/menadue/pico/pico-sdk/lib/tinyusb/src/class/cdc/cdc_device.c.obj
                0x0000000010006808                cdcd_control_xfer_cb
 .text.cdcd_xfer_cb
                0x00000000100068ec       0xfc CMakeFiles/macropad1.dir/home/menadue/pico/pico-sdk/lib/tinyusb/src/class/cdc/cdc_device.c.obj
                0x00000000100068ec                cdcd_xfer_cb
 .text.tud_hid_set_protocol_cb
                0x00000000100069e8        0x4 CMakeFiles/macropad1.dir/home/menadue/pico/pico-sdk/lib/tinyusb/src/class/hid/hid_device.c.obj
                0x00000000100069e8                tud_hid_set_protocol_cb
 .text.tud_hid_set_idle_cb
                0x00000000100069ec        0x4 CMakeFiles/macropad1.dir/home/menadue/pico/pico-sdk/lib/tinyusb/src/class/hid/hid_device.c.obj
                0x00000000100069ec                tud_hid_set_idle_cb
 .text.tud_hid_report_failed_cb
                0x00000000100069f0        0x4 CMakeFiles/macropad1.dir/home/menadue/pico/pico-sdk/lib/tinyusb/src/class/hid/hid_device.c.obj
                0x00000000100069f0                tud_hid_report_failed_cb
 .text.tud_hid_n_ready
                0x00000000100069f4       0x38 CMakeFiles/macropad1.dir/home/menadue/pico/pico-sdk/lib/tinyusb/src/class/hid/hid_device.c.obj
                0x00000000100069f4                tud_hid_n_ready
 .text.tud_hid_n_report
                0x0000000010006a2c       0x84 CMakeFiles/macropad1.dir/home/menadue/pico/pico-sdk/lib/tinyusb/src/class/hid/hid_device.c.obj
                0x0000000010006a2c                tud_hid_n_report
 .text.tud_hid_n_keyboard_report
                0x0000000010006ab0       0x90 CMakeFiles/macropad1.dir/home/menadue/pico/pico-sdk/lib/tinyusb/src/class/hid/hid_device.c.obj
                0x0000000010006ab0                tud_hid_n_keyboard_report
 .text.tud_hid_n_mouse_report
                0x0000000010006b40       0xa8 CMakeFiles/macropad1.dir/home/menadue/pico/pico-sdk/lib/tinyusb/src/class/hid/hid_device.c.obj
                0x0000000010006b40                tud_hid_n_mouse_report
 .text.hidd_init
                0x0000000010006be8       0x14 CMakeFiles/macropad1.dir/home/menadue/pico/pico-sdk/lib/tinyusb/src/class/hid/hid_device.c.obj
                0x0000000010006be8                hidd_init
 .text.hidd_deinit
                0x0000000010006bfc        0x4 CMakeFiles/macropad1.dir/home/menadue/pico/pico-sdk/lib/tinyusb/src/class/hid/hid_device.c.obj
                0x0000000010006bfc                hidd_deinit
 .text.hidd_reset
                0x0000000010006c00       0x14 CMakeFiles/macropad1.dir/home/menadue/pico/pico-sdk/lib/tinyusb/src/class/hid/hid_device.c.obj
                0x0000000010006c00                hidd_reset
 .text.hidd_open
                0x0000000010006c14       0x8c CMakeFiles/macropad1.dir/home/menadue/pico/pico-sdk/lib/tinyusb/src/class/hid/hid_device.c.obj
                0x0000000010006c14                hidd_open
 .text.hidd_control_xfer_cb
                0x0000000010006ca0      0x1a0 CMakeFiles/macropad1.dir/home/menadue/pico/pico-sdk/lib/tinyusb/src/class/hid/hid_device.c.obj
                0x0000000010006ca0                hidd_control_xfer_cb
 .text.hidd_xfer_cb
                0x0000000010006e40       0x84 CMakeFiles/macropad1.dir/home/menadue/pico/pico-sdk/lib/tinyusb/src/class/hid/hid_device.c.obj
                0x0000000010006e40                hidd_xfer_cb
 .text.proc_read10_cmd.constprop.0
                0x0000000010006ec4       0xf0 CMakeFiles/macropad1.dir/home/menadue/pico/pico-sdk/lib/tinyusb/src/class/msc/msc_device.c.obj
 .text.proc_write10_cmd.constprop.0
                0x0000000010006fb4       0x8c CMakeFiles/macropad1.dir/home/menadue/pico/pico-sdk/lib/tinyusb/src/class/msc/msc_device.c.obj
 .text.tud_msc_set_sense
                0x0000000010007040       0x18 CMakeFiles/macropad1.dir/home/menadue/pico/pico-sdk/lib/tinyusb/src/class/msc/msc_device.c.obj
                0x0000000010007040                tud_msc_set_sense
 .text.mscd_init
                0x0000000010007058       0x14 CMakeFiles/macropad1.dir/home/menadue/pico/pico-sdk/lib/tinyusb/src/class/msc/msc_device.c.obj
                0x0000000010007058                mscd_init
 .text.mscd_reset
                0x000000001000706c       0x14 CMakeFiles/macropad1.dir/home/menadue/pico/pico-sdk/lib/tinyusb/src/class/msc/msc_device.c.obj
                0x000000001000706c                mscd_reset
 .text.mscd_open
                0x0000000010007080       0x64 CMakeFiles/macropad1.dir/home/menadue/pico/pico-sdk/lib/tinyusb/src/class/msc/msc_device.c.obj
                0x0000000010007080                mscd_open
 .text.mscd_control_xfer_cb
                0x00000000100070e4      0x13c CMakeFiles/macropad1.dir/home/menadue/pico/pico-sdk/lib/tinyusb/src/class/msc/msc_device.c.obj
                0x00000000100070e4                mscd_control_xfer_cb
 .text.mscd_xfer_cb
                0x0000000010007220      0x75c CMakeFiles/macropad1.dir/home/menadue/pico/pico-sdk/lib/tinyusb/src/class/msc/msc_device.c.obj
                0x0000000010007220                mscd_xfer_cb
 .text.tu_edpt_claim
                0x000000001000797c       0x50 CMakeFiles/macropad1.dir/home/menadue/pico/pico-sdk/lib/tinyusb/src/tusb.c.obj
                0x000000001000797c                tu_edpt_claim
 .text.tu_edpt_release
                0x00000000100079cc       0x38 CMakeFiles/macropad1.dir/home/menadue/pico/pico-sdk/lib/tinyusb/src/tusb.c.obj
                0x00000000100079cc                tu_edpt_release
 .text.tu_edpt_validate
                0x0000000010007a04       0x78 CMakeFiles/macropad1.dir/home/menadue/pico/pico-sdk/lib/tinyusb/src/tusb.c.obj
                0x0000000010007a04                tu_edpt_validate
 .text.tu_edpt_bind_driver
                0x0000000010007a7c       0x34 CMakeFiles/macropad1.dir/home/menadue/pico/pico-sdk/lib/tinyusb/src/tusb.c.obj
                0x0000000010007a7c                tu_edpt_bind_driver
 .text.tu_fifo_config
                0x0000000010007ab0       0x70 CMakeFiles/macropad1.dir/home/menadue/pico/pico-sdk/lib/tinyusb/src/common/tusb_fifo.c.obj
                0x0000000010007ab0                tu_fifo_config
 .text.tu_fifo_count
                0x0000000010007b20       0x2c CMakeFiles/macropad1.dir/home/menadue/pico/pico-sdk/lib/tinyusb/src/common/tusb_fifo.c.obj
                0x0000000010007b20                tu_fifo_count
 .text.tu_fifo_empty
                0x0000000010007b4c       0x10 CMakeFiles/macropad1.dir/home/menadue/pico/pico-sdk/lib/tinyusb/src/common/tusb_fifo.c.obj
                0x0000000010007b4c                tu_fifo_empty
 .text.tu_fifo_remaining
                0x0000000010007b5c       0x2c CMakeFiles/macropad1.dir/home/menadue/pico/pico-sdk/lib/tinyusb/src/common/tusb_fifo.c.obj
                0x0000000010007b5c                tu_fifo_remaining
 .text.tu_fifo_read
                0x0000000010007b88       0xa0 CMakeFiles/macropad1.dir/home/menadue/pico/pico-sdk/lib/tinyusb/src/common/tusb_fifo.c.obj
                0x0000000010007b88                tu_fifo_read
 .text.tu_fifo_read_n
                0x0000000010007c28       0xec CMakeFiles/macropad1.dir/home/menadue/pico/pico-sdk/lib/tinyusb/src/common/tusb_fifo.c.obj
                0x0000000010007c28                tu_fifo_read_n
 .text.tu_fifo_write
                0x0000000010007d14       0x88 CMakeFiles/macropad1.dir/home/menadue/pico/pico-sdk/lib/tinyusb/src/common/tusb_fifo.c.obj
                0x0000000010007d14                tu_fifo_write
 .text.tu_fifo_write_n
                0x0000000010007d9c      0x168 CMakeFiles/macropad1.dir/home/menadue/pico/pico-sdk/lib/tinyusb/src/common/tusb_fifo.c.obj
                0x0000000010007d9c                tu_fifo_write_n
 .text.tu_fifo_clear
                0x0000000010007f04       0x40 CMakeFiles/macropad1.dir/home/menadue/pico/pico-sdk/lib/tinyusb/src/common/tusb_fifo.c.obj
                0x0000000010007f04                tu_fifo_clear
 .text.tu_fifo_set_overwritable
                0x0000000010007f44       0x48 CMakeFiles/macropad1.dir/home/menadue/pico/pico-sdk/lib/tinyusb/src/common/tusb_fifo.c.obj
                0x0000000010007f44                tu_fifo_set_overwritable
 .text.adc_init
                0x0000000010007f8c       0x38 CMakeFiles/macropad1.dir/home/menadue/pico/pico-sdk/src/rp2_common/hardware_adc/adc.c.obj
                0x0000000010007f8c                adc_init
 .text.i2c_set_baudrate
                0x0000000010007fc4       0xc0 CMakeFiles/macropad1.dir/home/menadue/pico/pico-sdk/src/rp2_common/hardware_i2c/i2c.c.obj
                0x0000000010007fc4                i2c_set_baudrate
 .text.i2c_init
                0x0000000010008084       0x54 CMakeFiles/macropad1.dir/home/menadue/pico/pico-sdk/src/rp2_common/hardware_i2c/i2c.c.obj
                0x0000000010008084                i2c_init
 .text.i2c_write_blocking
                0x00000000100080d8       0xd0 CMakeFiles/macropad1.dir/home/menadue/pico/pico-sdk/src/rp2_common/hardware_i2c/i2c.c.obj
                0x00000000100080d8                i2c_write_blocking
 .text.i2c_read_blocking
                0x00000000100081a8       0xac CMakeFiles/macropad1.dir/home/menadue/pico/pico-sdk/src/rp2_common/hardware_i2c/i2c.c.obj
                0x00000000100081a8                i2c_read_blocking
 .text.board_get_unique_id
                0x0000000010008254       0x24 CMakeFiles/macropad1.dir/home/menadue/pico/pico-sdk/lib/tinyusb/hw/bsp/rp2040/family.c.obj
                0x0000000010008254                board_get_unique_id
 .text.board_init
                0x0000000010008278       0x30 CMakeFiles/macropad1.dir/home/menadue/pico/pico-sdk/lib/tinyusb/hw/bsp/rp2040/family.c.obj
                0x0000000010008278                board_init
 .text.board_led_write
                0x00000000100082a8       0x14 CMakeFiles/macropad1.dir/home/menadue/pico/pico-sdk/lib/tinyusb/hw/bsp/rp2040/family.c.obj
                0x00000000100082a8                board_led_write
 .text.board_button_read
                0x00000000100082bc       0x10 CMakeFiles/macropad1.dir/home/menadue/pico/pico-sdk/lib/tinyusb/hw/bsp/rp2040/family.c.obj
                0x00000000100082bc                board_button_read
 .text          0x00000000100082cc       0xac /usr/lib/gcc/arm-none-eabi/10.3.1/../../../arm-none-eabi/lib/thumb/v6-m/nofp/libg.a(lib_a-memmove.o)
                0x00000000100082cc                memmove
 .text          0x0000000010008378       0x5c /usr/lib/gcc/arm-none-eabi/10.3.1/../../../arm-none-eabi/lib/thumb/v6-m/nofp/libg.a(lib_a-strlen-stub.o)
                0x0000000010008378                strlen
 *(.fini)
 .fini          0x00000000100083d4        0x4 /usr/lib/gcc/arm-none-eabi/10.3.1/thumb/v6-m/nofp/crti.o
                0x00000000100083d4                _fini
 .fini.__stub   0x00000000100083d8       0xe0 linker stubs
 *crtbegin.o(.ctors)
 *crtbegin?.o(.ctors)
 *(EXCLUDE_FILE(*crtend.o *crtend?.o) .ctors)
 *(SORT_BY_NAME(.ctors.*))
 *(.ctors)
 *crtbegin.o(.dtors)
 *crtbegin?.o(.dtors)
 *(EXCLUDE_FILE(*crtend.o *crtend?.o) .dtors)
 *(SORT_BY_NAME(.dtors.*))
 *(.dtors)
                0x00000000100084b8                . = ALIGN (0x4)
                0x00000000100084b8                PROVIDE (__preinit_array_start = .)
 *(SORT_BY_NAME(.preinit_array.*))
 .preinit_array.00100
                0x00000000100084b8        0x4 CMakeFiles/macropad1.dir/home/menadue/pico/pico-sdk/src/rp2_common/pico_runtime_init/runtime_init.c.obj
                0x00000000100084b8                __pre_init_runtime_init_early_resets
 .preinit_array.00101
                0x00000000100084bc        0x4 CMakeFiles/macropad1.dir/home/menadue/pico/pico-sdk/src/rp2_common/pico_runtime_init/runtime_init.c.obj
                0x00000000100084bc                __pre_init_runtime_init_usb_power_down
 .preinit_array.00275
                0x00000000100084c0        0x4 CMakeFiles/macropad1.dir/home/menadue/pico/pico-sdk/src/rp2_common/pico_bit_ops/bit_ops_aeabi.S.obj
 .preinit_array.00300
                0x00000000100084c4        0x4 CMakeFiles/macropad1.dir/home/menadue/pico/pico-sdk/src/rp2_common/pico_mem_ops/mem_ops_aeabi.S.obj
 .preinit_array.00350
                0x00000000100084c8        0x4 CMakeFiles/macropad1.dir/home/menadue/pico/pico-sdk/src/rp2_common/pico_double/double_aeabi_rp2040.S.obj
 .preinit_array.00350
                0x00000000100084cc        0x4 CMakeFiles/macropad1.dir/home/menadue/pico/pico-sdk/src/rp2_common/pico_float/float_aeabi_rp2040.S.obj
 .preinit_array.00500
                0x00000000100084d0        0x4 CMakeFiles/macropad1.dir/home/menadue/pico/pico-sdk/src/rp2_common/pico_runtime_init/runtime_init.c.obj
                0x00000000100084d0                __pre_init_runtime_init_clocks
 .preinit_array.00600
                0x00000000100084d4        0x4 CMakeFiles/macropad1.dir/home/menadue/pico/pico-sdk/src/rp2_common/pico_runtime_init/runtime_init.c.obj
                0x00000000100084d4                __pre_init_runtime_init_post_clock_resets
 .preinit_array.00700
                0x00000000100084d8        0x4 CMakeFiles/macropad1.dir/home/menadue/pico/pico-sdk/src/rp2_common/pico_runtime_init/runtime_init.c.obj
                0x00000000100084d8                __pre_init_runtime_init_rp2040_gpio_ie_disable
 .preinit_array.01000
                0x00000000100084dc        0x4 CMakeFiles/macropad1.dir/home/menadue/pico/pico-sdk/src/rp2_common/pico_runtime_init/runtime_init.c.obj
                0x00000000100084dc                __pre_init_runtime_init_spin_locks_reset
 .preinit_array.01100
                0x00000000100084e0        0x4 CMakeFiles/macropad1.dir/home/menadue/pico/pico-sdk/src/common/pico_sync/mutex.c.obj
                0x00000000100084e0                __pre_init_runtime_init_mutex
 .preinit_array.10080
                0x00000000100084e4        0x4 CMakeFiles/macropad1.dir/home/menadue/pico/pico-sdk/src/rp2_common/pico_runtime_init/runtime_init.c.obj
                0x00000000100084e4                __pre_init_runtime_init_install_ram_vector_table
 .preinit_array.11000
                0x00000000100084e8        0x4 CMakeFiles/macropad1.dir/home/menadue/pico/pico-sdk/src/common/pico_time/time.c.obj
                0x00000000100084e8                __pre_init_runtime_init_default_alarm_pool
 .preinit_array.YYYYY
                0x00000000100084ec        0x4 CMakeFiles/macropad1.dir/home/menadue/pico/pico-sdk/src/rp2_common/pico_runtime/runtime.c.obj
                0x00000000100084ec                __pre_init_first_per_core_initializer
 .preinit_array.ZZZZZ.01200
                0x00000000100084f0        0x4 CMakeFiles/macropad1.dir/home/menadue/pico/pico-sdk/src/rp2_common/hardware_irq/irq.c.obj
                0x00000000100084f0                __pre_init_runtime_init_per_core_irq_priorities
 *(.preinit_array)
                0x00000000100084f4                PROVIDE (__preinit_array_end = .)
                0x00000000100084f4                . = ALIGN (0x4)
                0x00000000100084f4                PROVIDE (__init_array_start = .)
 *(SORT_BY_NAME(.init_array.*))
 *(.init_array)
 .init_array    0x00000000100084f4        0x4 /usr/lib/gcc/arm-none-eabi/10.3.1/thumb/v6-m/nofp/crtbegin.o
 .init_array    0x00000000100084f8        0x4 CMakeFiles/macropad1.dir/home/menadue/pico/pico-sdk/src/rp2_common/pico_unique_id/unique_id.c.obj
                0x00000000100084fc                PROVIDE (__init_array_end = .)
                0x00000000100084fc                . = ALIGN (0x4)
                0x00000000100084fc                PROVIDE (__fini_array_start = .)
 *(SORT_BY_NAME(.fini_array.*))
 *(.fini_array)
                0x00000000100084fc                PROVIDE (__fini_array_end = .)
 *(.eh_frame*)
 .eh_frame      0x00000000100084fc        0x0 /usr/lib/gcc/arm-none-eabi/10.3.1/thumb/v6-m/nofp/crtbegin.o
                0x00000000100084fc                . = ALIGN (0x4)

.glue_7         0x00000000100084fc        0x0
 .glue_7        0x00000000100084fc        0x0 linker stubs

.glue_7t        0x00000000100084fc        0x0
 .glue_7t       0x00000000100084fc        0x0 linker stubs

.vfp11_veneer   0x00000000100084fc        0x0
 .vfp11_veneer  0x00000000100084fc        0x0 linker stubs

.v4_bx          0x00000000100084fc        0x0
 .v4_bx         0x00000000100084fc        0x0 linker stubs

.iplt           0x00000000100084fc        0x0
 .iplt          0x00000000100084fc        0x0 /usr/lib/gcc/arm-none-eabi/10.3.1/thumb/v6-m/nofp/crtbegin.o

.rodata         0x0000000010008500      0x8e8
 *(EXCLUDE_FILE(*libm.a: *libc.a:*lib_a-mem*.o *libgcc.a:) .rodata*)
 .rodata.gpio_set_out.str1.4
                0x0000000010008500       0x1b CMakeFiles/macropad1.dir/macropad1.c.obj
 *fill*         0x000000001000851b        0x1 
 .rodata.main.str1.4
                0x000000001000851c       0x16 CMakeFiles/macropad1.dir/macropad1.c.obj
 *fill*         0x0000000010008532        0x2 
 .rodata.PIN_MUX_A
                0x0000000010008534        0x4 CMakeFiles/macropad1.dir/macropad1.c.obj
                0x0000000010008534                PIN_MUX_A
 .rodata.PIN_MUX_B
                0x0000000010008538        0x4 CMakeFiles/macropad1.dir/macropad1.c.obj
                0x0000000010008538                PIN_MUX_B
 .rodata.PIN_MUX_C
                0x000000001000853c        0x4 CMakeFiles/macropad1.dir/macropad1.c.obj
                0x000000001000853c                PIN_MUX_C
 .rodata.col    0x0000000010008540       0x40 CMakeFiles/macropad1.dir/macropad1.c.obj
                0x0000000010008540                col
 .rodata.cli_read_adc.str1.4
                0x0000000010008580        0x8 CMakeFiles/macropad1.dir/serial.c.obj
 .rodata.serial_help.str1.4
                0x0000000010008588       0x2d CMakeFiles/macropad1.dir/serial.c.obj
 *fill*         0x00000000100085b5        0x3 
 .rodata.serial_loop.str1.4
                0x00000000100085b8        0xa CMakeFiles/macropad1.dir/serial.c.obj
 *fill*         0x00000000100085c2        0x2 
 .rodata.str1.4
                0x00000000100085c4       0x99 CMakeFiles/macropad1.dir/serial.c.obj
 *fill*         0x000000001000865d        0x3 
 .rodata.i2c_init_il31.str1.4
                0x0000000010008660       0x5f CMakeFiles/macropad1.dir/i2c.c.obj
 *fill*         0x00000000100086bf        0x1 
 .rodata.__FUNCTION__.0
                0x00000000100086c0        0xe CMakeFiles/macropad1.dir/i2c.c.obj
 *fill*         0x00000000100086ce        0x2 
 .rodata.tud_descriptor_string_cb.str1.4
                0x00000000100086d0       0x11 CMakeFiles/macropad1.dir/usb_descriptors.c.obj
 *fill*         0x00000000100086e1        0x3 
 .rodata.str1.4
                0x00000000100086e4       0x30 CMakeFiles/macropad1.dir/usb_descriptors.c.obj
 .rodata.__compound_literal.0
                0x0000000010008714        0x2 CMakeFiles/macropad1.dir/usb_descriptors.c.obj
 *fill*         0x0000000010008716        0x2 
 .rodata.desc_device
                0x0000000010008718       0x12 CMakeFiles/macropad1.dir/usb_descriptors.c.obj
                0x0000000010008718                desc_device
 *fill*         0x000000001000872a        0x2 
 .rodata.desc_fs_configuration
                0x000000001000872c       0x7b CMakeFiles/macropad1.dir/usb_descriptors.c.obj
                0x000000001000872c                desc_fs_configuration
 *fill*         0x00000000100087a7        0x1 
 .rodata.desc_hid_report
                0x00000000100087a8       0x43 CMakeFiles/macropad1.dir/usb_descriptors.c.obj
                0x00000000100087a8                desc_hid_report
 *fill*         0x00000000100087eb        0x1 
 .rodata.tud_msc_inquiry_cb.str1.4
                0x00000000100087ec        0xd CMakeFiles/macropad1.dir/msc_disk.c.obj
                                         0x15 (size before relaxing)
 *fill*         0x00000000100087f9        0x3 
 .rodata.key_scan.str1.4
                0x00000000100087fc       0x1a CMakeFiles/macropad1.dir/keyboard.c.obj
 *fill*         0x0000000010008816        0x2 
 .rodata.panic.str1.4
                0x0000000010008818       0x10 CMakeFiles/macropad1.dir/home/menadue/pico/pico-sdk/src/rp2_common/pico_platform_panic/panic.c.obj
                                         0x12 (size before relaxing)
 .rodata.spin_lock_claim_unused.str1.4
                0x0000000010008828       0x1b CMakeFiles/macropad1.dir/home/menadue/pico/pico-sdk/src/rp2_common/hardware_sync/sync.c.obj
 *fill*         0x0000000010008843        0x1 
 .rodata.timer_hardware_alarm_claim.str1.4
                0x0000000010008844       0x22 CMakeFiles/macropad1.dir/home/menadue/pico/pico-sdk/src/rp2_common/hardware_timer/timer.c.obj
 *fill*         0x0000000010008866        0x2 
 .rodata.hard_assertion_failure.str1.4
                0x0000000010008868        0xc CMakeFiles/macropad1.dir/home/menadue/pico/pico-sdk/src/rp2_common/pico_runtime/runtime.c.obj
 .rodata.str1.4
                0x0000000010008874       0x30 CMakeFiles/macropad1.dir/home/menadue/pico/pico-sdk/src/rp2_common/pico_standard_binary_info/standard_binary_info.c.obj
 .rodata.__bi_26
                0x00000000100088a4        0xc CMakeFiles/macropad1.dir/home/menadue/pico/pico-sdk/src/rp2_common/pico_standard_binary_info/standard_binary_info.c.obj
 .rodata.__bi_34
                0x00000000100088b0        0xc CMakeFiles/macropad1.dir/home/menadue/pico/pico-sdk/src/rp2_common/pico_standard_binary_info/standard_binary_info.c.obj
 .rodata.__bi_42
                0x00000000100088bc        0xc CMakeFiles/macropad1.dir/home/menadue/pico/pico-sdk/src/rp2_common/pico_standard_binary_info/standard_binary_info.c.obj
 .rodata.__bi_48
                0x00000000100088c8        0xc CMakeFiles/macropad1.dir/home/menadue/pico/pico-sdk/src/rp2_common/pico_standard_binary_info/standard_binary_info.c.obj
 .rodata.__bi_54
                0x00000000100088d4        0xc CMakeFiles/macropad1.dir/home/menadue/pico/pico-sdk/src/rp2_common/pico_standard_binary_info/standard_binary_info.c.obj
 .rodata.__bi_84
                0x00000000100088e0        0xc CMakeFiles/macropad1.dir/home/menadue/pico/pico-sdk/src/rp2_common/pico_standard_binary_info/standard_binary_info.c.obj
 .rodata._ftoa.str1.4
                0x00000000100088ec       0x15 CMakeFiles/macropad1.dir/home/menadue/pico/pico-sdk/src/rp2_common/pico_printf/printf.c.obj
 *fill*         0x0000000010008901        0x3 
 .rodata._vsnprintf
                0x0000000010008904      0x1e0 CMakeFiles/macropad1.dir/home/menadue/pico/pico-sdk/src/rp2_common/pico_printf/printf.c.obj
 *fill*         0x0000000010008ae4        0x4 
 .rodata.pow10.0
                0x0000000010008ae8       0x50 CMakeFiles/macropad1.dir/home/menadue/pico/pico-sdk/src/rp2_common/pico_printf/printf.c.obj
 .rodata.crlf_str.0
                0x0000000010008b38        0x2 CMakeFiles/macropad1.dir/home/menadue/pico/pico-sdk/src/rp2_common/pico_stdio/stdio.c.obj
 *fill*         0x0000000010008b3a        0x2 
 .rodata.str1.4
                0x0000000010008b3c       0x2c CMakeFiles/macropad1.dir/home/menadue/pico/pico-sdk/src/rp2_common/pico_stdio_uart/stdio_uart.c.obj
 .rodata.__bi_45.4
                0x0000000010008b68        0xc CMakeFiles/macropad1.dir/home/menadue/pico/pico-sdk/src/rp2_common/pico_stdio_uart/stdio_uart.c.obj
 .rodata.__bi_49.5
                0x0000000010008b74        0x8 CMakeFiles/macropad1.dir/home/menadue/pico/pico-sdk/src/rp2_common/pico_stdio_uart/stdio_uart.c.obj
 .rodata.__bi_50.6
                0x0000000010008b7c        0x8 CMakeFiles/macropad1.dir/home/menadue/pico/pico-sdk/src/rp2_common/pico_stdio_uart/stdio_uart.c.obj
 .rodata.str1.4
                0x0000000010008b84       0x13 CMakeFiles/macropad1.dir/home/menadue/pico/pico-sdk/src/rp2_common/pico_stdio_usb/stdio_usb.c.obj
 *fill*         0x0000000010008b97        0x1 
 .rodata.__bi_197.0
                0x0000000010008b98        0xc CMakeFiles/macropad1.dir/home/menadue/pico/pico-sdk/src/rp2_common/pico_stdio_usb/stdio_usb.c.obj
 .rodata.str1.4
                0x0000000010008ba4       0x14 CMakeFiles/macropad1.dir/home/menadue/pico/pico-sdk/lib/tinyusb/src/portable/raspberrypi/rp2040/dcd_rp2040.c.obj
 .rodata.str1.4
                0x0000000010008bb8       0x48 CMakeFiles/macropad1.dir/home/menadue/pico/pico-sdk/lib/tinyusb/src/portable/raspberrypi/rp2040/rp2040_usb.c.obj
 .rodata.tud_task_ext
                0x0000000010008c00       0x8c CMakeFiles/macropad1.dir/home/menadue/pico/pico-sdk/lib/tinyusb/src/device/usbd.c.obj
 .rodata        0x0000000010008c8c       0x1c CMakeFiles/macropad1.dir/home/menadue/pico/pico-sdk/lib/tinyusb/src/device/usbd.c.obj
 .rodata._usbd_driver
                0x0000000010008ca8       0x60 CMakeFiles/macropad1.dir/home/menadue/pico/pico-sdk/lib/tinyusb/src/device/usbd.c.obj
 .rodata.hidd_control_xfer_cb
                0x0000000010008d08       0x30 CMakeFiles/macropad1.dir/home/menadue/pico/pico-sdk/lib/tinyusb/src/class/hid/hid_device.c.obj
 .rodata.mscd_xfer_cb
                0x0000000010008d38       0x98 CMakeFiles/macropad1.dir/home/menadue/pico/pico-sdk/lib/tinyusb/src/class/msc/msc_device.c.obj
 .rodata.str1.4
                0x0000000010008dd0        0x4 CMakeFiles/macropad1.dir/home/menadue/pico/pico-sdk/lib/tinyusb/hw/bsp/rp2040/family.c.obj
 .rodata.__bi_147.0
                0x0000000010008dd4        0xc CMakeFiles/macropad1.dir/home/menadue/pico/pico-sdk/lib/tinyusb/hw/bsp/rp2040/family.c.obj
 .rodata.__bi_157.1
                0x0000000010008de0        0x8 CMakeFiles/macropad1.dir/home/menadue/pico/pico-sdk/lib/tinyusb/hw/bsp/rp2040/family.c.obj
                0x0000000010008de8                . = ALIGN (0x4)
 *(SORT_BY_ALIGNMENT(SORT_BY_NAME(.flashdata*)))
                0x0000000010008de8                . = ALIGN (0x4)

.ARM.extab
 *(.ARM.extab* .gnu.linkonce.armextab.*)
                0x0000000010008de8                __exidx_start = .

.ARM.exidx
 *(.ARM.exidx* .gnu.linkonce.armexidx.*)
                0x0000000010008de8                __exidx_end = .
                0x0000000010008de8                . = ALIGN (0x4)
                0x0000000010008de8                __binary_info_start = .

.binary_info    0x0000000010008de8       0x30
 *(.binary_info.keep.*)
 .binary_info.keep.__bi_ptr26
                0x0000000010008de8        0x4 CMakeFiles/macropad1.dir/home/menadue/pico/pico-sdk/src/rp2_common/pico_standard_binary_info/standard_binary_info.c.obj
 .binary_info.keep.__bi_ptr34
                0x0000000010008dec        0x4 CMakeFiles/macropad1.dir/home/menadue/pico/pico-sdk/src/rp2_common/pico_standard_binary_info/standard_binary_info.c.obj
 .binary_info.keep.__bi_ptr42
                0x0000000010008df0        0x4 CMakeFiles/macropad1.dir/home/menadue/pico/pico-sdk/src/rp2_common/pico_standard_binary_info/standard_binary_info.c.obj
 .binary_info.keep.__bi_ptr48
                0x0000000010008df4        0x4 CMakeFiles/macropad1.dir/home/menadue/pico/pico-sdk/src/rp2_common/pico_standard_binary_info/standard_binary_info.c.obj
 .binary_info.keep.__bi_ptr54
                0x0000000010008df8        0x4 CMakeFiles/macropad1.dir/home/menadue/pico/pico-sdk/src/rp2_common/pico_standard_binary_info/standard_binary_info.c.obj
 .binary_info.keep.__bi_ptr84
                0x0000000010008dfc        0x4 CMakeFiles/macropad1.dir/home/menadue/pico/pico-sdk/src/rp2_common/pico_standard_binary_info/standard_binary_info.c.obj
 .binary_info.keep.__bi_ptr147
                0x0000000010008e00        0x4 CMakeFiles/macropad1.dir/home/menadue/pico/pico-sdk/lib/tinyusb/hw/bsp/rp2040/family.c.obj
 .binary_info.keep.__bi_ptr157
                0x0000000010008e04        0x4 CMakeFiles/macropad1.dir/home/menadue/pico/pico-sdk/lib/tinyusb/hw/bsp/rp2040/family.c.obj
 *(.binary_info.*)
 .binary_info.__bi_ptr45
                0x0000000010008e08        0x4 CMakeFiles/macropad1.dir/home/menadue/pico/pico-sdk/src/rp2_common/pico_stdio_uart/stdio_uart.c.obj
 .binary_info.__bi_ptr49
                0x0000000010008e0c        0x4 CMakeFiles/macropad1.dir/home/menadue/pico/pico-sdk/src/rp2_common/pico_stdio_uart/stdio_uart.c.obj
 .binary_info.__bi_ptr50
                0x0000000010008e10        0x4 CMakeFiles/macropad1.dir/home/menadue/pico/pico-sdk/src/rp2_common/pico_stdio_uart/stdio_uart.c.obj
 .binary_info.__bi_ptr197
                0x0000000010008e14        0x4 CMakeFiles/macropad1.dir/home/menadue/pico/pico-sdk/src/rp2_common/pico_stdio_usb/stdio_usb.c.obj
                0x0000000010008e18                __binary_info_end = .

.rel.dyn        0x0000000010008e18        0x0
 .rel.iplt      0x0000000010008e18        0x0 /usr/lib/gcc/arm-none-eabi/10.3.1/thumb/v6-m/nofp/crtbegin.o
                0x0000000010008e18                . = ALIGN (0x4)

.ram_vector_table
                0x0000000020000000       0xc0
 *(.ram_vector_table)
 .ram_vector_table
                0x0000000020000000       0xc0 CMakeFiles/macropad1.dir/home/menadue/pico/pico-sdk/src/rp2_common/pico_runtime_init/runtime_init.c.obj
                0x0000000020000000                ram_vector_table

.uninitialized_data
                0x00000000200000c0        0x0
                0x00000000200000c0                . = ALIGN (0x4)
 *(.uninitialized_data*)

.data           0x00000000200000c0     0x31e8 load address 0x0000000010008e18
                0x00000000200000c0                __data_start__ = .
 *(vtable)
 *(.time_critical*)
 .time_critical.mutex_try_enter_block_until
                0x00000000200000c0       0x9c CMakeFiles/macropad1.dir/home/menadue/pico/pico-sdk/src/common/pico_sync/mutex.c.obj
                0x00000000200000c0                mutex_try_enter_block_until
 .time_critical.mutex_enter_timeout_ms
                0x000000002000015c       0x90 CMakeFiles/macropad1.dir/home/menadue/pico/pico-sdk/src/common/pico_sync/mutex.c.obj
                0x000000002000015c                mutex_enter_timeout_ms
 .time_critical.mutex_exit
                0x00000000200001ec       0x28 CMakeFiles/macropad1.dir/home/menadue/pico/pico-sdk/src/common/pico_sync/mutex.c.obj
                0x00000000200001ec                mutex_exit
 .time_critical.flash_init_boot2_copyout
                0x0000000020000214       0x30 CMakeFiles/macropad1.dir/home/menadue/pico/pico-sdk/src/rp2_common/hardware_flash/flash.c.obj
 .time_critical.flash_enable_xip_via_boot2
                0x0000000020000244       0x10 CMakeFiles/macropad1.dir/home/menadue/pico/pico-sdk/src/rp2_common/hardware_flash/flash.c.obj
 .time_critical.flash_cs_force
                0x0000000020000254       0x38 CMakeFiles/macropad1.dir/home/menadue/pico/pico-sdk/src/rp2_common/hardware_flash/flash.c.obj
 .time_critical.flash_do_cmd
                0x000000002000028c       0xc4 CMakeFiles/macropad1.dir/home/menadue/pico/pico-sdk/src/rp2_common/hardware_flash/flash.c.obj
                0x000000002000028c                flash_do_cmd
 .time_critical.reset_non_control_endpoints
                0x0000000020000350       0xbc CMakeFiles/macropad1.dir/home/menadue/pico/pico-sdk/lib/tinyusb/src/portable/raspberrypi/rp2040/dcd_rp2040.c.obj
 .time_critical.hw_handle_buff_status
                0x000000002000040c       0xa8 CMakeFiles/macropad1.dir/home/menadue/pico/pico-sdk/lib/tinyusb/src/portable/raspberrypi/rp2040/dcd_rp2040.c.obj
 .time_critical.dcd_rp2040_irq
                0x00000000200004b4      0x554 CMakeFiles/macropad1.dir/home/menadue/pico/pico-sdk/lib/tinyusb/src/portable/raspberrypi/rp2040/dcd_rp2040.c.obj
 .time_critical.prepare_ep_buffer
                0x0000000020000a08       0xf4 CMakeFiles/macropad1.dir/home/menadue/pico/pico-sdk/lib/tinyusb/src/portable/raspberrypi/rp2040/rp2040_usb.c.obj
 .time_critical.sync_ep_buffer
                0x0000000020000afc       0xb4 CMakeFiles/macropad1.dir/home/menadue/pico/pico-sdk/lib/tinyusb/src/portable/raspberrypi/rp2040/rp2040_usb.c.obj
 .time_critical._hw_endpoint_xfer_sync
                0x0000000020000bb0       0x28 CMakeFiles/macropad1.dir/home/menadue/pico/pico-sdk/lib/tinyusb/src/portable/raspberrypi/rp2040/rp2040_usb.c.obj
 .time_critical.e15_is_bulkin_ep
                0x0000000020000bd8       0x28 CMakeFiles/macropad1.dir/home/menadue/pico/pico-sdk/lib/tinyusb/src/portable/raspberrypi/rp2040/rp2040_usb.c.obj
 .time_critical.e15_is_critical_frame_period
                0x0000000020000c00       0x34 CMakeFiles/macropad1.dir/home/menadue/pico/pico-sdk/lib/tinyusb/src/portable/raspberrypi/rp2040/rp2040_usb.c.obj
 .time_critical.hw_endpoint_reset_transfer
                0x0000000020000c34        0xc CMakeFiles/macropad1.dir/home/menadue/pico/pico-sdk/lib/tinyusb/src/portable/raspberrypi/rp2040/rp2040_usb.c.obj
                0x0000000020000c34                hw_endpoint_reset_transfer
 .time_critical._hw_endpoint_buffer_control_update32
                0x0000000020000c40       0x50 CMakeFiles/macropad1.dir/home/menadue/pico/pico-sdk/lib/tinyusb/src/portable/raspberrypi/rp2040/rp2040_usb.c.obj
                0x0000000020000c40                _hw_endpoint_buffer_control_update32
 .time_critical.hw_endpoint_start_next_buffer
                0x0000000020000c90       0x6c CMakeFiles/macropad1.dir/home/menadue/pico/pico-sdk/lib/tinyusb/src/portable/raspberrypi/rp2040/rp2040_usb.c.obj
                0x0000000020000c90                hw_endpoint_start_next_buffer
 .time_critical.hw_endpoint_xfer_continue
                0x0000000020000cfc       0x40 CMakeFiles/macropad1.dir/home/menadue/pico/pico-sdk/lib/tinyusb/src/portable/raspberrypi/rp2040/rp2040_usb.c.obj
                0x0000000020000cfc                hw_endpoint_xfer_continue
 .time_critical.tinyusb
                0x0000000020000d3c      0x1f0 CMakeFiles/macropad1.dir/home/menadue/pico/pico-sdk/lib/tinyusb/src/device/usbd.c.obj
                0x0000000020000d3c                dcd_event_handler
 .time_critical.get_bootsel_button
                0x0000000020000f2c       0x60 CMakeFiles/macropad1.dir/home/menadue/pico/pico-sdk/lib/tinyusb/hw/bsp/rp2040/family.c.obj
                0x0000000020000f2c                get_bootsel_button
 *(.text*)
 .text          0x0000000020000f8c        0x4 /usr/lib/gcc/arm-none-eabi/10.3.1/thumb/v6-m/nofp/libgcc.a(_dvmd_tls.o)
                0x0000000020000f8c                __aeabi_ldiv0
                0x0000000020000f8c                __aeabi_idiv0
 .text.__stub   0x0000000020000f90       0x80 linker stubs
                0x0000000020001010                . = ALIGN (0x4)
 *(.rodata*)
                0x0000000020001010                . = ALIGN (0x4)
 *(.data*)
 .data.serial_cmds
                0x0000000020001010      0x12c CMakeFiles/macropad1.dir/serial.c.obj
                0x0000000020001010                serial_cmds
 .data.string_desc_arr
                0x000000002000113c       0x18 CMakeFiles/macropad1.dir/usb_descriptors.c.obj
                0x000000002000113c                string_desc_arr
 .data.msc_disk
                0x0000000020001154     0x2000 CMakeFiles/macropad1.dir/msc_disk.c.obj
                0x0000000020001154                msc_disk
 .data.key_grid_map
                0x0000000020003154       0x60 CMakeFiles/macropad1.dir/keyboard.c.obj
                0x0000000020003154                key_grid_map
 .data.striped_spin_lock_num
                0x00000000200031b4        0x1 CMakeFiles/macropad1.dir/home/menadue/pico/pico-sdk/src/rp2_common/hardware_sync/sync.c.obj
 *fill*         0x00000000200031b5        0x3 
 .data          0x00000000200031b8       0x48 CMakeFiles/macropad1.dir/home/menadue/pico/pico-sdk/src/rp2_common/hardware_irq/irq_handler_chain.S.obj
                0x00000000200031b8                irq_handler_chain_slots
                0x00000000200031e8                irq_handler_chain_first_slot
                0x00000000200031f2                irq_handler_chain_remove_tail
 .data.default_alarm_pool
                0x0000000020003200       0x18 CMakeFiles/macropad1.dir/home/menadue/pico/pico-sdk/src/common/pico_time/time.c.obj
 *fill*         0x0000000020003218        0x8 
 .data.aeabi_bits_funcs
                0x0000000020003220       0x10 CMakeFiles/macropad1.dir/home/menadue/pico/pico-sdk/src/rp2_common/pico_bit_ops/bit_ops_aeabi.S.obj
                0x0000000020003220                aeabi_bits_funcs
                0x0000000020003230                aeabi_bits_funcs_end
 .data.aeabi_mem_funcs
                0x0000000020003230       0x10 CMakeFiles/macropad1.dir/home/menadue/pico/pico-sdk/src/rp2_common/pico_mem_ops/mem_ops_aeabi.S.obj
                0x0000000020003230                aeabi_mem_funcs
                0x0000000020003240                aeabi_mem_funcs_end
 .data.stdio_uart
                0x0000000020003240       0x18 CMakeFiles/macropad1.dir/home/menadue/pico/pico-sdk/src/rp2_common/pico_stdio_uart/stdio_uart.c.obj
                0x0000000020003240                stdio_uart
 .data.stdio_usb
                0x0000000020003258       0x18 CMakeFiles/macropad1.dir/home/menadue/pico/pico-sdk/src/rp2_common/pico_stdio_usb/stdio_usb.c.obj
                0x0000000020003258                stdio_usb
 .data._usbd_qdef
                0x0000000020003270       0x1c CMakeFiles/macropad1.dir/home/menadue/pico/pico-sdk/lib/tinyusb/src/device/usbd.c.obj
                0x0000000020003270                _usbd_qdef
 .data._usbd_rhport
                0x000000002000328c        0x1 CMakeFiles/macropad1.dir/home/menadue/pico/pico-sdk/lib/tinyusb/src/device/usbd.c.obj
 *fill*         0x000000002000328d        0x3 
 .data.i2c0_inst
                0x0000000020003290        0x8 CMakeFiles/macropad1.dir/home/menadue/pico/pico-sdk/src/rp2_common/hardware_i2c/i2c.c.obj
                0x0000000020003290                i2c0_inst
 .data.i2c1_inst
                0x0000000020003298        0x8 CMakeFiles/macropad1.dir/home/menadue/pico/pico-sdk/src/rp2_common/hardware_i2c/i2c.c.obj
                0x0000000020003298                i2c1_inst
                0x00000000200032a0                . = ALIGN (0x4)
 *(.after_data.*)
                0x00000000200032a0                . = ALIGN (0x4)
                0x00000000200032a0                PROVIDE (__mutex_array_start = .)
 *(SORT_BY_NAME(.mutex_array.*))
 *(.mutex_array)
 .mutex_array   0x00000000200032a0        0x8 CMakeFiles/macropad1.dir/home/menadue/pico/pico-sdk/src/rp2_common/pico_stdio/stdio.c.obj
                0x00000000200032a8                PROVIDE (__mutex_array_end = .)
                0x00000000200032a8                . = ALIGN (0x4)
 *(.jcr)
                0x00000000200032a8                . = ALIGN (0x4)

.tm_clone_table
                0x00000000200032a8        0x0 load address 0x000000001000c000
 .tm_clone_table
                0x00000000200032a8        0x0 /usr/lib/gcc/arm-none-eabi/10.3.1/thumb/v6-m/nofp/crtbegin.o
 .tm_clone_table
                0x00000000200032a8        0x0 /usr/lib/gcc/arm-none-eabi/10.3.1/thumb/v6-m/nofp/crtend.o

.igot.plt       0x00000000200032a8        0x0 load address 0x000000001000c000
 .igot.plt      0x00000000200032a8        0x0 /usr/lib/gcc/arm-none-eabi/10.3.1/thumb/v6-m/nofp/crtbegin.o

.tdata          0x00000000200032a8        0x0 load address 0x000000001000c000
                0x00000000200032a8                . = ALIGN (0x4)
 *(.tdata .tdata.* .gnu.linkonce.td.*)
                0x00000000200032a8                __tdata_end = .
                0x00000000200032a8                PROVIDE (__data_end__ = .)
                0x0000000010008e18                __etext = LOADADDR (.data)

.tbss           0x00000000200032a8        0x0 load address 0x000000001000c000
                0x00000000200032a8                . = ALIGN (0x4)
                0x00000000200032a8                __bss_start__ = .
                0x00000000200032a8                __tls_base = .
 *(.tbss .tbss.* .gnu.linkonce.tb.*)
 *(.tcommon)
                0x00000000200032a8                __tls_end = .

.bss            0x00000000200032a8     0x1064 load address 0x000000001000c000
                0x00000000200032a8                . = ALIGN (0x4)
                0x00000000200032a8                __tbss_end = .
 *(SORT_BY_ALIGNMENT(SORT_BY_NAME(.bss*)))
 .bss.default_alarm_pool_entries
                0x00000000200032a8      0x180 CMakeFiles/macropad1.dir/home/menadue/pico/pico-sdk/src/common/pico_time/time.c.obj
 .bss.last_avail_time.1
                0x0000000020003428        0x8 CMakeFiles/macropad1.dir/home/menadue/pico/pico-sdk/src/rp2_common/pico_stdio_usb/stdio_usb.c.obj
 .bss.sd_table  0x0000000020003430      0x100 CMakeFiles/macropad1.dir/home/menadue/pico/pico-sdk/src/rp2_common/pico_double/double_init_rom_rp2040.c.obj
                0x0000000020003430                sd_table
 .bss.sf_table  0x0000000020003530      0x100 CMakeFiles/macropad1.dir/home/menadue/pico/pico-sdk/src/rp2_common/pico_float/float_init_rom_rp2040.c.obj