Archive member included to satisfy reference by file (symbol)

/usr/lib/gcc/arm-none-eabi/10.3.1/thumb/v6-m/nofp/libgcc.a(_dvmd_tls.o)
                              CMakeFiles/macropad1.dir/home/menadue/pico/pico-sdk/src/rp2_common/pico_divider/divider_hardware.S.obj (__aeabi_idiv0)
/usr/lib/gcc/arm-none-eabi/10.3.1/../../../arm-none-eabi/lib/thumb/v6-m/nofp/libg.a(lib_a-atexit.o)
                              /usr/lib/gcc/arm-none-eabi/10.3.1/../../../arm-none-eabi/lib/thumb/v6-m/nofp/crt0.o (atexit)
/usr/lib/gcc/arm-none-eabi/10.3.1/../../../arm-none-eabi/lib/thumb/v6-m/nofp/libg.a(lib_a-calloc.o)
                              CMakeFiles/macropad1.dir/home/menadue/pico/pico-sdk/src/rp2_common/pico_malloc/malloc.c.obj (calloc)
/usr/lib/gcc/arm-none-eabi/10.3.1/../../../arm-none-eabi/lib/thumb/v6-m/nofp/libg.a(lib_a-callocr.o)
                              /usr/lib/gcc/arm-none-eabi/10.3.1/../../../arm-none-eabi/lib/thumb/v6-m/nofp/libg.a(lib_a-calloc.o) (_calloc_r)
/usr/lib/gcc/arm-none-eabi/10.3.1/../../../arm-none-eabi/lib/thumb/v6-m/nofp/libg.a(lib_a-fini.o)
                              /usr/lib/gcc/arm-none-eabi/10.3.1/../../../arm-none-eabi/lib/thumb/v6-m/nofp/crt0.o (__libc_fini_array)
/usr/lib/gcc/arm-none-eabi/10.3.1/../../../arm-none-eabi/lib/thumb/v6-m/nofp/libg.a(lib_a-impure.o)
                              /usr/lib/gcc/arm-none-eabi/10.3.1/../../../arm-none-eabi/lib/thumb/v6-m/nofp/libg.a(lib_a-calloc.o) (_impure_ptr)
/usr/lib/gcc/arm-none-eabi/10.3.1/../../../arm-none-eabi/lib/thumb/v6-m/nofp/libg.a(lib_a-init.o)
                              /usr/lib/gcc/arm-none-eabi/10.3.1/../../../arm-none-eabi/lib/thumb/v6-m/nofp/crt0.o (__libc_init_array)
/usr/lib/gcc/arm-none-eabi/10.3.1/../../../arm-none-eabi/lib/thumb/v6-m/nofp/libg.a(lib_a-lcltime_r.o)
                              CMakeFiles/macropad1.dir/home/menadue/pico/pico-sdk/src/common/pico_util/datetime.c.obj (localtime_r)
/usr/lib/gcc/arm-none-eabi/10.3.1/../../../arm-none-eabi/lib/thumb/v6-m/nofp/libg.a(lib_a-malloc.o)
                              CMakeFiles/macropad1.dir/home/menadue/pico/pico-sdk/src/rp2_common/pico_malloc/malloc.c.obj (malloc)
/usr/lib/gcc/arm-none-eabi/10.3.1/../../../arm-none-eabi/lib/thumb/v6-m/nofp/libg.a(lib_a-mallocr.o)
                              /usr/lib/gcc/arm-none-eabi/10.3.1/../../../arm-none-eabi/lib/thumb/v6-m/nofp/libg.a(lib_a-callocr.o) (_malloc_r)
/usr/lib/gcc/arm-none-eabi/10.3.1/../../../arm-none-eabi/lib/thumb/v6-m/nofp/libg.a(lib_a-memcmp.o)
                              CMakeFiles/macropad1.dir/home/menadue/pico/pico-sdk/src/rp2_common/pico_atomic/atomic.c.obj (memcmp)
/usr/lib/gcc/arm-none-eabi/10.3.1/../../../arm-none-eabi/lib/thumb/v6-m/nofp/libg.a(lib_a-memmove.o)
                              CMakeFiles/macropad1.dir/home/menadue/pico/pico-sdk/lib/tinyusb/src/class/msc/msc_device.c.obj (memmove)
/usr/lib/gcc/arm-none-eabi/10.3.1/../../../arm-none-eabi/lib/thumb/v6-m/nofp/libg.a(lib_a-mktime.o)
                              CMakeFiles/macropad1.dir/home/menadue/pico/pico-sdk/src/common/pico_util/datetime.c.obj (mktime)
/usr/lib/gcc/arm-none-eabi/10.3.1/../../../arm-none-eabi/lib/thumb/v6-m/nofp/libg.a(lib_a-mlock.o)
                              /usr/lib/gcc/arm-none-eabi/10.3.1/../../../arm-none-eabi/lib/thumb/v6-m/nofp/libg.a(lib_a-mallocr.o) (__malloc_lock)
/usr/lib/gcc/arm-none-eabi/10.3.1/../../../arm-none-eabi/lib/thumb/v6-m/nofp/libg.a(lib_a-month_lengths.o)
                              /usr/lib/gcc/arm-none-eabi/10.3.1/../../../arm-none-eabi/lib/thumb/v6-m/nofp/libg.a(lib_a-lcltime_r.o) (__month_lengths)
/usr/lib/gcc/arm-none-eabi/10.3.1/../../../arm-none-eabi/lib/thumb/v6-m/nofp/libg.a(lib_a-realloc.o)
                              CMakeFiles/macropad1.dir/home/menadue/pico/pico-sdk/src/rp2_common/pico_malloc/malloc.c.obj (realloc)
/usr/lib/gcc/arm-none-eabi/10.3.1/../../../arm-none-eabi/lib/thumb/v6-m/nofp/libg.a(lib_a-reallocr.o)
                              /usr/lib/gcc/arm-none-eabi/10.3.1/../../../arm-none-eabi/lib/thumb/v6-m/nofp/libg.a(lib_a-realloc.o) (_realloc_r)
/usr/lib/gcc/arm-none-eabi/10.3.1/../../../arm-none-eabi/lib/thumb/v6-m/nofp/libg.a(lib_a-sbrkr.o)
                              /usr/lib/gcc/arm-none-eabi/10.3.1/../../../arm-none-eabi/lib/thumb/v6-m/nofp/libg.a(lib_a-mallocr.o) (_sbrk_r)
/usr/lib/gcc/arm-none-eabi/10.3.1/../../../arm-none-eabi/lib/thumb/v6-m/nofp/libg.a(lib_a-strlen-stub.o)
                              CMakeFiles/macropad1.dir/usb_descriptors.c.obj (strlen)
/usr/lib/gcc/arm-none-eabi/10.3.1/../../../arm-none-eabi/lib/thumb/v6-m/nofp/libg.a(lib_a-tzcalc_limits.o)
                              /usr/lib/gcc/arm-none-eabi/10.3.1/../../../arm-none-eabi/lib/thumb/v6-m/nofp/libg.a(lib_a-lcltime_r.o) (__tzcalc_limits)
/usr/lib/gcc/arm-none-eabi/10.3.1/../../../arm-none-eabi/lib/thumb/v6-m/nofp/libg.a(lib_a-tzlock.o)
[...]
Memory Configuration

Name             Origin             Length             Attributes
FLASH            0x0000000010000000 0x0000000000200000 xr
RAM              0x0000000020000000 0x0000000000040000 xrw
SCRATCH_X        0x0000000020040000 0x0000000000001000 xrw
SCRATCH_Y        0x0000000020041000 0x0000000000001000 xrw
*default*        0x0000000000000000 0xffffffffffffffff

Linker script and memory map

LOAD /usr/lib/gcc/arm-none-eabi/10.3.1/thumb/v6-m/nofp/crti.o
LOAD /usr/lib/gcc/arm-none-eabi/10.3.1/thumb/v6-m/nofp/crtbegin.o
LOAD /usr/lib/gcc/arm-none-eabi/10.3.1/../../../arm-none-eabi/lib/thumb/v6-m/nofp/crt0.o

.flash_begin    0x0000000010000000        0x0
                0x0000000010000000                __flash_binary_start = .

.boot2          0x0000000010000000      0x100
                0x0000000010000000                __boot2_start__ = .
 *(.boot2)
 .boot2         0x0000000010000000      0x100 /tmp/ccJWx4ih.o
                0x0000000010000100                __boot2_end__ = .
                0x0000000000000001                ASSERT (((__boot2_end__ - __boot2_start__) == 0x100), ERROR: Pico second stage bootloader must be 256 bytes in size)

.text           0x0000000010000100     0x81e4
                0x0000000010000100                __logical_binary_start = .
 *(.vectors)
 .vectors       0x0000000010000100       0xd4 CMakeFiles/macropad1.dir/home/menadue/pico/pico-sdk/src/rp2_common/pico_crt0/crt0.S.obj
                0x0000000010000100                __vectors
                0x0000000010000100                __VECTOR_TABLE
                0x00000000100001c0                isr_invalid
                0x00000000100001c0                __default_isrs_start
                0x00000000100001c2                isr_nmi
                0x00000000100001c4                isr_hardfault
                0x00000000100001c6                isr_svcall
                0x00000000100001c8                isr_pendsv
                0x00000000100001ca                isr_systick
                0x00000000100001cc                isr_irq30
                0x00000000100001cc                __unhandled_user_irq
                0x00000000100001cc                isr_irq13
                0x00000000100001cc                isr_irq27
                0x00000000100001cc                isr_irq31
                0x00000000100001cc                isr_irq5
                0x00000000100001cc                isr_irq11
                0x00000000100001cc                isr_irq23
                0x00000000100001cc                isr_irq18
                0x00000000100001cc                isr_irq28
                0x00000000100001cc                isr_irq19
                0x00000000100001cc                isr_irq0
                0x00000000100001cc                isr_irq6
                0x00000000100001cc                isr_irq22
                0x00000000100001cc                isr_irq17
                0x00000000100001cc                isr_irq14
                0x00000000100001cc                isr_irq2
                0x00000000100001cc                isr_irq10
                0x00000000100001cc                isr_irq8
                0x00000000100001cc                isr_irq24
                0x00000000100001cc                isr_irq1
                0x00000000100001cc                isr_irq7
                0x00000000100001cc                isr_irq21
                0x00000000100001cc                isr_irq20
                0x00000000100001cc                isr_irq15
                0x00000000100001cc                isr_irq25
                0x00000000100001cc                isr_irq4
                0x00000000100001cc                isr_irq16
                0x00000000100001cc                isr_irq29
                0x00000000100001cc                isr_irq26
                0x00000000100001cc                __default_isrs_end
                0x00000000100001cc                isr_irq3
                0x00000000100001cc                isr_irq12
                0x00000000100001cc                isr_irq9
                0x00000000100001d2                unhandled_user_irq_num_in_r0
 *(.binary_info_header)
 .binary_info_header
                0x00000000100001d4       0x14 CMakeFiles/macropad1.dir/home/menadue/pico/pico-sdk/src/rp2_common/pico_crt0/crt0.S.obj
                0x00000000100001e8                __binary_info_header_end = .
 *(.embedded_block)
                0x00000000100001e8                __embedded_block_end = .
 *(.reset)
 .reset         0x00000000100001e8       0x9c CMakeFiles/macropad1.dir/home/menadue/pico/pico-sdk/src/rp2_common/pico_crt0/crt0.S.obj
                0x00000000100001e8                _entry_point
 *(.init)
 .init          0x0000000010000284        0x4 /usr/lib/gcc/arm-none-eabi/10.3.1/thumb/v6-m/nofp/crti.o
                0x0000000010000284                _init
 *(EXCLUDE_FILE(*libm.a: *libc.a:*lib_a-mem*.o *libgcc.a:) .text*)
 .text          0x0000000010000288       0x98 /usr/lib/gcc/arm-none-eabi/10.3.1/thumb/v6-m/nofp/crtbegin.o
 .text.init_gpios
                0x0000000010000320       0xb8 CMakeFiles/macropad1.dir/macropad1.c.obj
                0x0000000010000320                init_gpios
 .text.startup.main
                0x00000000100003d8      0x118 CMakeFiles/macropad1.dir/macropad1.c.obj
                0x00000000100003d8                main
 .text.tud_hid_report_complete_cb
                0x00000000100004f0       0x68 CMakeFiles/macropad1.dir/macropad1.c.obj
                0x00000000100004f0                tud_hid_report_complete_cb
 .text.tud_hid_get_report_cb
                0x0000000010000558        0x4 CMakeFiles/macropad1.dir/macropad1.c.obj
                0x0000000010000558                tud_hid_get_report_cb
 .text.tud_hid_set_report_cb
                0x000000001000055c        0x4 CMakeFiles/macropad1.dir/macropad1.c.obj
                0x000000001000055c                tud_hid_set_report_cb
 .text.cli_zero_parameter
                0x0000000010000560        0xc CMakeFiles/macropad1.dir/serial.c.obj
                0x0000000010000560                cli_zero_parameter
 .text.cli_digit
                0x000000001000056c       0x24 CMakeFiles/macropad1.dir/serial.c.obj
                0x000000001000056c                cli_digit
 .text.cli_drive_column
                0x0000000010000590       0x94 CMakeFiles/macropad1.dir/serial.c.obj
                0x0000000010000590                cli_drive_column
 .text.cli_boot_mass
                0x0000000010000624        0xc CMakeFiles/macropad1.dir/serial.c.obj
                0x0000000010000624                cli_boot_mass
 .text.cli_read_adc
                0x0000000010000630       0x30 CMakeFiles/macropad1.dir/serial.c.obj
                0x0000000010000630                cli_read_adc
 .text.serial_help
                0x0000000010000660       0x44 CMakeFiles/macropad1.dir/serial.c.obj
                0x0000000010000660                serial_help
 .text.cli_init_i2c
                0x00000000100006a4        0x8 CMakeFiles/macropad1.dir/serial.c.obj
                0x00000000100006a4                cli_init_i2c
 .text.cli_scan
                0x00000000100006ac      0x2fc CMakeFiles/macropad1.dir/serial.c.obj
                0x00000000100006ac                cli_scan
 .text.cli_drive_row
                0x00000000100009a8       0x80 CMakeFiles/macropad1.dir/serial.c.obj
                0x00000000100009a8                cli_drive_row
 .text.serial_loop
                0x0000000010000a28       0x50 CMakeFiles/macropad1.dir/serial.c.obj
                0x0000000010000a28                serial_loop
 .text.i2c_init_il31
                0x0000000010000a78      0x314 CMakeFiles/macropad1.dir/i2c.c.obj
                0x0000000010000a78                i2c_init_il31
 .text.init_usb
                0x0000000010000d8c       0x1c CMakeFiles/macropad1.dir/macropad_usb.c.obj
                0x0000000010000d8c                init_usb
 .text.tud_descriptor_device_cb
                0x0000000010000da8        0x8 CMakeFiles/macropad1.dir/usb_descriptors.c.obj
                0x0000000010000da8                tud_descriptor_device_cb
 .text.tud_descriptor_configuration_cb
                0x0000000010000db0        0x8 CMakeFiles/macropad1.dir/usb_descriptors.c.obj
                0x0000000010000db0                tud_descriptor_configuration_cb
 .text.tud_descriptor_string_cb
                0x0000000010000db8      0x154 CMakeFiles/macropad1.dir/usb_descriptors.c.obj
                0x0000000010000db8                tud_descriptor_string_cb
 .text.tud_msc_inquiry_cb
                0x0000000010000f0c       0x58 CMakeFiles/macropad1.dir/msc_disk.c.obj
                0x0000000010000f0c                tud_msc_inquiry_cb
 .text.tud_msc_test_unit_ready_cb
                0x0000000010000f64       0x24 CMakeFiles/macropad1.dir/msc_disk.c.obj
                0x0000000010000f64                tud_msc_test_unit_ready_cb
 .text.tud_msc_capacity_cb
                0x0000000010000f88        0xc CMakeFiles/macropad1.dir/msc_disk.c.obj
                0x0000000010000f88                tud_msc_capacity_cb
 .text.tud_msc_start_stop_cb
                0x0000000010000f94       0x18 CMakeFiles/macropad1.dir/msc_disk.c.obj
                0x0000000010000f94                tud_msc_start_stop_cb
 .text.tud_msc_read10_cb
                0x0000000010000fac       0x24 CMakeFiles/macropad1.dir/msc_disk.c.obj
                0x0000000010000fac                tud_msc_read10_cb
 .text.tud_msc_is_writable_cb
                0x0000000010000fd0        0x4 CMakeFiles/macropad1.dir/msc_disk.c.obj
                0x0000000010000fd0                tud_msc_is_writable_cb
 .text.tud_msc_write10_cb
                0x0000000010000fd4       0x28 CMakeFiles/macropad1.dir/msc_disk.c.obj
                0x0000000010000fd4                tud_msc_write10_cb
 .text.tud_msc_scsi_cb
                0x0000000010000ffc       0x14 CMakeFiles/macropad1.dir/msc_disk.c.obj
                0x0000000010000ffc                tud_msc_scsi_cb
 .text.tud_hid_set_protocol_cb
                0x0000000010001010        0x4 CMakeFiles/macropad1.dir/home/menadue/pico/pico-sdk/lib/tinyusb/src/class/hid/hid_device.c.obj
                0x0000000010001010                tud_hid_set_protocol_cb
 .text.tud_hid_set_idle_cb
                0x0000000010001014        0x4 CMakeFiles/macropad1.dir/home/menadue/pico/pico-sdk/lib/tinyusb/src/class/hid/hid_device.c.obj
                0x0000000010001014                tud_hid_set_idle_cb
 .text.tud_hid_report_failed_cb
                0x0000000010001018        0x4 CMakeFiles/macropad1.dir/home/menadue/pico/pico-sdk/lib/tinyusb/src/class/hid/hid_device.c.obj
                0x0000000010001018                tud_hid_report_failed_cb
 .text.tud_hid_n_ready
                0x000000001000101c       0x38 CMakeFiles/macropad1.dir/home/menadue/pico/pico-sdk/lib/tinyusb/src/class/hid/hid_device.c.obj
                0x000000001000101c                tud_hid_n_ready
 .text.tud_hid_n_keyboard_report
                0x0000000010001054       0x90 CMakeFiles/macropad1.dir/home/menadue/pico/pico-sdk/lib/tinyusb/src/class/hid/hid_device.c.obj
                0x0000000010001054                tud_hid_n_keyboard_report
 .text.hidd_init
                0x00000000100010e4       0x14 CMakeFiles/macropad1.dir/home/menadue/pico/pico-sdk/lib/tinyusb/src/class/hid/hid_device.c.obj
                0x00000000100010e4                hidd_init
 .text.hidd_deinit
                0x00000000100010f8        0x4 CMakeFiles/macropad1.dir/home/menadue/pico/pico-sdk/lib/tinyusb/src/class/hid/hid_device.c.obj
                0x00000000100010f8                hidd_deinit
 .text.hidd_reset
                0x00000000100010fc       0x14 CMakeFiles/macropad1.dir/home/menadue/pico/pico-sdk/lib/tinyusb/src/class/hid/hid_device.c.obj
                0x00000000100010fc                hidd_reset
 .text.hidd_open
                0x0000000010001110       0x8c CMakeFiles/macropad1.dir/home/menadue/pico/pico-sdk/lib/tinyusb/src/class/hid/hid_device.c.obj
                0x0000000010001110                hidd_open
 .text.hidd_control_xfer_cb
                0x000000001000119c      0x1a0 CMakeFiles/macropad1.dir/home/menadue/pico/pico-sdk/lib/tinyusb/src/class/hid/hid_device.c.obj
                0x000000001000119c                hidd_control_xfer_cb
 .text.hidd_xfer_cb
                0x000000001000133c       0x84 CMakeFiles/macropad1.dir/home/menadue/pico/pico-sdk/lib/tinyusb/src/class/hid/hid_device.c.obj
                0x000000001000133c                hidd_xfer_cb
 .text.gpio_set_function
                0x00000000100013c0       0x34 CMakeFiles/macropad1.dir/home/menadue/pico/pico-sdk/src/rp2_common/hardware_gpio/gpio.c.obj
                0x00000000100013c0                gpio_set_function
 .text.gpio_set_pulls
                0x00000000100013f4       0x34 CMakeFiles/macropad1.dir/home/menadue/pico/pico-sdk/src/rp2_common/hardware_gpio/gpio.c.obj
                0x00000000100013f4                gpio_set_pulls
 .text.gpio_set_input_enabled
                0x0000000010001428       0x28 CMakeFiles/macropad1.dir/home/menadue/pico/pico-sdk/src/rp2_common/hardware_gpio/gpio.c.obj
                0x0000000010001428                gpio_set_input_enabled
 .text.gpio_init
                0x0000000010001450       0x40 CMakeFiles/macropad1.dir/home/menadue/pico/pico-sdk/src/rp2_common/hardware_gpio/gpio.c.obj
                0x0000000010001450                gpio_init
 .text.rp2040_chip_version
                0x0000000010001490        0xc CMakeFiles/macropad1.dir/home/menadue/pico/pico-sdk/src/rp2040/pico_platform/platform.c.obj
                0x0000000010001490                rp2040_chip_version
 .text.panic    0x000000001000149c       0x30 CMakeFiles/macropad1.dir/home/menadue/pico/pico-sdk/src/rp2_common/pico_platform_panic/panic.c.obj
                0x000000001000149c                panic
 .text.hw_claim_or_assert
                0x00000000100014cc       0x44 CMakeFiles/macropad1.dir/home/menadue/pico/pico-sdk/src/common/hardware_claim/claim.c.obj
                0x00000000100014cc                hw_claim_or_assert
 .text.hw_claim_unused_from_range
                0x0000000010001510       0x9c CMakeFiles/macropad1.dir/home/menadue/pico/pico-sdk/src/common/hardware_claim/claim.c.obj
                0x0000000010001510                hw_claim_unused_from_range
 .text.next_striped_spin_lock_num
                0x00000000100015ac       0x18 CMakeFiles/macropad1.dir/home/menadue/pico/pico-sdk/src/rp2_common/hardware_sync/sync.c.obj
                0x00000000100015ac                next_striped_spin_lock_num
 .text.spin_lock_claim_unused
                0x00000000100015c4       0x20 CMakeFiles/macropad1.dir/home/menadue/pico/pico-sdk/src/rp2_common/hardware_sync/sync.c.obj
                0x00000000100015c4                spin_lock_claim_unused
 .text.spin_locks_reset
                0x00000000100015e4       0x1c CMakeFiles/macropad1.dir/home/menadue/pico/pico-sdk/src/rp2_common/hardware_sync_spin_lock/sync_spin_lock.c.obj
                0x00000000100015e4                spin_locks_reset
 .text.runtime_init_per_core_irq_priorities
                0x0000000010001600       0x24 CMakeFiles/macropad1.dir/home/menadue/pico/pico-sdk/src/rp2_common/hardware_irq/irq.c.obj
                0x0000000010001600                runtime_init_per_core_irq_priorities
 .text.irq_set_enabled
                0x0000000010001624       0x24 CMakeFiles/macropad1.dir/home/menadue/pico/pico-sdk/src/rp2_common/hardware_irq/irq.c.obj
                0x0000000010001624                irq_set_enabled
 .text.irq_set_exclusive_handler
                0x0000000010001648       0x54 CMakeFiles/macropad1.dir/home/menadue/pico/pico-sdk/src/rp2_common/hardware_irq/irq.c.obj
                0x0000000010001648                irq_set_exclusive_handler
 .text.irq_add_shared_handler
                0x000000001000169c      0x1e8 CMakeFiles/macropad1.dir/home/menadue/pico/pico-sdk/src/rp2_common/hardware_irq/irq.c.obj
                0x000000001000169c                irq_add_shared_handler
 .text.irq_remove_handler
                0x0000000010001884      0x1c4 CMakeFiles/macropad1.dir/home/menadue/pico/pico-sdk/src/rp2_common/hardware_irq/irq.c.obj
                0x0000000010001884                irq_remove_handler
 .text.irq_add_tail_to_free_list
                0x0000000010001a48       0xb4 CMakeFiles/macropad1.dir/home/menadue/pico/pico-sdk/src/rp2_common/hardware_irq/irq.c.obj
                0x0000000010001a48                irq_add_tail_to_free_list
 .text.lock_init
                0x0000000010001afc       0x10 CMakeFiles/macropad1.dir/home/menadue/pico/pico-sdk/src/common/pico_sync/lock_core.c.obj
                0x0000000010001afc                lock_init
 .text.runtime_init_mutex
                0x0000000010001b0c       0x58 CMakeFiles/macropad1.dir/home/menadue/pico/pico-sdk/src/common/pico_sync/mutex.c.obj
                0x0000000010001b0c                runtime_init_mutex
 .text.mutex_init
                0x0000000010001b64       0x1c CMakeFiles/macropad1.dir/home/menadue/pico/pico-sdk/src/common/pico_sync/mutex.c.obj
                0x0000000010001b64                mutex_init
 .text.critical_section_init
                0x0000000010001b80       0x20 CMakeFiles/macropad1.dir/home/menadue/pico/pico-sdk/src/common/pico_sync/critical_section.c.obj
                0x0000000010001b80                critical_section_init
 .text.sleep_until_callback
                0x0000000010001ba0       0x30 CMakeFiles/macropad1.dir/home/menadue/pico/pico-sdk/src/common/pico_time/time.c.obj
 .text.alarm_pool_irq_handler
                0x0000000010001bd0      0x2e4 CMakeFiles/macropad1.dir/home/menadue/pico/pico-sdk/src/common/pico_time/time.c.obj
 .text.runtime_init_default_alarm_pool
                0x0000000010001eb4       0xdc CMakeFiles/macropad1.dir/home/menadue/pico/pico-sdk/src/common/pico_time/time.c.obj
                0x0000000010001eb4                runtime_init_default_alarm_pool
 .text.alarm_pool_get_default
                0x0000000010001f90        0x8 CMakeFiles/macropad1.dir/home/menadue/pico/pico-sdk/src/common/pico_time/time.c.obj
                0x0000000010001f90                alarm_pool_get_default
 .text.alarm_pool_add_alarm_at_force_in_context
                0x0000000010001f98       0xb0 CMakeFiles/macropad1.dir/home/menadue/pico/pico-sdk/src/common/pico_time/time.c.obj
                0x0000000010001f98                alarm_pool_add_alarm_at_force_in_context
 .text.alarm_pool_cancel_alarm
                0x0000000010002048       0x7c CMakeFiles/macropad1.dir/home/menadue/pico/pico-sdk/src/common/pico_time/time.c.obj
                0x0000000010002048                alarm_pool_cancel_alarm
 .text.alarm_pool_core_num
                0x00000000100020c4        0x4 CMakeFiles/macropad1.dir/home/menadue/pico/pico-sdk/src/common/pico_time/time.c.obj
                0x00000000100020c4                alarm_pool_core_num
 .text.sleep_until
                0x00000000100020c8       0xd0 CMakeFiles/macropad1.dir/home/menadue/pico/pico-sdk/src/common/pico_time/time.c.obj
                0x00000000100020c8                sleep_until
 .text.sleep_ms
                0x0000000010002198       0x34 CMakeFiles/macropad1.dir/home/menadue/pico/pico-sdk/src/common/pico_time/time.c.obj
                0x0000000010002198                sleep_ms
 .text.best_effort_wfe_or_timeout
                0x00000000100021cc      0x11c CMakeFiles/macropad1.dir/home/menadue/pico/pico-sdk/src/common/pico_time/time.c.obj
                0x00000000100021cc                best_effort_wfe_or_timeout
 .text.timer_hardware_alarm_claim
                0x00000000100022e8       0x14 CMakeFiles/macropad1.dir/home/menadue/pico/pico-sdk/src/rp2_common/hardware_timer/timer.c.obj
                0x00000000100022e8                timer_hardware_alarm_claim
 .text.timer_time_us_64
                0x00000000100022fc       0x10 CMakeFiles/macropad1.dir/home/menadue/pico/pico-sdk/src/rp2_common/hardware_timer/timer.c.obj
                0x00000000100022fc                timer_time_us_64
 .text.time_us_64
                0x000000001000230c       0x14 CMakeFiles/macropad1.dir/home/menadue/pico/pico-sdk/src/rp2_common/hardware_timer/timer.c.obj
                0x000000001000230c                time_us_64
 .text.busy_wait_us
                0x0000000010002320       0x54 CMakeFiles/macropad1.dir/home/menadue/pico/pico-sdk/src/rp2_common/hardware_timer/timer.c.obj
                0x0000000010002320                busy_wait_us
 .text.busy_wait_until
                0x0000000010002374       0x20 CMakeFiles/macropad1.dir/home/menadue/pico/pico-sdk/src/rp2_common/hardware_timer/timer.c.obj
                0x0000000010002374                busy_wait_until
 .text.uart_init
                0x0000000010002394      0x11c CMakeFiles/macropad1.dir/home/menadue/pico/pico-sdk/src/rp2_common/hardware_uart/uart.c.obj
                0x0000000010002394                uart_init
 .text.clock_configure_int_divider
                0x00000000100024b0       0xf4 CMakeFiles/macropad1.dir/home/menadue/pico/pico-sdk/src/rp2_common/hardware_clocks/clocks.c.obj
                0x00000000100024b0                clock_configure_int_divider
 .text.clock_configure_undivided
                0x00000000100025a4       0xe8 CMakeFiles/macropad1.dir/home/menadue/pico/pico-sdk/src/rp2_common/hardware_clocks/clocks.c.obj
                0x00000000100025a4                clock_configure_undivided
 .text.clock_get_hz
                0x000000001000268c        0xc CMakeFiles/macropad1.dir/home/menadue/pico/pico-sdk/src/rp2_common/hardware_clocks/clocks.c.obj
                0x000000001000268c                clock_get_hz
 .text.pll_init
                0x0000000010002698       0xa0 CMakeFiles/macropad1.dir/home/menadue/pico/pico-sdk/src/rp2_common/hardware_pll/pll.c.obj
                0x0000000010002698                pll_init
 .text.tick_start
                0x0000000010002738       0x10 CMakeFiles/macropad1.dir/home/menadue/pico/pico-sdk/src/rp2_common/hardware_ticks/ticks.c.obj
                0x0000000010002738                tick_start
 .text.xosc_init
                0x0000000010002748       0x28 CMakeFiles/macropad1.dir/home/menadue/pico/pico-sdk/src/rp2_common/hardware_xosc/xosc.c.obj
                0x0000000010002748                xosc_init
 .text.first_per_core_initializer
                0x0000000010002770        0x4 CMakeFiles/macropad1.dir/home/menadue/pico/pico-sdk/src/rp2_common/pico_runtime/runtime.c.obj
 .text.hard_assertion_failure
                0x0000000010002774        0xc CMakeFiles/macropad1.dir/home/menadue/pico/pico-sdk/src/rp2_common/pico_runtime/runtime.c.obj
                0x0000000010002774                hard_assertion_failure
 .text.runtime_run_initializers
                0x0000000010002780       0x28 CMakeFiles/macropad1.dir/home/menadue/pico/pico-sdk/src/rp2_common/pico_runtime/runtime.c.obj
                0x0000000010002780                runtime_run_initializers
 .text.runtime_init_early_resets
                0x00000000100027a8       0x2c CMakeFiles/macropad1.dir/home/menadue/pico/pico-sdk/src/rp2_common/pico_runtime_init/runtime_init.c.obj
                0x00000000100027a8                runtime_init_early_resets
 .text.runtime_init_usb_power_down
                0x00000000100027d4       0x1c CMakeFiles/macropad1.dir/home/menadue/pico/pico-sdk/src/rp2_common/pico_runtime_init/runtime_init.c.obj
                0x00000000100027d4                runtime_init_usb_power_down
 .text.runtime_init_post_clock_resets
                0x00000000100027f0       0x20 CMakeFiles/macropad1.dir/home/menadue/pico/pico-sdk/src/rp2_common/pico_runtime_init/runtime_init.c.obj
                0x00000000100027f0                runtime_init_post_clock_resets
 .text.runtime_init_rp2040_gpio_ie_disable
                0x0000000010002810       0x14 CMakeFiles/macropad1.dir/home/menadue/pico/pico-sdk/src/rp2_common/pico_runtime_init/runtime_init.c.obj
                0x0000000010002810                runtime_init_rp2040_gpio_ie_disable
 .text.runtime_init_spin_locks_reset
                0x0000000010002824        0x8 CMakeFiles/macropad1.dir/home/menadue/pico/pico-sdk/src/rp2_common/pico_runtime_init/runtime_init.c.obj
                0x0000000010002824                runtime_init_spin_locks_reset
 .text.runtime_init_install_ram_vector_table
                0x000000001000282c       0x1c CMakeFiles/macropad1.dir/home/menadue/pico/pico-sdk/src/rp2_common/pico_runtime_init/runtime_init.c.obj
                0x000000001000282c                runtime_init_install_ram_vector_table
 .text.runtime_init_clocks
                0x0000000010002848       0xd8 CMakeFiles/macropad1.dir/home/menadue/pico/pico-sdk/src/rp2_common/pico_runtime_init/runtime_init_clocks.c.obj
                0x0000000010002848                runtime_init_clocks
 .text          0x0000000010002920       0x10 CMakeFiles/macropad1.dir/home/menadue/pico/pico-sdk/src/rp2_common/pico_bit_ops/bit_ops_aeabi.S.obj
 .text.rom_func_lookup
                0x0000000010002930       0x10 CMakeFiles/macropad1.dir/home/menadue/pico/pico-sdk/src/rp2_common/pico_bootrom/bootrom.c.obj
                0x0000000010002930                rom_func_lookup
 .text.rom_data_lookup
                0x0000000010002940       0x10 CMakeFiles/macropad1.dir/home/menadue/pico/pico-sdk/src/rp2_common/pico_bootrom/bootrom.c.obj
                0x0000000010002940                rom_data_lookup
 .text.rom_funcs_lookup
                0x0000000010002950       0x44 CMakeFiles/macropad1.dir/home/menadue/pico/pico-sdk/src/rp2_common/pico_bootrom/bootrom.c.obj
                0x0000000010002950                rom_funcs_lookup
 .text.rom_reset_usb_boot
                0x0000000010002994       0x20 CMakeFiles/macropad1.dir/home/menadue/pico/pico-sdk/src/rp2_common/pico_bootrom/bootrom.c.obj
                0x0000000010002994                rom_reset_usb_boot
 .text.__wrap___aeabi_idiv
                0x00000000100029b4       0x50 CMakeFiles/macropad1.dir/home/menadue/pico/pico-sdk/src/rp2_common/pico_divider/divider_hardware.S.obj
                0x00000000100029b4                __wrap___aeabi_idivmod
                0x00000000100029b4                divmod_s32s32
                0x00000000100029b4                div_s32s32
                0x00000000100029b4                __wrap___aeabi_idiv
                0x00000000100029bc                divmod_s32s32_unsafe
                0x00000000100029e8                divmod_s32s32_savestate
 .text.__wrap___aeabi_uidiv
                0x0000000010002a04       0x4c CMakeFiles/macropad1.dir/home/menadue/pico/pico-sdk/src/rp2_common/pico_divider/divider_hardware.S.obj
                0x0000000010002a04                __wrap___aeabi_uidiv
                0x0000000010002a04                __wrap___aeabi_uidivmod
                0x0000000010002a04                div_u32u32
                0x0000000010002a04                divmod_u32u32
                0x0000000010002a0c                divmod_u32u32_unsafe
                0x0000000010002a34                divmod_u32u32_savestate
 .text.__wrap___aeabi_ldiv
                0x0000000010002a50      0x424 CMakeFiles/macropad1.dir/home/menadue/pico/pico-sdk/src/rp2_common/pico_divider/divider_hardware.S.obj
                0x0000000010002a50                div_s64s64
                0x0000000010002a50                divmod_s64s64
                0x0000000010002a50                __wrap___aeabi_ldivmod
                0x0000000010002a80                div_u64u64
                0x0000000010002a80                divmod_u64u64
                0x0000000010002a80                __wrap___aeabi_uldivmod
                0x0000000010002a90                divmod_u64u64_savestate
                0x0000000010002ab0                divmod_s64s64_unsafe
                0x0000000010002b38                divmod_u64u64_unsafe
 .text.__wrap___aeabi_darithmetic
                0x0000000010002e74       0x80 CMakeFiles/macropad1.dir/home/menadue/pico/pico-sdk/src/rp2_common/pico_double/double_aeabi_rp2040.S.obj
                0x0000000010002e74                __wrap___aeabi_drsub
                0x0000000010002e7a                __wrap___aeabi_dsub
                0x0000000010002e8c                __wrap___aeabi_dadd
                0x0000000010002e9e                __wrap___aeabi_ddiv
                0x0000000010002eda                __wrap___aeabi_dmul
 .text.__wrap___aeabi_cdcmple
                0x0000000010002ef4       0x6c CMakeFiles/macropad1.dir/home/menadue/pico/pico-sdk/src/rp2_common/pico_double/double_aeabi_rp2040.S.obj
                0x0000000010002ef4                __wrap___aeabi_cdrcmple
                0x0000000010002f04                __wrap___aeabi_cdcmple
                0x0000000010002f04                __wrap___aeabi_cdcmpeq
 .text.__wrap___aeabi_dcmplt
                0x0000000010002f60        0xc CMakeFiles/macropad1.dir/home/menadue/pico/pico-sdk/src/rp2_common/pico_double/double_aeabi_rp2040.S.obj
                0x0000000010002f60                __wrap___aeabi_dcmplt
 .text.__wrap___aeabi_dcmple
                0x0000000010002f6c       0x10 CMakeFiles/macropad1.dir/home/menadue/pico/pico-sdk/src/rp2_common/pico_double/double_aeabi_rp2040.S.obj
                0x0000000010002f6c                __wrap___aeabi_dcmple
 .text.__wrap___aeabi_dcmpge
                0x0000000010002f7c       0x10 CMakeFiles/macropad1.dir/home/menadue/pico/pico-sdk/src/rp2_common/pico_double/double_aeabi_rp2040.S.obj
                0x0000000010002f7c                __wrap___aeabi_dcmpge
 .text.__wrap___aeabi_dcmpgt
                0x0000000010002f8c        0xa CMakeFiles/macropad1.dir/home/menadue/pico/pico-sdk/src/rp2_common/pico_double/double_aeabi_rp2040.S.obj
                0x0000000010002f8c                __wrap___aeabi_dcmpgt
 .text.__wrap___aeabi_dcmpun
                0x0000000010002f96       0x18 CMakeFiles/macropad1.dir/home/menadue/pico/pico-sdk/src/rp2_common/pico_double/double_aeabi_rp2040.S.obj
                0x0000000010002f96                __wrap___aeabi_dcmpun
 *fill*         0x0000000010002fae        0x2 
 .text.__wrap___aeabi_i2d
                0x0000000010002fb0       0x38 CMakeFiles/macropad1.dir/home/menadue/pico/pico-sdk/src/rp2_common/pico_double/double_aeabi_rp2040.S.obj
                0x0000000010002fb0                __wrap___aeabi_ui2d
                0x0000000010002fb8                __wrap___aeabi_i2d
 .text.__wrap___aeabi_d2iz
                0x0000000010002fe8       0x48 CMakeFiles/macropad1.dir/home/menadue/pico/pico-sdk/src/rp2_common/pico_double/double_aeabi_rp2040.S.obj
                0x0000000010002fe8                __wrap___aeabi_d2iz
                0x0000000010002fe8                double2int_z
 .text.__wrap___aeabi_d2uiz
                0x0000000010003030       0x18 CMakeFiles/macropad1.dir/home/menadue/pico/pico-sdk/src/rp2_common/pico_double/double_aeabi_rp2040.S.obj
                0x0000000010003030                double2uint
                0x0000000010003030                __wrap___aeabi_d2uiz
 .text.__aeabi_double_init
                0x0000000010003048       0xa0 CMakeFiles/macropad1.dir/home/menadue/pico/pico-sdk/src/rp2_common/pico_double/double_init_rom_rp2040.c.obj
                0x0000000010003048                __aeabi_double_init
 .text.double_table_shim_on_use_helper
                0x00000000100030e8       0x2c CMakeFiles/macropad1.dir/home/menadue/pico/pico-sdk/src/rp2_common/pico_double/double_v1_rom_shim_rp2040.S.obj
                0x00000000100030e8                double_table_shim_on_use_helper
 .text.__wrap___aeabi_dsub
                0x0000000010003114       0x10 CMakeFiles/macropad1.dir/home/menadue/pico/pico-sdk/src/rp2_common/pico_double/double_v1_rom_shim_rp2040.S.obj
                0x0000000010003114                drsub_shim
                0x000000001000311a                dsub_shim
 .text.dadd_shim
                0x0000000010003124      0x15c CMakeFiles/macropad1.dir/home/menadue/pico/pico-sdk/src/rp2_common/pico_double/double_v1_rom_shim_rp2040.S.obj
                0x0000000010003124                dadd_shim
 .text.dmul_shim
                0x0000000010003280      0x15c CMakeFiles/macropad1.dir/home/menadue/pico/pico-sdk/src/rp2_common/pico_double/double_v1_rom_shim_rp2040.S.obj
                0x0000000010003280                dmul_shim
 .text.ddiv_shim
                0x00000000100033dc      0x1b0 CMakeFiles/macropad1.dir/home/menadue/pico/pico-sdk/src/rp2_common/pico_double/double_v1_rom_shim_rp2040.S.obj
                0x00000000100033dc                ddiv_shim
 .text.double2uint_shim
                0x000000001000358c        0xe CMakeFiles/macropad1.dir/home/menadue/pico/pico-sdk/src/rp2_common/pico_double/double_v1_rom_shim_rp2040.S.obj
                0x000000001000358c                double2uint_shim
                0x000000001000358e                double2ufix_shim
 *fill*         0x000000001000359a        0x2 
 .text.double2uint64_shim
                0x000000001000359c       0x70 CMakeFiles/macropad1.dir/home/menadue/pico/pico-sdk/src/rp2_common/pico_double/double_v1_rom_shim_rp2040.S.obj
                0x000000001000359c                double2uint64_shim
                0x000000001000359e                double2ufix64_shim
                0x00000000100035be                d2fix_a
 .text.dunpacks
                0x000000001000360c       0x3c CMakeFiles/macropad1.dir/home/menadue/pico/pico-sdk/src/rp2_common/pico_double/double_v1_rom_shim_rp2040.S.obj
                0x000000001000360c                dunpacks
 .text.__aeabi_lmul
                0x0000000010003648       0x32 CMakeFiles/macropad1.dir/home/menadue/pico/pico-sdk/src/rp2_common/pico_int64_ops/pico_int64_ops_aeabi.S.obj
                0x0000000010003648                __wrap___aeabi_lmul
 *fill*         0x000000001000367a        0x2 
 .text.__aeabi_float_init
                0x000000001000367c       0x64 CMakeFiles/macropad1.dir/home/menadue/pico/pico-sdk/src/rp2_common/pico_float/float_init_rom_rp2040.c.obj
                0x000000001000367c                __aeabi_float_init
 .text.float_table_shim_on_use_helper
                0x00000000100036e0       0x2c CMakeFiles/macropad1.dir/home/menadue/pico/pico-sdk/src/rp2_common/pico_float/float_v1_rom_shim_rp2040.S.obj
                0x00000000100036e0                float_table_shim_on_use_helper
 .text          0x000000001000370c       0x10 CMakeFiles/macropad1.dir/home/menadue/pico/pico-sdk/src/rp2_common/pico_mem_ops/mem_ops_aeabi.S.obj
                0x000000001000370c                __aeabi_mem_init
 .text.memset   0x000000001000371c        0xc CMakeFiles/macropad1.dir/home/menadue/pico/pico-sdk/src/rp2_common/pico_mem_ops/mem_ops_aeabi.S.obj
                0x000000001000371c                __wrap_memset
 .text.memcpy   0x0000000010003728        0xc CMakeFiles/macropad1.dir/home/menadue/pico/pico-sdk/src/rp2_common/pico_mem_ops/mem_ops_aeabi.S.obj
                0x0000000010003728                __wrap___aeabi_memcpy
                0x0000000010003728                __wrap_memcpy
 .text._out_null
                0x0000000010003734        0x4 CMakeFiles/macropad1.dir/home/menadue/pico/pico-sdk/src/rp2_common/pico_printf/printf.c.obj
 .text._out_rev
                0x0000000010003738       0x9c CMakeFiles/macropad1.dir/home/menadue/pico/pico-sdk/src/rp2_common/pico_printf/printf.c.obj
 .text._ntoa_format
                0x00000000100037d4      0x1cc CMakeFiles/macropad1.dir/home/menadue/pico/pico-sdk/src/rp2_common/pico_printf/printf.c.obj
 .text._out_char
                0x00000000100039a0       0x10 CMakeFiles/macropad1.dir/home/menadue/pico/pico-sdk/src/rp2_common/pico_printf/printf.c.obj
 .text._out_fct
                0x00000000100039b0       0x10 CMakeFiles/macropad1.dir/home/menadue/pico/pico-sdk/src/rp2_common/pico_printf/printf.c.obj
 .text._etoa    0x00000000100039c0      0x44c CMakeFiles/macropad1.dir/home/menadue/pico/pico-sdk/src/rp2_common/pico_printf/printf.c.obj
 .text._ftoa    0x0000000010003e0c      0x398 CMakeFiles/macropad1.dir/home/menadue/pico/pico-sdk/src/rp2_common/pico_printf/printf.c.obj
 .text._vsnprintf
                0x00000000100041a4      0xb04 CMakeFiles/macropad1.dir/home/menadue/pico/pico-sdk/src/rp2_common/pico_printf/printf.c.obj
 .text.vfctprintf
                0x0000000010004ca8       0x20 CMakeFiles/macropad1.dir/home/menadue/pico/pico-sdk/src/rp2_common/pico_printf/printf.c.obj
                0x0000000010004ca8                vfctprintf
 .text.weak_raw_vprintf
                0x0000000010004cc8       0x30 CMakeFiles/macropad1.dir/home/menadue/pico/pico-sdk/src/rp2_common/pico_printf/printf.c.obj
                0x0000000010004cc8                weak_raw_vprintf
 .text._exit    0x0000000010004cf8        0x4 CMakeFiles/macropad1.dir/home/menadue/pico/pico-sdk/src/rp2_common/pico_clib_interface/newlib_interface.c.obj
                0x0000000010004cf8                _exit
 .text.exit     0x0000000010004cfc        0x8 CMakeFiles/macropad1.dir/home/menadue/pico/pico-sdk/src/rp2_common/pico_clib_interface/newlib_interface.c.obj
                0x0000000010004cfc                exit
 .text.runtime_init
                0x0000000010004d04       0x2c CMakeFiles/macropad1.dir/home/menadue/pico/pico-sdk/src/rp2_common/pico_clib_interface/newlib_interface.c.obj
                0x0000000010004d04                runtime_init
 .text.stdio_out_chars_no_crlf
                0x0000000010004d30       0x10 CMakeFiles/macropad1.dir/home/menadue/pico/pico-sdk/src/rp2_common/pico_stdio/stdio.c.obj
 .text.stdio_out_chars_crlf
                0x0000000010004d40       0xb4 CMakeFiles/macropad1.dir/home/menadue/pico/pico-sdk/src/rp2_common/pico_stdio/stdio.c.obj
 .text.stdio_buffered_printer
                0x0000000010004df4       0x64 CMakeFiles/macropad1.dir/home/menadue/pico/pico-sdk/src/rp2_common/pico_stdio/stdio.c.obj
 .text.stdio_put_string
                0x0000000010004e58      0x100 CMakeFiles/macropad1.dir/home/menadue/pico/pico-sdk/src/rp2_common/pico_stdio/stdio.c.obj
                0x0000000010004e58                stdio_put_string
 .text.stdio_set_driver_enabled
                0x0000000010004f58       0x30 CMakeFiles/macropad1.dir/home/menadue/pico/pico-sdk/src/rp2_common/pico_stdio/stdio.c.obj
                0x0000000010004f58                stdio_set_driver_enabled
 .text.stdio_init_all
                0x0000000010004f88       0x10 CMakeFiles/macropad1.dir/home/menadue/pico/pico-sdk/src/rp2_common/pico_stdio/stdio.c.obj
                0x0000000010004f88                stdio_init_all
 .text.stdio_getchar_timeout_us
                0x0000000010004f98       0x98 CMakeFiles/macropad1.dir/home/menadue/pico/pico-sdk/src/rp2_common/pico_stdio/stdio.c.obj
                0x0000000010004f98                stdio_getchar_timeout_us
 .text.__wrap_putchar
                0x0000000010005030       0x98 CMakeFiles/macropad1.dir/home/menadue/pico/pico-sdk/src/rp2_common/pico_stdio/stdio.c.obj
                0x0000000010005030                stdio_putchar
                0x0000000010005030                __wrap_putchar
 .text.__wrap_puts
                0x00000000100050c8       0x3c CMakeFiles/macropad1.dir/home/menadue/pico/pico-sdk/src/rp2_common/pico_stdio/stdio.c.obj
                0x00000000100050c8                __wrap_puts
                0x00000000100050c8                stdio_puts
 .text.__wrap_vprintf
                0x0000000010005104       0xd8 CMakeFiles/macropad1.dir/home/menadue/pico/pico-sdk/src/rp2_common/pico_stdio/stdio.c.obj
                0x0000000010005104                __wrap_vprintf
                0x0000000010005104                stdio_vprintf
 .text.__wrap_printf
                0x00000000100051dc       0x18 CMakeFiles/macropad1.dir/home/menadue/pico/pico-sdk/src/rp2_common/pico_stdio/stdio.c.obj
                0x00000000100051dc                stdio_printf
                0x00000000100051dc                __wrap_printf
 .text.stdio_uart_out_chars
                0x00000000100051f4       0x4c CMakeFiles/macropad1.dir/home/menadue/pico/pico-sdk/src/rp2_common/pico_stdio_uart/stdio_uart.c.obj
 .text.stdio_uart_in_chars
                0x0000000010005240       0x84 CMakeFiles/macropad1.dir/home/menadue/pico/pico-sdk/src/rp2_common/pico_stdio_uart/stdio_uart.c.obj
                0x0000000010005240                stdio_uart_in_chars
 .text.on_uart_rx
                0x00000000100052c4       0x28 CMakeFiles/macropad1.dir/home/menadue/pico/pico-sdk/src/rp2_common/pico_stdio_uart/stdio_uart.c.obj
 .text.stdio_uart_out_flush
                0x00000000100052ec       0x10 CMakeFiles/macropad1.dir/home/menadue/pico/pico-sdk/src/rp2_common/pico_stdio_uart/stdio_uart.c.obj
 .text.stdio_uart_set_chars_available_callback
                0x00000000100052fc       0x8c CMakeFiles/macropad1.dir/home/menadue/pico/pico-sdk/src/rp2_common/pico_stdio_uart/stdio_uart.c.obj
 .text.stdio_uart_init
                0x0000000010005388       0x50 CMakeFiles/macropad1.dir/home/menadue/pico/pico-sdk/src/rp2_common/pico_stdio_uart/stdio_uart.c.obj
                0x0000000010005388                stdio_uart_init
 .text.stdio_uart_init_full
                0x00000000100053d8       0x3c CMakeFiles/macropad1.dir/home/menadue/pico/pico-sdk/src/rp2_common/pico_stdio_uart/stdio_uart.c.obj
                0x00000000100053d8                stdio_uart_init_full
 .text.stdio_usb_set_chars_available_callback
                0x0000000010005414        0x4 CMakeFiles/macropad1.dir/home/menadue/pico/pico-sdk/src/rp2_common/pico_stdio_usb/stdio_usb.c.obj
                0x0000000010005414                stdio_usb_set_chars_available_callback
 .text.stdio_usb_in_chars
                0x0000000010005418       0x90 CMakeFiles/macropad1.dir/home/menadue/pico/pico-sdk/src/rp2_common/pico_stdio_usb/stdio_usb.c.obj
                0x0000000010005418                stdio_usb_in_chars
 .text.stdio_usb_out_flush
                0x00000000100054a8       0x50 CMakeFiles/macropad1.dir/home/menadue/pico/pico-sdk/src/rp2_common/pico_stdio_usb/stdio_usb.c.obj
 .text.stdio_usb_out_chars
                0x00000000100054f8      0x100 CMakeFiles/macropad1.dir/home/menadue/pico/pico-sdk/src/rp2_common/pico_stdio_usb/stdio_usb.c.obj
 .text.stdio_usb_init
                0x00000000100055f8       0x44 CMakeFiles/macropad1.dir/home/menadue/pico/pico-sdk/src/rp2_common/pico_stdio_usb/stdio_usb.c.obj
                0x00000000100055f8                stdio_usb_init
 .text.startup._retrieve_unique_id_on_boot
                0x000000001000563c       0x10 CMakeFiles/macropad1.dir/home/menadue/pico/pico-sdk/src/rp2_common/pico_unique_id/unique_id.c.obj
 .text.pico_get_unique_board_id
                0x000000001000564c       0x10 CMakeFiles/macropad1.dir/home/menadue/pico/pico-sdk/src/rp2_common/pico_unique_id/unique_id.c.obj
                0x000000001000564c                pico_get_unique_board_id
 .text.flash_get_unique_id
                0x000000001000565c       0x40 CMakeFiles/macropad1.dir/home/menadue/pico/pico-sdk/src/rp2_common/hardware_flash/flash.c.obj
                0x000000001000565c                flash_get_unique_id
 .text.dcd_init
                0x000000001000569c       0x8c CMakeFiles/macropad1.dir/home/menadue/pico/pico-sdk/lib/tinyusb/src/portable/raspberrypi/rp2040/dcd_rp2040.c.obj
                0x000000001000569c                dcd_init
 .text.dcd_int_enable
                0x0000000010005728        0xc CMakeFiles/macropad1.dir/home/menadue/pico/pico-sdk/lib/tinyusb/src/portable/raspberrypi/rp2040/dcd_rp2040.c.obj
                0x0000000010005728                dcd_int_enable
 .text.dcd_set_address
                0x0000000010005734       0x14 CMakeFiles/macropad1.dir/home/menadue/pico/pico-sdk/lib/tinyusb/src/portable/raspberrypi/rp2040/dcd_rp2040.c.obj
                0x0000000010005734                dcd_set_address
 .text.dcd_remote_wakeup
                0x0000000010005748       0x18 CMakeFiles/macropad1.dir/home/menadue/pico/pico-sdk/lib/tinyusb/src/portable/raspberrypi/rp2040/dcd_rp2040.c.obj
                0x0000000010005748                dcd_remote_wakeup
 .text.dcd_sof_enable
                0x0000000010005760       0x1c CMakeFiles/macropad1.dir/home/menadue/pico/pico-sdk/lib/tinyusb/src/portable/raspberrypi/rp2040/dcd_rp2040.c.obj
                0x0000000010005760                dcd_sof_enable
 .text.dcd_edpt0_status_complete
                0x000000001000577c       0x1c CMakeFiles/macropad1.dir/home/menadue/pico/pico-sdk/lib/tinyusb/src/portable/raspberrypi/rp2040/dcd_rp2040.c.obj
                0x000000001000577c                dcd_edpt0_status_complete
 .text.dcd_edpt_open
                0x0000000010005798      0x108 CMakeFiles/macropad1.dir/home/menadue/pico/pico-sdk/lib/tinyusb/src/portable/raspberrypi/rp2040/dcd_rp2040.c.obj
                0x0000000010005798                dcd_edpt_open
 .text.dcd_edpt_close_all
                0x00000000100058a0        0x8 CMakeFiles/macropad1.dir/home/menadue/pico/pico-sdk/lib/tinyusb/src/portable/raspberrypi/rp2040/dcd_rp2040.c.obj
                0x00000000100058a0                dcd_edpt_close_all
 .text.dcd_edpt_xfer
                0x00000000100058a8       0x24 CMakeFiles/macropad1.dir/home/menadue/pico/pico-sdk/lib/tinyusb/src/portable/raspberrypi/rp2040/dcd_rp2040.c.obj
                0x00000000100058a8                dcd_edpt_xfer
 .text.dcd_edpt_stall
                0x00000000100058cc       0x38 CMakeFiles/macropad1.dir/home/menadue/pico/pico-sdk/lib/tinyusb/src/portable/raspberrypi/rp2040/dcd_rp2040.c.obj
                0x00000000100058cc                dcd_edpt_stall
 .text.dcd_edpt_clear_stall
                0x0000000010005904       0x30 CMakeFiles/macropad1.dir/home/menadue/pico/pico-sdk/lib/tinyusb/src/portable/raspberrypi/rp2040/dcd_rp2040.c.obj
                0x0000000010005904                dcd_edpt_clear_stall
 .text.rp2040_usb_init
                0x0000000010005934       0x40 CMakeFiles/macropad1.dir/home/menadue/pico/pico-sdk/lib/tinyusb/src/portable/raspberrypi/rp2040/rp2040_usb.c.obj
                0x0000000010005934                rp2040_usb_init
 .text.hw_endpoint_xfer_start
                0x0000000010005974       0x50 CMakeFiles/macropad1.dir/home/menadue/pico/pico-sdk/lib/tinyusb/src/portable/raspberrypi/rp2040/rp2040_usb.c.obj
                0x0000000010005974                hw_endpoint_xfer_start
 .text.tud_vendor_control_xfer_cb
                0x00000000100059c4        0x4 CMakeFiles/macropad1.dir/home/menadue/pico/pico-sdk/lib/tinyusb/src/device/usbd.c.obj
                0x00000000100059c4                tud_vendor_control_xfer_cb
 .text.tud_event_hook_cb
                0x00000000100059c8        0x4 CMakeFiles/macropad1.dir/home/menadue/pico/pico-sdk/lib/tinyusb/src/device/usbd.c.obj
                0x00000000100059c8                tud_event_hook_cb
 .text.tud_sof_cb
                0x00000000100059cc        0x4 CMakeFiles/macropad1.dir/home/menadue/pico/pico-sdk/lib/tinyusb/src/device/usbd.c.obj
                0x00000000100059cc                tud_sof_cb
 .text.tud_descriptor_bos_cb
                0x00000000100059d0        0x4 CMakeFiles/macropad1.dir/home/menadue/pico/pico-sdk/lib/tinyusb/src/device/usbd.c.obj
                0x00000000100059d0                tud_descriptor_bos_cb
 .text.tud_descriptor_device_qualifier_cb
                0x00000000100059d4        0x4 CMakeFiles/macropad1.dir/home/menadue/pico/pico-sdk/lib/tinyusb/src/device/usbd.c.obj
                0x00000000100059d4                tud_descriptor_device_qualifier_cb
 .text.tud_descriptor_other_speed_configuration_cb
                0x00000000100059d8        0x4 CMakeFiles/macropad1.dir/home/menadue/pico/pico-sdk/lib/tinyusb/src/device/usbd.c.obj
                0x00000000100059d8                tud_descriptor_other_speed_configuration_cb
 .text.tud_mount_cb
                0x00000000100059dc        0x4 CMakeFiles/macropad1.dir/home/menadue/pico/pico-sdk/lib/tinyusb/src/device/usbd.c.obj
                0x00000000100059dc                tud_mount_cb
 .text.tud_umount_cb
                0x00000000100059e0        0x4 CMakeFiles/macropad1.dir/home/menadue/pico/pico-sdk/lib/tinyusb/src/device/usbd.c.obj
                0x00000000100059e0                tud_umount_cb
 .text.tud_suspend_cb
                0x00000000100059e4        0x4 CMakeFiles/macropad1.dir/home/menadue/pico/pico-sdk/lib/tinyusb/src/device/usbd.c.obj
                0x00000000100059e4                tud_suspend_cb
 .text.tud_resume_cb
                0x00000000100059e8        0x4 CMakeFiles/macropad1.dir/home/menadue/pico/pico-sdk/lib/tinyusb/src/device/usbd.c.obj
                0x00000000100059e8                tud_resume_cb
 .text.tud_mounted
                0x00000000100059ec       0x10 CMakeFiles/macropad1.dir/home/menadue/pico/pico-sdk/lib/tinyusb/src/device/usbd.c.obj
                0x00000000100059ec                tud_mounted
 .text.tud_suspended
                0x00000000100059fc       0x10 CMakeFiles/macropad1.dir/home/menadue/pico/pico-sdk/lib/tinyusb/src/device/usbd.c.obj
                0x00000000100059fc                tud_suspended
 .text.tud_remote_wakeup
                0x0000000010005a0c       0x30 CMakeFiles/macropad1.dir/home/menadue/pico/pico-sdk/lib/tinyusb/src/device/usbd.c.obj
                0x0000000010005a0c                tud_remote_wakeup
 .text.tud_init
                0x0000000010005a3c       0xe4 CMakeFiles/macropad1.dir/home/menadue/pico/pico-sdk/lib/tinyusb/src/device/usbd.c.obj
                0x0000000010005a3c                tud_init
 .text.tud_task_ext
                0x0000000010005b20      0x800 CMakeFiles/macropad1.dir/home/menadue/pico/pico-sdk/lib/tinyusb/src/device/usbd.c.obj
                0x0000000010005b20                tud_task_ext
 .text.usbd_open_edpt_pair
                0x0000000010006320       0x9c CMakeFiles/macropad1.dir/home/menadue/pico/pico-sdk/lib/tinyusb/src/device/usbd.c.obj
                0x0000000010006320                usbd_open_edpt_pair
 .text.usbd_edpt_open
                0x00000000100063bc       0x34 CMakeFiles/macropad1.dir/home/menadue/pico/pico-sdk/lib/tinyusb/src/device/usbd.c.obj
                0x00000000100063bc                usbd_edpt_open
 .text.usbd_edpt_claim
                0x00000000100063f0       0x28 CMakeFiles/macropad1.dir/home/menadue/pico/pico-sdk/lib/tinyusb/src/device/usbd.c.obj
                0x00000000100063f0                usbd_edpt_claim
 .text.usbd_edpt_release
                0x0000000010006418       0x28 CMakeFiles/macropad1.dir/home/menadue/pico/pico-sdk/lib/tinyusb/src/device/usbd.c.obj
                0x0000000010006418                usbd_edpt_release
 .text.usbd_edpt_xfer
                0x0000000010006440       0x4c CMakeFiles/macropad1.dir/home/menadue/pico/pico-sdk/lib/tinyusb/src/device/usbd.c.obj
                0x0000000010006440                usbd_edpt_xfer
 .text.usbd_edpt_busy
                0x000000001000648c       0x1c CMakeFiles/macropad1.dir/home/menadue/pico/pico-sdk/lib/tinyusb/src/device/usbd.c.obj
                0x000000001000648c                usbd_edpt_busy
 .text.usbd_edpt_stall
                0x00000000100064a8       0x38 CMakeFiles/macropad1.dir/home/menadue/pico/pico-sdk/lib/tinyusb/src/device/usbd.c.obj
                0x00000000100064a8                usbd_edpt_stall
 .text.usbd_edpt_stalled
                0x00000000100064e0       0x1c CMakeFiles/macropad1.dir/home/menadue/pico/pico-sdk/lib/tinyusb/src/device/usbd.c.obj
                0x00000000100064e0                usbd_edpt_stalled
 .text.tud_control_status
                0x00000000100064fc       0x30 CMakeFiles/macropad1.dir/home/menadue/pico/pico-sdk/lib/tinyusb/src/device/usbd_control.c.obj
                0x00000000100064fc                tud_control_status
 .text.tud_control_xfer
                0x000000001000652c       0xbc CMakeFiles/macropad1.dir/home/menadue/pico/pico-sdk/lib/tinyusb/src/device/usbd_control.c.obj
                0x000000001000652c                tud_control_xfer
 .text.usbd_control_reset
                0x00000000100065e8       0x14 CMakeFiles/macropad1.dir/home/menadue/pico/pico-sdk/lib/tinyusb/src/device/usbd_control.c.obj
                0x00000000100065e8                usbd_control_reset
 .text.usbd_control_set_complete_callback
                0x00000000100065fc        0xc CMakeFiles/macropad1.dir/home/menadue/pico/pico-sdk/lib/tinyusb/src/device/usbd_control.c.obj
                0x00000000100065fc                usbd_control_set_complete_callback
 .text.usbd_control_set_request
                0x0000000010006608       0x1c CMakeFiles/macropad1.dir/home/menadue/pico/pico-sdk/lib/tinyusb/src/device/usbd_control.c.obj
                0x0000000010006608                usbd_control_set_request
 .text.usbd_control_xfer_cb
                0x0000000010006624       0xf0 CMakeFiles/macropad1.dir/home/menadue/pico/pico-sdk/lib/tinyusb/src/device/usbd_control.c.obj
                0x0000000010006624                usbd_control_xfer_cb
 .text._prep_out_transaction.isra.0
                0x0000000010006714       0x5c CMakeFiles/macropad1.dir/home/menadue/pico/pico-sdk/lib/tinyusb/src/class/cdc/cdc_device.c.obj
 .text.tud_cdc_n_connected
                0x0000000010006770       0x34 CMakeFiles/macropad1.dir/home/menadue/pico/pico-sdk/lib/tinyusb/src/class/cdc/cdc_device.c.obj
                0x0000000010006770                tud_cdc_n_connected
 .text.tud_cdc_n_available
                0x00000000100067a4       0x20 CMakeFiles/macropad1.dir/home/menadue/pico/pico-sdk/lib/tinyusb/src/class/cdc/cdc_device.c.obj
                0x00000000100067a4                tud_cdc_n_available
 .text.tud_cdc_n_read
                0x00000000100067c4       0xa4 CMakeFiles/macropad1.dir/home/menadue/pico/pico-sdk/lib/tinyusb/src/class/cdc/cdc_device.c.obj
                0x00000000100067c4                tud_cdc_n_read
 .text.tud_cdc_n_write_flush
                0x0000000010006868       0x78 CMakeFiles/macropad1.dir/home/menadue/pico/pico-sdk/lib/tinyusb/src/class/cdc/cdc_device.c.obj
                0x0000000010006868                tud_cdc_n_write_flush
 .text.tud_cdc_n_write
                0x00000000100068e0       0x48 CMakeFiles/macropad1.dir/home/menadue/pico/pico-sdk/lib/tinyusb/src/class/cdc/cdc_device.c.obj
                0x00000000100068e0                tud_cdc_n_write
 .text.tud_cdc_n_write_available
                0x0000000010006928       0x20 CMakeFiles/macropad1.dir/home/menadue/pico/pico-sdk/lib/tinyusb/src/class/cdc/cdc_device.c.obj
                0x0000000010006928                tud_cdc_n_write_available
 .text.cdcd_init
                0x0000000010006948       0x74 CMakeFiles/macropad1.dir/home/menadue/pico/pico-sdk/lib/tinyusb/src/class/cdc/cdc_device.c.obj
                0x0000000010006948                cdcd_init
 .text.cdcd_deinit
                0x00000000100069bc       0x24 CMakeFiles/macropad1.dir/home/menadue/pico/pico-sdk/lib/tinyusb/src/class/cdc/cdc_device.c.obj
                0x00000000100069bc                cdcd_deinit
 .text.cdcd_reset
                0x00000000100069e0       0x4c CMakeFiles/macropad1.dir/home/menadue/pico/pico-sdk/lib/tinyusb/src/class/cdc/cdc_device.c.obj
                0x00000000100069e0                cdcd_reset
 .text.cdcd_open
                0x0000000010006a2c       0xb4 CMakeFiles/macropad1.dir/home/menadue/pico/pico-sdk/lib/tinyusb/src/class/cdc/cdc_device.c.obj
                0x0000000010006a2c                cdcd_open
 .text.cdcd_control_xfer_cb
                0x0000000010006ae0       0xe4 CMakeFiles/macropad1.dir/home/menadue/pico/pico-sdk/lib/tinyusb/src/class/cdc/cdc_device.c.obj
                0x0000000010006ae0                cdcd_control_xfer_cb
 .text.cdcd_xfer_cb
                0x0000000010006bc4       0xfc CMakeFiles/macropad1.dir/home/menadue/pico/pico-sdk/lib/tinyusb/src/class/cdc/cdc_device.c.obj
                0x0000000010006bc4                cdcd_xfer_cb
 .text.proc_read10_cmd.constprop.0
                0x0000000010006cc0       0xf0 CMakeFiles/macropad1.dir/home/menadue/pico/pico-sdk/lib/tinyusb/src/class/msc/msc_device.c.obj
 .text.proc_write10_cmd.constprop.0
                0x0000000010006db0       0x8c CMakeFiles/macropad1.dir/home/menadue/pico/pico-sdk/lib/tinyusb/src/class/msc/msc_device.c.obj
 .text.tud_msc_set_sense
                0x0000000010006e3c       0x18 CMakeFiles/macropad1.dir/home/menadue/pico/pico-sdk/lib/tinyusb/src/class/msc/msc_device.c.obj
                0x0000000010006e3c                tud_msc_set_sense
 .text.mscd_init
                0x0000000010006e54       0x14 CMakeFiles/macropad1.dir/home/menadue/pico/pico-sdk/lib/tinyusb/src/class/msc/msc_device.c.obj
                0x0000000010006e54                mscd_init
 .text.mscd_reset
                0x0000000010006e68       0x14 CMakeFiles/macropad1.dir/home/menadue/pico/pico-sdk/lib/tinyusb/src/class/msc/msc_device.c.obj
                0x0000000010006e68                mscd_reset
 .text.mscd_open
                0x0000000010006e7c       0x64 CMakeFiles/macropad1.dir/home/menadue/pico/pico-sdk/lib/tinyusb/src/class/msc/msc_device.c.obj
                0x0000000010006e7c                mscd_open
 .text.mscd_control_xfer_cb
                0x0000000010006ee0      0x13c CMakeFiles/macropad1.dir/home/menadue/pico/pico-sdk/lib/tinyusb/src/class/msc/msc_device.c.obj
                0x0000000010006ee0                mscd_control_xfer_cb
 .text.mscd_xfer_cb
                0x000000001000701c      0x75c CMakeFiles/macropad1.dir/home/menadue/pico/pico-sdk/lib/tinyusb/src/class/msc/msc_device.c.obj
                0x000000001000701c                mscd_xfer_cb
 .text.tu_edpt_claim
                0x0000000010007778       0x50 CMakeFiles/macropad1.dir/home/menadue/pico/pico-sdk/lib/tinyusb/src/tusb.c.obj
                0x0000000010007778                tu_edpt_claim
 .text.tu_edpt_release
                0x00000000100077c8       0x38 CMakeFiles/macropad1.dir/home/menadue/pico/pico-sdk/lib/tinyusb/src/tusb.c.obj
                0x00000000100077c8                tu_edpt_release
 .text.tu_edpt_validate
                0x0000000010007800       0x78 CMakeFiles/macropad1.dir/home/menadue/pico/pico-sdk/lib/tinyusb/src/tusb.c.obj
                0x0000000010007800                tu_edpt_validate
 .text.tu_edpt_bind_driver
                0x0000000010007878       0x34 CMakeFiles/macropad1.dir/home/menadue/pico/pico-sdk/lib/tinyusb/src/tusb.c.obj
                0x0000000010007878                tu_edpt_bind_driver
 .text.tu_fifo_config
                0x00000000100078ac       0x70 CMakeFiles/macropad1.dir/home/menadue/pico/pico-sdk/lib/tinyusb/src/common/tusb_fifo.c.obj
                0x00000000100078ac                tu_fifo_config
 .text.tu_fifo_count
                0x000000001000791c       0x2c CMakeFiles/macropad1.dir/home/menadue/pico/pico-sdk/lib/tinyusb/src/common/tusb_fifo.c.obj
                0x000000001000791c                tu_fifo_count
 .text.tu_fifo_empty
                0x0000000010007948       0x10 CMakeFiles/macropad1.dir/home/menadue/pico/pico-sdk/lib/tinyusb/src/common/tusb_fifo.c.obj
                0x0000000010007948                tu_fifo_empty
 .text.tu_fifo_remaining
                0x0000000010007958       0x2c CMakeFiles/macropad1.dir/home/menadue/pico/pico-sdk/lib/tinyusb/src/common/tusb_fifo.c.obj
                0x0000000010007958                tu_fifo_remaining
 .text.tu_fifo_read
                0x0000000010007984       0xa0 CMakeFiles/macropad1.dir/home/menadue/pico/pico-sdk/lib/tinyusb/src/common/tusb_fifo.c.obj
                0x0000000010007984                tu_fifo_read
 .text.tu_fifo_read_n
                0x0000000010007a24       0xec CMakeFiles/macropad1.dir/home/menadue/pico/pico-sdk/lib/tinyusb/src/common/tusb_fifo.c.obj
                0x0000000010007a24                tu_fifo_read_n
 .text.tu_fifo_write
                0x0000000010007b10       0x88 CMakeFiles/macropad1.dir/home/menadue/pico/pico-sdk/lib/tinyusb/src/common/tusb_fifo.c.obj
                0x0000000010007b10                tu_fifo_write
 .text.tu_fifo_write_n
                0x0000000010007b98      0x168 CMakeFiles/macropad1.dir/home/menadue/pico/pico-sdk/lib/tinyusb/src/common/tusb_fifo.c.obj
                0x0000000010007b98                tu_fifo_write_n
 .text.tu_fifo_clear
                0x0000000010007d00       0x40 CMakeFiles/macropad1.dir/home/menadue/pico/pico-sdk/lib/tinyusb/src/common/tusb_fifo.c.obj
                0x0000000010007d00                tu_fifo_clear
 .text.tu_fifo_set_overwritable
                0x0000000010007d40       0x48 CMakeFiles/macropad1.dir/home/menadue/pico/pico-sdk/lib/tinyusb/src/common/tusb_fifo.c.obj
                0x0000000010007d40                tu_fifo_set_overwritable
 .text.adc_init
                0x0000000010007d88       0x38 CMakeFiles/macropad1.dir/home/menadue/pico/pico-sdk/src/rp2_common/hardware_adc/adc.c.obj
                0x0000000010007d88                adc_init
 .text.i2c_set_baudrate
                0x0000000010007dc0       0xc0 CMakeFiles/macropad1.dir/home/menadue/pico/pico-sdk/src/rp2_common/hardware_i2c/i2c.c.obj
                0x0000000010007dc0                i2c_set_baudrate
 .text.i2c_init
                0x0000000010007e80       0x54 CMakeFiles/macropad1.dir/home/menadue/pico/pico-sdk/src/rp2_common/hardware_i2c/i2c.c.obj
                0x0000000010007e80                i2c_init
 .text.i2c_write_blocking
                0x0000000010007ed4       0xd0 CMakeFiles/macropad1.dir/home/menadue/pico/pico-sdk/src/rp2_common/hardware_i2c/i2c.c.obj
                0x0000000010007ed4                i2c_write_blocking
 .text.i2c_read_blocking
                0x0000000010007fa4       0xac CMakeFiles/macropad1.dir/home/menadue/pico/pico-sdk/src/rp2_common/hardware_i2c/i2c.c.obj
                0x0000000010007fa4                i2c_read_blocking
 .text.board_get_unique_id
                0x0000000010008050       0x24 CMakeFiles/macropad1.dir/home/menadue/pico/pico-sdk/lib/tinyusb/hw/bsp/rp2040/family.c.obj
                0x0000000010008050                board_get_unique_id
 .text.board_init
                0x0000000010008074       0x30 CMakeFiles/macropad1.dir/home/menadue/pico/pico-sdk/lib/tinyusb/hw/bsp/rp2040/family.c.obj
                0x0000000010008074                board_init
 .text.board_button_read
                0x00000000100080a4       0x10 CMakeFiles/macropad1.dir/home/menadue/pico/pico-sdk/lib/tinyusb/hw/bsp/rp2040/family.c.obj
                0x00000000100080a4                board_button_read
 .text          0x00000000100080b4       0xac /usr/lib/gcc/arm-none-eabi/10.3.1/../../../arm-none-eabi/lib/thumb/v6-m/nofp/libg.a(lib_a-memmove.o)
                0x00000000100080b4                memmove
 .text          0x0000000010008160       0x5c /usr/lib/gcc/arm-none-eabi/10.3.1/../../../arm-none-eabi/lib/thumb/v6-m/nofp/libg.a(lib_a-strlen-stub.o)
                0x0000000010008160                strlen
 *(.fini)
 .fini          0x00000000100081bc        0x4 /usr/lib/gcc/arm-none-eabi/10.3.1/thumb/v6-m/nofp/crti.o
                0x00000000100081bc                _fini
 .fini.__stub   0x00000000100081c0       0xe0 linker stubs
 *crtbegin.o(.ctors)
 *crtbegin?.o(.ctors)
 *(EXCLUDE_FILE(*crtend.o *crtend?.o) .ctors)
 *(SORT_BY_NAME(.ctors.*))
 *(.ctors)
 *crtbegin.o(.dtors)
 *crtbegin?.o(.dtors)
 *(EXCLUDE_FILE(*crtend.o *crtend?.o) .dtors)
 *(SORT_BY_NAME(.dtors.*))
 *(.dtors)
                0x00000000100082a0                . = ALIGN (0x4)
                0x00000000100082a0                PROVIDE (__preinit_array_start = .)
 *(SORT_BY_NAME(.preinit_array.*))
 .preinit_array.00100
                0x00000000100082a0        0x4 CMakeFiles/macropad1.dir/home/menadue/pico/pico-sdk/src/rp2_common/pico_runtime_init/runtime_init.c.obj
                0x00000000100082a0                __pre_init_runtime_init_early_resets
 .preinit_array.00101
                0x00000000100082a4        0x4 CMakeFiles/macropad1.dir/home/menadue/pico/pico-sdk/src/rp2_common/pico_runtime_init/runtime_init.c.obj
                0x00000000100082a4                __pre_init_runtime_init_usb_power_down
 .preinit_array.00275
                0x00000000100082a8        0x4 CMakeFiles/macropad1.dir/home/menadue/pico/pico-sdk/src/rp2_common/pico_bit_ops/bit_ops_aeabi.S.obj
 .preinit_array.00300
                0x00000000100082ac        0x4 CMakeFiles/macropad1.dir/home/menadue/pico/pico-sdk/src/rp2_common/pico_mem_ops/mem_ops_aeabi.S.obj
 .preinit_array.00350
                0x00000000100082b0        0x4 CMakeFiles/macropad1.dir/home/menadue/pico/pico-sdk/src/rp2_common/pico_double/double_aeabi_rp2040.S.obj
 .preinit_array.00350
                0x00000000100082b4        0x4 CMakeFiles/macropad1.dir/home/menadue/pico/pico-sdk/src/rp2_common/pico_float/float_aeabi_rp2040.S.obj
 .preinit_array.00500
                0x00000000100082b8        0x4 CMakeFiles/macropad1.dir/home/menadue/pico/pico-sdk/src/rp2_common/pico_runtime_init/runtime_init.c.obj
                0x00000000100082b8                __pre_init_runtime_init_clocks
 .preinit_array.00600
                0x00000000100082bc        0x4 CMakeFiles/macropad1.dir/home/menadue/pico/pico-sdk/src/rp2_common/pico_runtime_init/runtime_init.c.obj
                0x00000000100082bc                __pre_init_runtime_init_post_clock_resets
 .preinit_array.00700
                0x00000000100082c0        0x4 CMakeFiles/macropad1.dir/home/menadue/pico/pico-sdk/src/rp2_common/pico_runtime_init/runtime_init.c.obj
                0x00000000100082c0                __pre_init_runtime_init_rp2040_gpio_ie_disable
 .preinit_array.01000
                0x00000000100082c4        0x4 CMakeFiles/macropad1.dir/home/menadue/pico/pico-sdk/src/rp2_common/pico_runtime_init/runtime_init.c.obj
                0x00000000100082c4                __pre_init_runtime_init_spin_locks_reset
 .preinit_array.01100
                0x00000000100082c8        0x4 CMakeFiles/macropad1.dir/home/menadue/pico/pico-sdk/src/common/pico_sync/mutex.c.obj
                0x00000000100082c8                __pre_init_runtime_init_mutex
 .preinit_array.10080
                0x00000000100082cc        0x4 CMakeFiles/macropad1.dir/home/menadue/pico/pico-sdk/src/rp2_common/pico_runtime_init/runtime_init.c.obj
                0x00000000100082cc                __pre_init_runtime_init_install_ram_vector_table
 .preinit_array.11000
                0x00000000100082d0        0x4 CMakeFiles/macropad1.dir/home/menadue/pico/pico-sdk/src/common/pico_time/time.c.obj
                0x00000000100082d0                __pre_init_runtime_init_default_alarm_pool
 .preinit_array.YYYYY
                0x00000000100082d4        0x4 CMakeFiles/macropad1.dir/home/menadue/pico/pico-sdk/src/rp2_common/pico_runtime/runtime.c.obj
                0x00000000100082d4                __pre_init_first_per_core_initializer
 .preinit_array.ZZZZZ.01200
                0x00000000100082d8        0x4 CMakeFiles/macropad1.dir/home/menadue/pico/pico-sdk/src/rp2_common/hardware_irq/irq.c.obj
                0x00000000100082d8                __pre_init_runtime_init_per_core_irq_priorities
 *(.preinit_array)
                0x00000000100082dc                PROVIDE (__preinit_array_end = .)
                0x00000000100082dc                . = ALIGN (0x4)
                0x00000000100082dc                PROVIDE (__init_array_start = .)
 *(SORT_BY_NAME(.init_array.*))
 *(.init_array)
 .init_array    0x00000000100082dc        0x4 /usr/lib/gcc/arm-none-eabi/10.3.1/thumb/v6-m/nofp/crtbegin.o
 .init_array    0x00000000100082e0        0x4 CMakeFiles/macropad1.dir/home/menadue/pico/pico-sdk/src/rp2_common/pico_unique_id/unique_id.c.obj
                0x00000000100082e4                PROVIDE (__init_array_end = .)
                0x00000000100082e4                . = ALIGN (0x4)
                0x00000000100082e4                PROVIDE (__fini_array_start = .)
 *(SORT_BY_NAME(.fini_array.*))
 *(.fini_array)
                0x00000000100082e4                PROVIDE (__fini_array_end = .)
 *(.eh_frame*)
 .eh_frame      0x00000000100082e4        0x0 /usr/lib/gcc/arm-none-eabi/10.3.1/thumb/v6-m/nofp/crtbegin.o
                0x00000000100082e4                . = ALIGN (0x4)

.glue_7         0x00000000100082e4        0x0
 .glue_7        0x00000000100082e4        0x0 linker stubs

.glue_7t        0x00000000100082e4        0x0
 .glue_7t       0x00000000100082e4        0x0 linker stubs

.vfp11_veneer   0x00000000100082e4        0x0
 .vfp11_veneer  0x00000000100082e4        0x0 linker stubs

.v4_bx          0x00000000100082e4        0x0
 .v4_bx         0x00000000100082e4        0x0 linker stubs

.iplt           0x00000000100082e4        0x0
 .iplt          0x00000000100082e4        0x0 /usr/lib/gcc/arm-none-eabi/10.3.1/thumb/v6-m/nofp/crtbegin.o

.rodata         0x00000000100082e8      0x888
 *(EXCLUDE_FILE(*libm.a: *libc.a:*lib_a-mem*.o *libgcc.a:) .rodata*)
 .rodata.gpio_set_out.str1.4
                0x00000000100082e8       0x1b CMakeFiles/macropad1.dir/macropad1.c.obj
 *fill*         0x0000000010008303        0x1 
 .rodata.main.str1.4
                0x0000000010008304       0x14 CMakeFiles/macropad1.dir/macropad1.c.obj
 .rodata.PIN_MUX_A
                0x0000000010008318        0x4 CMakeFiles/macropad1.dir/macropad1.c.obj
                0x0000000010008318                PIN_MUX_A
 .rodata.PIN_MUX_B
                0x000000001000831c        0x4 CMakeFiles/macropad1.dir/macropad1.c.obj
                0x000000001000831c                PIN_MUX_B
 .rodata.PIN_MUX_C
                0x0000000010008320        0x4 CMakeFiles/macropad1.dir/macropad1.c.obj
                0x0000000010008320                PIN_MUX_C
 .rodata.col    0x0000000010008324       0x40 CMakeFiles/macropad1.dir/macropad1.c.obj
                0x0000000010008324                col
 .rodata.cli_read_adc.str1.4
                0x0000000010008364        0x8 CMakeFiles/macropad1.dir/serial.c.obj
 .rodata.serial_help.str1.4
                0x000000001000836c       0x2d CMakeFiles/macropad1.dir/serial.c.obj
 *fill*         0x0000000010008399        0x3 
 .rodata.cli_scan.str1.4
                0x000000001000839c       0x26 CMakeFiles/macropad1.dir/serial.c.obj
 *fill*         0x00000000100083c2        0x2 
 .rodata.serial_loop.str1.4
                0x00000000100083c4        0xa CMakeFiles/macropad1.dir/serial.c.obj
 *fill*         0x00000000100083ce        0x2 
 .rodata.str1.4
                0x00000000100083d0       0x8b CMakeFiles/macropad1.dir/serial.c.obj
 *fill*         0x000000001000845b        0x1 
 .rodata.i2c_init_il31.str1.4
                0x000000001000845c       0x5f CMakeFiles/macropad1.dir/i2c.c.obj
 *fill*         0x00000000100084bb        0x1 
 .rodata.__FUNCTION__.0
                0x00000000100084bc        0xe CMakeFiles/macropad1.dir/i2c.c.obj
 *fill*         0x00000000100084ca        0x2 
 .rodata.tud_descriptor_string_cb.str1.4
                0x00000000100084cc       0x11 CMakeFiles/macropad1.dir/usb_descriptors.c.obj
 *fill*         0x00000000100084dd        0x3 
 .rodata.str1.4
                0x00000000100084e0       0x30 CMakeFiles/macropad1.dir/usb_descriptors.c.obj
 .rodata.__compound_literal.0
                0x0000000010008510        0x2 CMakeFiles/macropad1.dir/usb_descriptors.c.obj
 *fill*         0x0000000010008512        0x2 
 .rodata.desc_device
                0x0000000010008514       0x12 CMakeFiles/macropad1.dir/usb_descriptors.c.obj
                0x0000000010008514                desc_device
 *fill*         0x0000000010008526        0x2 
 .rodata.desc_fs_configuration
                0x0000000010008528       0x62 CMakeFiles/macropad1.dir/usb_descriptors.c.obj
                0x0000000010008528                desc_fs_configuration
 *fill*         0x000000001000858a        0x2 
 .rodata.tud_msc_inquiry_cb.str1.4
                0x000000001000858c        0xd CMakeFiles/macropad1.dir/msc_disk.c.obj
                                         0x15 (size before relaxing)
 *fill*         0x0000000010008599        0x3 
 .rodata.hidd_control_xfer_cb
                0x000000001000859c       0x30 CMakeFiles/macropad1.dir/home/menadue/pico/pico-sdk/lib/tinyusb/src/class/hid/hid_device.c.obj
 .rodata.panic.str1.4
                0x00000000100085cc       0x12 CMakeFiles/macropad1.dir/home/menadue/pico/pico-sdk/src/rp2_common/pico_platform_panic/panic.c.obj
 *fill*         0x00000000100085de        0x2 
 .rodata.spin_lock_claim_unused.str1.4
                0x00000000100085e0       0x1b CMakeFiles/macropad1.dir/home/menadue/pico/pico-sdk/src/rp2_common/hardware_sync/sync.c.obj
 *fill*         0x00000000100085fb        0x1 
 .rodata.timer_hardware_alarm_claim.str1.4
                0x00000000100085fc       0x22 CMakeFiles/macropad1.dir/home/menadue/pico/pico-sdk/src/rp2_common/hardware_timer/timer.c.obj
 *fill*         0x000000001000861e        0x2 
 .rodata.hard_assertion_failure.str1.4
                0x0000000010008620        0xc CMakeFiles/macropad1.dir/home/menadue/pico/pico-sdk/src/rp2_common/pico_runtime/runtime.c.obj
 .rodata.str1.4
                0x000000001000862c       0x30 CMakeFiles/macropad1.dir/home/menadue/pico/pico-sdk/src/rp2_common/pico_standard_binary_info/standard_binary_info.c.obj
 .rodata.__bi_26
                0x000000001000865c        0xc CMakeFiles/macropad1.dir/home/menadue/pico/pico-sdk/src/rp2_common/pico_standard_binary_info/standard_binary_info.c.obj
 .rodata.__bi_34
                0x0000000010008668        0xc CMakeFiles/macropad1.dir/home/menadue/pico/pico-sdk/src/rp2_common/pico_standard_binary_info/standard_binary_info.c.obj
 .rodata.__bi_42
                0x0000000010008674        0xc CMakeFiles/macropad1.dir/home/menadue/pico/pico-sdk/src/rp2_common/pico_standard_binary_info/standard_binary_info.c.obj
 .rodata.__bi_48
                0x0000000010008680        0xc CMakeFiles/macropad1.dir/home/menadue/pico/pico-sdk/src/rp2_common/pico_standard_binary_info/standard_binary_info.c.obj
 .rodata.__bi_54
                0x000000001000868c        0xc CMakeFiles/macropad1.dir/home/menadue/pico/pico-sdk/src/rp2_common/pico_standard_binary_info/standard_binary_info.c.obj
 .rodata.__bi_84
                0x0000000010008698        0xc CMakeFiles/macropad1.dir/home/menadue/pico/pico-sdk/src/rp2_common/pico_standard_binary_info/standard_binary_info.c.obj
 .rodata._ftoa.str1.4
                0x00000000100086a4       0x15 CMakeFiles/macropad1.dir/home/menadue/pico/pico-sdk/src/rp2_common/pico_printf/printf.c.obj
 *fill*         0x00000000100086b9        0x3 
 .rodata._vsnprintf
                0x00000000100086bc      0x1e0 CMakeFiles/macropad1.dir/home/menadue/pico/pico-sdk/src/rp2_common/pico_printf/printf.c.obj
 *fill*         0x000000001000889c        0x4 
 .rodata.pow10.0
                0x00000000100088a0       0x50 CMakeFiles/macropad1.dir/home/menadue/pico/pico-sdk/src/rp2_common/pico_printf/printf.c.obj
 .rodata.crlf_str.0
                0x00000000100088f0        0x2 CMakeFiles/macropad1.dir/home/menadue/pico/pico-sdk/src/rp2_common/pico_stdio/stdio.c.obj
 *fill*         0x00000000100088f2        0x2 
 .rodata.str1.4
                0x00000000100088f4       0x2c CMakeFiles/macropad1.dir/home/menadue/pico/pico-sdk/src/rp2_common/pico_stdio_uart/stdio_uart.c.obj
 .rodata.__bi_45.4
                0x0000000010008920        0xc CMakeFiles/macropad1.dir/home/menadue/pico/pico-sdk/src/rp2_common/pico_stdio_uart/stdio_uart.c.obj
 .rodata.__bi_49.5
                0x000000001000892c        0x8 CMakeFiles/macropad1.dir/home/menadue/pico/pico-sdk/src/rp2_common/pico_stdio_uart/stdio_uart.c.obj
 .rodata.__bi_50.6
                0x0000000010008934        0x8 CMakeFiles/macropad1.dir/home/menadue/pico/pico-sdk/src/rp2_common/pico_stdio_uart/stdio_uart.c.obj
 .rodata.str1.4
                0x000000001000893c       0x13 CMakeFiles/macropad1.dir/home/menadue/pico/pico-sdk/src/rp2_common/pico_stdio_usb/stdio_usb.c.obj
 *fill*         0x000000001000894f        0x1 
 .rodata.__bi_197.0
                0x0000000010008950        0xc CMakeFiles/macropad1.dir/home/menadue/pico/pico-sdk/src/rp2_common/pico_stdio_usb/stdio_usb.c.obj
 .rodata.str1.4
                0x000000001000895c       0x14 CMakeFiles/macropad1.dir/home/menadue/pico/pico-sdk/lib/tinyusb/src/portable/raspberrypi/rp2040/dcd_rp2040.c.obj
 .rodata.str1.4
                0x0000000010008970       0x48 CMakeFiles/macropad1.dir/home/menadue/pico/pico-sdk/lib/tinyusb/src/portable/raspberrypi/rp2040/rp2040_usb.c.obj
 .rodata.tud_task_ext
                0x00000000100089b8       0x8c CMakeFiles/macropad1.dir/home/menadue/pico/pico-sdk/lib/tinyusb/src/device/usbd.c.obj
 .rodata        0x0000000010008a44       0x1c CMakeFiles/macropad1.dir/home/menadue/pico/pico-sdk/lib/tinyusb/src/device/usbd.c.obj
 .rodata._usbd_driver
                0x0000000010008a60       0x60 CMakeFiles/macropad1.dir/home/menadue/pico/pico-sdk/lib/tinyusb/src/device/usbd.c.obj
 .rodata.mscd_xfer_cb
                0x0000000010008ac0       0x98 CMakeFiles/macropad1.dir/home/menadue/pico/pico-sdk/lib/tinyusb/src/class/msc/msc_device.c.obj
 .rodata.str1.4
                0x0000000010008b58        0x4 CMakeFiles/macropad1.dir/home/menadue/pico/pico-sdk/lib/tinyusb/hw/bsp/rp2040/family.c.obj
 .rodata.__bi_147.0
                0x0000000010008b5c        0xc CMakeFiles/macropad1.dir/home/menadue/pico/pico-sdk/lib/tinyusb/hw/bsp/rp2040/family.c.obj
 .rodata.__bi_157.1
                0x0000000010008b68        0x8 CMakeFiles/macropad1.dir/home/menadue/pico/pico-sdk/lib/tinyusb/hw/bsp/rp2040/family.c.obj
                0x0000000010008b70                . = ALIGN (0x4)
 *(SORT_BY_ALIGNMENT(SORT_BY_NAME(.flashdata*)))
                0x0000000010008b70                . = ALIGN (0x4)

.ARM.extab
 *(.ARM.extab* .gnu.linkonce.armextab.*)
                0x0000000010008b70                __exidx_start = .

.ARM.exidx
 *(.ARM.exidx* .gnu.linkonce.armexidx.*)
                0x0000000010008b70                __exidx_end = .
                0x0000000010008b70                . = ALIGN (0x4)
                0x0000000010008b70                __binary_info_start = .

.binary_info    0x0000000010008b70       0x30
 *(.binary_info.keep.*)
 .binary_info.keep.__bi_ptr26
                0x0000000010008b70        0x4 CMakeFiles/macropad1.dir/home/menadue/pico/pico-sdk/src/rp2_common/pico_standard_binary_info/standard_binary_info.c.obj
 .binary_info.keep.__bi_ptr34
                0x0000000010008b74        0x4 CMakeFiles/macropad1.dir/home/menadue/pico/pico-sdk/src/rp2_common/pico_standard_binary_info/standard_binary_info.c.obj
 .binary_info.keep.__bi_ptr42
                0x0000000010008b78        0x4 CMakeFiles/macropad1.dir/home/menadue/pico/pico-sdk/src/rp2_common/pico_standard_binary_info/standard_binary_info.c.obj
 .binary_info.keep.__bi_ptr48
                0x0000000010008b7c        0x4 CMakeFiles/macropad1.dir/home/menadue/pico/pico-sdk/src/rp2_common/pico_standard_binary_info/standard_binary_info.c.obj
 .binary_info.keep.__bi_ptr54
                0x0000000010008b80        0x4 CMakeFiles/macropad1.dir/home/menadue/pico/pico-sdk/src/rp2_common/pico_standard_binary_info/standard_binary_info.c.obj
 .binary_info.keep.__bi_ptr84
                0x0000000010008b84        0x4 CMakeFiles/macropad1.dir/home/menadue/pico/pico-sdk/src/rp2_common/pico_standard_binary_info/standard_binary_info.c.obj
 .binary_info.keep.__bi_ptr147
                0x0000000010008b88        0x4 CMakeFiles/macropad1.dir/home/menadue/pico/pico-sdk/lib/tinyusb/hw/bsp/rp2040/family.c.obj
 .binary_info.keep.__bi_ptr157
                0x0000000010008b8c        0x4 CMakeFiles/macropad1.dir/home/menadue/pico/pico-sdk/lib/tinyusb/hw/bsp/rp2040/family.c.obj
 *(.binary_info.*)
 .binary_info.__bi_ptr45
                0x0000000010008b90        0x4 CMakeFiles/macropad1.dir/home/menadue/pico/pico-sdk/src/rp2_common/pico_stdio_uart/stdio_uart.c.obj
 .binary_info.__bi_ptr49
                0x0000000010008b94        0x4 CMakeFiles/macropad1.dir/home/menadue/pico/pico-sdk/src/rp2_common/pico_stdio_uart/stdio_uart.c.obj
 .binary_info.__bi_ptr50
                0x0000000010008b98        0x4 CMakeFiles/macropad1.dir/home/menadue/pico/pico-sdk/src/rp2_common/pico_stdio_uart/stdio_uart.c.obj
 .binary_info.__bi_ptr197
                0x0000000010008b9c        0x4 CMakeFiles/macropad1.dir/home/menadue/pico/pico-sdk/src/rp2_common/pico_stdio_usb/stdio_usb.c.obj
                0x0000000010008ba0                __binary_info_end = .

.rel.dyn        0x0000000010008ba0        0x0
 .rel.iplt      0x0000000010008ba0        0x0 /usr/lib/gcc/arm-none-eabi/10.3.1/thumb/v6-m/nofp/crtbegin.o
                0x0000000010008ba0                . = ALIGN (0x4)

.ram_vector_table
                0x0000000020000000       0xc0
 *(.ram_vector_table)
 .ram_vector_table
                0x0000000020000000       0xc0 CMakeFiles/macropad1.dir/home/menadue/pico/pico-sdk/src/rp2_common/pico_runtime_init/runtime_init.c.obj
                0x0000000020000000                ram_vector_table

.uninitialized_data
                0x00000000200000c0        0x0
                0x00000000200000c0                . = ALIGN (0x4)
 *(.uninitialized_data*)

.data           0x00000000200000c0     0x3178 load address 0x0000000010008ba0
                0x00000000200000c0                __data_start__ = .
 *(vtable)
 *(.time_critical*)
 .time_critical.mutex_try_enter_block_until
                0x00000000200000c0       0x9c CMakeFiles/macropad1.dir/home/menadue/pico/pico-sdk/src/common/pico_sync/mutex.c.obj
                0x00000000200000c0                mutex_try_enter_block_until
 .time_critical.mutex_enter_timeout_ms
                0x000000002000015c       0x90 CMakeFiles/macropad1.dir/home/menadue/pico/pico-sdk/src/common/pico_sync/mutex.c.obj
                0x000000002000015c                mutex_enter_timeout_ms
 .time_critical.mutex_exit
                0x00000000200001ec       0x28 CMakeFiles/macropad1.dir/home/menadue/pico/pico-sdk/src/common/pico_sync/mutex.c.obj
                0x00000000200001ec                mutex_exit
 .time_critical.flash_init_boot2_copyout
                0x0000000020000214       0x30 CMakeFiles/macropad1.dir/home/menadue/pico/pico-sdk/src/rp2_common/hardware_flash/flash.c.obj
 .time_critical.flash_enable_xip_via_boot2
                0x0000000020000244       0x10 CMakeFiles/macropad1.dir/home/menadue/pico/pico-sdk/src/rp2_common/hardware_flash/flash.c.obj
 .time_critical.flash_cs_force
                0x0000000020000254       0x38 CMakeFiles/macropad1.dir/home/menadue/pico/pico-sdk/src/rp2_common/hardware_flash/flash.c.obj
 .time_critical.flash_do_cmd
                0x000000002000028c       0xc4 CMakeFiles/macropad1.dir/home/menadue/pico/pico-sdk/src/rp2_common/hardware_flash/flash.c.obj
                0x000000002000028c                flash_do_cmd
 .time_critical.reset_non_control_endpoints
                0x0000000020000350       0xbc CMakeFiles/macropad1.dir/home/menadue/pico/pico-sdk/lib/tinyusb/src/portable/raspberrypi/rp2040/dcd_rp2040.c.obj
 .time_critical.hw_handle_buff_status
                0x000000002000040c       0xa8 CMakeFiles/macropad1.dir/home/menadue/pico/pico-sdk/lib/tinyusb/src/portable/raspberrypi/rp2040/dcd_rp2040.c.obj
 .time_critical.dcd_rp2040_irq
                0x00000000200004b4      0x554 CMakeFiles/macropad1.dir/home/menadue/pico/pico-sdk/lib/tinyusb/src/portable/raspberrypi/rp2040/dcd_rp2040.c.obj
 .time_critical.prepare_ep_buffer
                0x0000000020000a08       0xf4 CMakeFiles/macropad1.dir/home/menadue/pico/pico-sdk/lib/tinyusb/src/portable/raspberrypi/rp2040/rp2040_usb.c.obj
 .time_critical.sync_ep_buffer
                0x0000000020000afc       0xb4 CMakeFiles/macropad1.dir/home/menadue/pico/pico-sdk/lib/tinyusb/src/portable/raspberrypi/rp2040/rp2040_usb.c.obj
 .time_critical._hw_endpoint_xfer_sync
                0x0000000020000bb0       0x28 CMakeFiles/macropad1.dir/home/menadue/pico/pico-sdk/lib/tinyusb/src/portable/raspberrypi/rp2040/rp2040_usb.c.obj
 .time_critical.e15_is_bulkin_ep
                0x0000000020000bd8       0x28 CMakeFiles/macropad1.dir/home/menadue/pico/pico-sdk/lib/tinyusb/src/portable/raspberrypi/rp2040/rp2040_usb.c.obj
 .time_critical.e15_is_critical_frame_period
                0x0000000020000c00       0x34 CMakeFiles/macropad1.dir/home/menadue/pico/pico-sdk/lib/tinyusb/src/portable/raspberrypi/rp2040/rp2040_usb.c.obj
 .time_critical.hw_endpoint_reset_transfer
                0x0000000020000c34        0xc CMakeFiles/macropad1.dir/home/menadue/pico/pico-sdk/lib/tinyusb/src/portable/raspberrypi/rp2040/rp2040_usb.c.obj
                0x0000000020000c34                hw_endpoint_reset_transfer
 .time_critical._hw_endpoint_buffer_control_update32
                0x0000000020000c40       0x50 CMakeFiles/macropad1.dir/home/menadue/pico/pico-sdk/lib/tinyusb/src/portable/raspberrypi/rp2040/rp2040_usb.c.obj
                0x0000000020000c40                _hw_endpoint_buffer_control_update32
 .time_critical.hw_endpoint_start_next_buffer
                0x0000000020000c90       0x6c CMakeFiles/macropad1.dir/home/menadue/pico/pico-sdk/lib/tinyusb/src/portable/raspberrypi/rp2040/rp2040_usb.c.obj
                0x0000000020000c90                hw_endpoint_start_next_buffer
 .time_critical.hw_endpoint_xfer_continue
                0x0000000020000cfc       0x40 CMakeFiles/macropad1.dir/home/menadue/pico/pico-sdk/lib/tinyusb/src/portable/raspberrypi/rp2040/rp2040_usb.c.obj
                0x0000000020000cfc                hw_endpoint_xfer_continue
 .time_critical.tinyusb
                0x0000000020000d3c      0x1f0 CMakeFiles/macropad1.dir/home/menadue/pico/pico-sdk/lib/tinyusb/src/device/usbd.c.obj
                0x0000000020000d3c                dcd_event_handler
 .time_critical.get_bootsel_button
                0x0000000020000f2c       0x60 CMakeFiles/macropad1.dir/home/menadue/pico/pico-sdk/lib/tinyusb/hw/bsp/rp2040/family.c.obj
                0x0000000020000f2c                get_bootsel_button
 *(.text*)
 .text          0x0000000020000f8c        0x4 /usr/lib/gcc/arm-none-eabi/10.3.1/thumb/v6-m/nofp/libgcc.a(_dvmd_tls.o)
                0x0000000020000f8c                __aeabi_ldiv0
                0x0000000020000f8c                __aeabi_idiv0
 .text.__stub   0x0000000020000f90       0x80 linker stubs
                0x0000000020001010                . = ALIGN (0x4)
 *(.rodata*)
                0x0000000020001010                . = ALIGN (0x4)
 *(.data*)
 .data.serial_cmds
                0x0000000020001010      0x120 CMakeFiles/macropad1.dir/serial.c.obj
                0x0000000020001010                serial_cmds
 .data.string_desc_arr
                0x0000000020001130       0x18 CMakeFiles/macropad1.dir/usb_descriptors.c.obj
                0x0000000020001130                string_desc_arr
 .data.msc_disk
                0x0000000020001148     0x2000 CMakeFiles/macropad1.dir/msc_disk.c.obj
                0x0000000020001148                msc_disk
 .data.striped_spin_lock_num
                0x0000000020003148        0x1 CMakeFiles/macropad1.dir/home/menadue/pico/pico-sdk/src/rp2_common/hardware_sync/sync.c.obj
 *fill*         0x0000000020003149        0x3 
 .data          0x000000002000314c       0x48 CMakeFiles/macropad1.dir/home/menadue/pico/pico-sdk/src/rp2_common/hardware_irq/irq_handler_chain.S.obj
                0x000000002000314c                irq_handler_chain_slots
                0x000000002000317c                irq_handler_chain_first_slot
                0x0000000020003186                irq_handler_chain_remove_tail
 .data.default_alarm_pool
                0x0000000020003194       0x18 CMakeFiles/macropad1.dir/home/menadue/pico/pico-sdk/src/common/pico_time/time.c.obj
 *fill*         0x00000000200031ac        0x4 
 .data.aeabi_bits_funcs
                0x00000000200031b0       0x10 CMakeFiles/macropad1.dir/home/menadue/pico/pico-sdk/src/rp2_common/pico_bit_ops/bit_ops_aeabi.S.obj
                0x00000000200031b0                aeabi_bits_funcs
                0x00000000200031c0                aeabi_bits_funcs_end
 .data.aeabi_mem_funcs
                0x00000000200031c0       0x10 CMakeFiles/macropad1.dir/home/menadue/pico/pico-sdk/src/rp2_common/pico_mem_ops/mem_ops_aeabi.S.obj
                0x00000000200031c0                aeabi_mem_funcs
                0x00000000200031d0                aeabi_mem_funcs_end
 .data.stdio_uart
                0x00000000200031d0       0x18 CMakeFiles/macropad1.dir/home/menadue/pico/pico-sdk/src/rp2_common/pico_stdio_uart/stdio_uart.c.obj
                0x00000000200031d0                stdio_uart
 .data.stdio_usb
                0x00000000200031e8       0x18 CMakeFiles/macropad1.dir/home/menadue/pico/pico-sdk/src/rp2_common/pico_stdio_usb/stdio_usb.c.obj
                0x00000000200031e8                stdio_usb
 .data._usbd_qdef
                0x0000000020003200       0x1c CMakeFiles/macropad1.dir/home/menadue/pico/pico-sdk/lib/tinyusb/src/device/usbd.c.obj
                0x0000000020003200                _usbd_qdef
 .data._usbd_rhport
                0x000000002000321c        0x1 CMakeFiles/macropad1.dir/home/menadue/pico/pico-sdk/lib/tinyusb/src/device/usbd.c.obj
 *fill*         0x000000002000321d        0x3 
 .data.i2c0_inst
                0x0000000020003220        0x8 CMakeFiles/macropad1.dir/home/menadue/pico/pico-sdk/src/rp2_common/hardware_i2c/i2c.c.obj
                0x0000000020003220                i2c0_inst
 .data.i2c1_inst
                0x0000000020003228        0x8 CMakeFiles/macropad1.dir/home/menadue/pico/pico-sdk/src/rp2_common/hardware_i2c/i2c.c.obj
                0x0000000020003228                i2c1_inst
                0x0000000020003230                . = ALIGN (0x4)
 *(.after_data.*)
                0x0000000020003230                . = ALIGN (0x4)
                0x0000000020003230                PROVIDE (__mutex_array_start = .)
 *(SORT_BY_NAME(.mutex_array.*))
 *(.mutex_array)
 .mutex_array   0x0000000020003230        0x8 CMakeFiles/macropad1.dir/home/menadue/pico/pico-sdk/src/rp2_common/pico_stdio/stdio.c.obj
                0x0000000020003238                PROVIDE (__mutex_array_end = .)
                0x0000000020003238                . = ALIGN (0x4)
 *(.jcr)
                0x0000000020003238                . = ALIGN (0x4)

.tm_clone_table
                0x0000000020003238        0x0 load address 0x000000001000bd18
 .tm_clone_table
                0x0000000020003238        0x0 /usr/lib/gcc/arm-none-eabi/10.3.1/thumb/v6-m/nofp/crtbegin.o
 .tm_clone_table
                0x0000000020003238        0x0 /usr/lib/gcc/arm-none-eabi/10.3.1/thumb/v6-m/nofp/crtend.o

.igot.plt       0x0000000020003238        0x0 load address 0x000000001000bd18
 .igot.plt      0x0000000020003238        0x0 /usr/lib/gcc/arm-none-eabi/10.3.1/thumb/v6-m/nofp/crtbegin.o

.tdata          0x0000000020003238        0x0 load address 0x000000001000bd18
                0x0000000020003238                . = ALIGN (0x4)
 *(.tdata .tdata.* .gnu.linkonce.td.*)
                0x0000000020003238                __tdata_end = .
                0x0000000020003238                PROVIDE (__data_end__ = .)
                0x0000000010008ba0                __etext = LOADADDR (.data)

.tbss           0x0000000020003238        0x0 load address 0x000000001000bd18
                0x0000000020003238                . = ALIGN (0x4)
                0x0000000020003238                __bss_start__ = .
                0x0000000020003238                __tls_base = .
 *(.tbss .tbss.* .gnu.linkonce.tb.*)
 *(.tcommon)
                0x0000000020003238                __tls_end = .

.bss            0x0000000020003238      0xf50 load address 0x000000001000bd18
                0x0000000020003238                . = ALIGN (0x4)
                0x0000000020003238                __tbss_end = .
 *(SORT_BY_ALIGNMENT(SORT_BY_NAME(.bss*)))
 .bss.default_alarm_pool_entries
                0x0000000020003238      0x180 CMakeFiles/macropad1.dir/home/menadue/pico/pico-sdk/src/common/pico_time/time.c.obj
 .bss.last_avail_time.1
                0x00000000200033b8        0x8 CMakeFiles/macropad1.dir/home/menadue/pico/pico-sdk/src/rp2_common/pico_stdio_usb/stdio_usb.c.obj
 .bss.sd_table  0x00000000200033c0      0x100 CMakeFiles/macropad1.dir/home/menadue/pico/pico-sdk/src/rp2_common/pico_double/double_init_rom_rp2040.c.obj
                0x00000000200033c0                sd_table
 .bss.sf_table  0x00000000200034c0      0x100 CMakeFiles/macropad1.dir/home/menadue/pico/pico-sdk/src/rp2_common/pico_float/float_init_rom_rp2040.c.obj
                0x00000000200034c0                sf_table
 .bss           0x00000000200035c0       0x1c /usr/lib/gcc/arm-none-eabi/10.3.1/thumb/v6-m/nofp/crtbegin.o
 .bss._app_driver
                0x00000000200035dc        0x4 CMakeFiles/macropad1.dir/home/menadue/pico/pico-sdk/lib/tinyusb/src/device/usbd.c.obj
 .bss._cdcd_fifo_cfg
                0x00000000200035e0        0x1 CMakeFiles/macropad1.dir/home/menadue/pico/pico-sdk/lib/tinyusb/src/class/cdc/cdc_device.c.obj
 *fill*         0x00000000200035e1        0x3 
 .bss._cdcd_itf
                0x00000000200035e4      0x148 CMakeFiles/macropad1.dir/home/menadue/pico/pico-sdk/lib/tinyusb/src/class/cdc/cdc_device.c.obj
 .bss._ctrl_xfer
                0x000000002000372c       0x14 CMakeFiles/macropad1.dir/home/menadue/pico/pico-sdk/lib/tinyusb/src/device/usbd_control.c.obj
 .bss._desc_str
                0x0000000020003740       0x42 CMakeFiles/macropad1.dir/usb_descriptors.c.obj
 *fill*         0x0000000020003782        0x2 
 .bss._hidd_itf
                0x0000000020003784       0xcc CMakeFiles/macropad1.dir/home/menadue/pico/pico-sdk/lib/tinyusb/src/class/hid/hid_device.c.obj
 .bss._mscd_buf
                0x0000000020003850      0x200 CMakeFiles/macropad1.dir/home/menadue/pico/pico-sdk/lib/tinyusb/src/class/msc/msc_device.c.obj
 .bss._mscd_itf
                0x0000000020003a50       0x40 CMakeFiles/macropad1.dir/home/menadue/pico/pico-sdk/lib/tinyusb/src/class/msc/msc_device.c.obj
 .bss._ubsd_mutexdef
                0x0000000020003a90        0x8 CMakeFiles/macropad1.dir/home/menadue/pico/pico-sdk/lib/tinyusb/src/device/usbd.c.obj
 .bss._usbd_ctrl_buf
                0x0000000020003a98       0x40 CMakeFiles/macropad1.dir/home/menadue/pico/pico-sdk/lib/tinyusb/src/device/usbd_control.c.obj
 .bss._usbd_dev
                0x0000000020003ad8       0x54 CMakeFiles/macropad1.dir/home/menadue/pico/pico-sdk/lib/tinyusb/src/device/usbd.c.obj
 .bss._usbd_mutex
                0x0000000020003b2c        0x4 CMakeFiles/macropad1.dir/home/menadue/pico/pico-sdk/lib/tinyusb/src/device/usbd.c.obj